Component: ARM Compiler 5.06 update 6 (build 750) Tool: armlink [4d35ed]

==============================================================================

Section Cross References

    startup_stm32l151xba.o(RESET) refers to startup_stm32l151xba.o(STACK) for __initial_sp
    startup_stm32l151xba.o(RESET) refers to startup_stm32l151xba.o(.text) for Reset_Handler
    startup_stm32l151xba.o(RESET) refers to stm32l1xx_it.o(i.NMI_Handler) for NMI_Handler
    startup_stm32l151xba.o(RESET) refers to stm32l1xx_it.o(i.HardFault_Handler) for HardFault_Handler
    startup_stm32l151xba.o(RESET) refers to stm32l1xx_it.o(i.MemManage_Handler) for MemManage_Handler
    startup_stm32l151xba.o(RESET) refers to stm32l1xx_it.o(i.BusFault_Handler) for BusFault_Handler
    startup_stm32l151xba.o(RESET) refers to stm32l1xx_it.o(i.UsageFault_Handler) for UsageFault_Handler
    startup_stm32l151xba.o(RESET) refers to stm32l1xx_it.o(i.SVC_Handler) for SVC_Handler
    startup_stm32l151xba.o(RESET) refers to stm32l1xx_it.o(i.DebugMon_Handler) for DebugMon_Handler
    startup_stm32l151xba.o(RESET) refers to stm32l1xx_it.o(i.PendSV_Handler) for PendSV_Handler
    startup_stm32l151xba.o(RESET) refers to stm32l1xx_it.o(i.SysTick_Handler) for SysTick_Handler
    startup_stm32l151xba.o(RESET) refers to stm32l1xx_it.o(i.USB_LP_IRQHandler) for USB_LP_IRQHandler
    startup_stm32l151xba.o(RESET) refers to stm32l1xx_it.o(i.TIM11_IRQHandler) for TIM11_IRQHandler
    startup_stm32l151xba.o(RESET) refers to stm32l1xx_it.o(i.EXTI15_10_IRQHandler) for EXTI15_10_IRQHandler
    startup_stm32l151xba.o(.text) refers to system_stm32l1xx.o(i.SystemInit) for SystemInit
    startup_stm32l151xba.o(.text) refers to entry.o(.ARM.Collect$$$$00000000) for __main
    main.o(i.HAL_GPIO_EXTI_Callback) refers to sx127x_driver.o(i.DIO0_GetState) for DIO0_GetState
    main.o(i.HAL_GPIO_EXTI_Callback) refers to sx127x_driver.o(i.SX127X_Read) for SX127X_Read
    main.o(i.HAL_GPIO_EXTI_Callback) refers to sx127x_driver.o(i.SX127X_Write) for SX127X_Write
    main.o(i.HAL_GPIO_EXTI_Callback) refers to sx127x_driver.o(i.DIO0_EnableInterrupt) for DIO0_EnableInterrupt
    main.o(i.HAL_GPIO_EXTI_Callback) refers to sx127x_driver.o(i.SX127X_StartRx) for SX127X_StartRx
    main.o(i.HAL_GPIO_EXTI_Callback) refers to main.o(.data) for .data
    main.o(i.HAL_TIM_PeriodElapsedCallback) refers to stm32l1xx_hal_gpio.o(i.HAL_GPIO_TogglePin) for HAL_GPIO_TogglePin
    main.o(i.HAL_TIM_PeriodElapsedCallback) refers to main.o(.bss) for .bss
    main.o(i.HAL_TIM_PeriodElapsedCallback) refers to main.o(.data) for .data
    main.o(i.MX_GPIO_Init) refers to memseta.o(.text) for __aeabi_memclr4
    main.o(i.MX_GPIO_Init) refers to stm32l1xx_hal_gpio.o(i.HAL_GPIO_WritePin) for HAL_GPIO_WritePin
    main.o(i.MX_GPIO_Init) refers to stm32l1xx_hal_gpio.o(i.HAL_GPIO_Init) for HAL_GPIO_Init
    main.o(i.MX_GPIO_Init) refers to stm32l1xx_hal_cortex.o(i.HAL_NVIC_SetPriority) for HAL_NVIC_SetPriority
    main.o(i.MX_GPIO_Init) refers to stm32l1xx_hal_cortex.o(i.HAL_NVIC_EnableIRQ) for HAL_NVIC_EnableIRQ
    main.o(i.MX_SPI1_Init) refers to stm32l1xx_hal_spi.o(i.HAL_SPI_Init) for HAL_SPI_Init
    main.o(i.MX_SPI1_Init) refers to main.o(.bss) for .bss
    main.o(i.MX_TIM11_Init_Ms) refers to stm32l1xx_hal_tim.o(i.HAL_TIM_Base_Init) for HAL_TIM_Base_Init
    main.o(i.MX_TIM11_Init_Ms) refers to stm32l1xx_hal_tim.o(i.HAL_TIM_ConfigClockSource) for HAL_TIM_ConfigClockSource
    main.o(i.MX_TIM11_Init_Ms) refers to stm32l1xx_hal_tim_ex.o(i.HAL_TIMEx_MasterConfigSynchronization) for HAL_TIMEx_MasterConfigSynchronization
    main.o(i.MX_TIM11_Init_Ms) refers to main.o(.bss) for .bss
    main.o(i.SystemClock_Config) refers to memseta.o(.text) for __aeabi_memclr4
    main.o(i.SystemClock_Config) refers to stm32l1xx_hal_rcc.o(i.HAL_RCC_OscConfig) for HAL_RCC_OscConfig
    main.o(i.SystemClock_Config) refers to stm32l1xx_hal_rcc.o(i.HAL_RCC_ClockConfig) for HAL_RCC_ClockConfig
    main.o(i.main) refers to stm32l1xx_hal.o(i.HAL_Init) for HAL_Init
    main.o(i.main) refers to main.o(i.SystemClock_Config) for SystemClock_Config
    main.o(i.main) refers to main.o(i.MX_GPIO_Init) for MX_GPIO_Init
    main.o(i.main) refers to main.o(i.MX_SPI1_Init) for MX_SPI1_Init
    main.o(i.main) refers to stm32l1xx_hal_tim.o(i.HAL_TIM_Base_Init) for HAL_TIM_Base_Init
    main.o(i.main) refers to stm32l1xx_hal_tim.o(i.HAL_TIM_ConfigClockSource) for HAL_TIM_ConfigClockSource
    main.o(i.main) refers to usb_device.o(i.MX_USB_DEVICE_Init) for MX_USB_DEVICE_Init
    main.o(i.main) refers to sx127x_driver.o(i.SX127X_Lora_init) for SX127X_Lora_init
    main.o(i.main) refers to stm32l1xx_hal_tim.o(i.HAL_TIM_Base_Stop_IT) for HAL_TIM_Base_Stop_IT
    main.o(i.main) refers to sx127x_driver.o(i.DIO0_EnableInterrupt) for DIO0_EnableInterrupt
    main.o(i.main) refers to sx127x_driver.o(i.SX127X_StartRx) for SX127X_StartRx
    main.o(i.main) refers to stm32l1xx_hal.o(i.HAL_Delay) for HAL_Delay
[...]
    i.DHT11_start                            0x080005f4   Section        0  dht11.o(i.DHT11_start)
    i.DIO0_DisableInterrupt                  0x08000630   Section        0  sx127x_driver.o(i.DIO0_DisableInterrupt)
    i.DIO0_EnableInterrupt                   0x08000634   Section        0  sx127x_driver.o(i.DIO0_EnableInterrupt)
    i.DIO0_GetState                          0x08000638   Section        0  sx127x_driver.o(i.DIO0_GetState)
    i.DebugMon_Handler                       0x0800063c   Section        0  stm32l1xx_it.o(i.DebugMon_Handler)
    i.EXTI15_10_IRQHandler                   0x0800063e   Section        0  stm32l1xx_it.o(i.EXTI15_10_IRQHandler)
    i.Error_Handler                          0x0800065c   Section        0  main.o(i.Error_Handler)
    i.HAL_Delay                              0x08000660   Section        0  stm32l1xx_hal.o(i.HAL_Delay)
    i.HAL_GPIO_EXTI_Callback                 0x08000684   Section        0  main.o(i.HAL_GPIO_EXTI_Callback)
    i.HAL_GPIO_EXTI_IRQHandler               0x080006c4   Section        0  stm32l1xx_hal_gpio.o(i.HAL_GPIO_EXTI_IRQHandler)
    i.HAL_GPIO_Init                          0x080006dc   Section        0  stm32l1xx_hal_gpio.o(i.HAL_GPIO_Init)
    i.HAL_GPIO_ReadPin                       0x08000868   Section        0  stm32l1xx_hal_gpio.o(i.HAL_GPIO_ReadPin)
    i.HAL_GPIO_TogglePin                     0x08000872   Section        0  stm32l1xx_hal_gpio.o(i.HAL_GPIO_TogglePin)
    i.HAL_GPIO_WritePin                      0x0800087e   Section        0  stm32l1xx_hal_gpio.o(i.HAL_GPIO_WritePin)
    i.HAL_GetTick                            0x08000888   Section        0  stm32l1xx_hal.o(i.HAL_GetTick)
    i.HAL_IncTick                            0x08000894   Section        0  stm32l1xx_hal.o(i.HAL_IncTick)
    i.HAL_Init                               0x080008a4   Section        0  stm32l1xx_hal.o(i.HAL_Init)
    i.HAL_InitTick                           0x080008c4   Section        0  stm32l1xx_hal.o(i.HAL_InitTick)
    i.HAL_MspInit                            0x08000908   Section        0  stm32l1xx_hal_msp.o(i.HAL_MspInit)
    i.HAL_NVIC_DisableIRQ                    0x08000944   Section        0  stm32l1xx_hal_cortex.o(i.HAL_NVIC_DisableIRQ)
    i.HAL_NVIC_EnableIRQ                     0x08000966   Section        0  stm32l1xx_hal_cortex.o(i.HAL_NVIC_EnableIRQ)
    i.HAL_NVIC_SetPriority                   0x08000980   Section        0  stm32l1xx_hal_cortex.o(i.HAL_NVIC_SetPriority)
    i.HAL_NVIC_SetPriorityGrouping           0x080009c0   Section        0  stm32l1xx_hal_cortex.o(i.HAL_NVIC_SetPriorityGrouping)
    i.HAL_PCDEx_PMAConfig                    0x080009e4   Section        0  stm32l1xx_hal_pcd_ex.o(i.HAL_PCDEx_PMAConfig)
    i.HAL_PCDEx_SetConnectionState           0x08000a18   Section        0  stm32l1xx_hal_pcd_ex.o(i.HAL_PCDEx_SetConnectionState)
    i.HAL_PCD_DataInStageCallback            0x08000a1a   Section        0  usbd_conf.o(i.HAL_PCD_DataInStageCallback)
    i.HAL_PCD_DataOutStageCallback           0x08000a28   Section        0  usbd_conf.o(i.HAL_PCD_DataOutStageCallback)
    i.HAL_PCD_EP_Close                       0x08000a38   Section        0  stm32l1xx_hal_pcd.o(i.HAL_PCD_EP_Close)
    i.HAL_PCD_EP_ClrStall                    0x08000a80   Section        0  stm32l1xx_hal_pcd.o(i.HAL_PCD_EP_ClrStall)
    i.HAL_PCD_EP_GetRxCount                  0x08000ad8   Section        0  stm32l1xx_hal_pcd.o(i.HAL_PCD_EP_GetRxCount)
    i.HAL_PCD_EP_Open                        0x08000ae6   Section        0  stm32l1xx_hal_pcd.o(i.HAL_PCD_EP_Open)
    i.HAL_PCD_EP_Receive                     0x08000b42   Section        0  stm32l1xx_hal_pcd.o(i.HAL_PCD_EP_Receive)
    i.HAL_PCD_EP_SetStall                    0x08000b70   Section        0  stm32l1xx_hal_pcd.o(i.HAL_PCD_EP_SetStall)
    i.HAL_PCD_EP_Transmit                    0x08000bda   Section        0  stm32l1xx_hal_pcd.o(i.HAL_PCD_EP_Transmit)
    i.HAL_PCD_IRQHandler                     0x08000c04   Section        0  stm32l1xx_hal_pcd.o(i.HAL_PCD_IRQHandler)
    i.HAL_PCD_Init                           0x08000d10   Section        0  stm32l1xx_hal_pcd.o(i.HAL_PCD_Init)
    i.HAL_PCD_MspInit                        0x08000db0   Section        0  usbd_conf.o(i.HAL_PCD_MspInit)
    i.HAL_PCD_ResetCallback                  0x08000dec   Section        0  usbd_conf.o(i.HAL_PCD_ResetCallback)
    i.HAL_PCD_ResumeCallback                 0x08000e12   Section        0  usbd_conf.o(i.HAL_PCD_ResumeCallback)
    i.HAL_PCD_SOFCallback                    0x08000e1a   Section        0  usbd_conf.o(i.HAL_PCD_SOFCallback)
    i.HAL_PCD_SetAddress                     0x08000e22   Section        0  stm32l1xx_hal_pcd.o(i.HAL_PCD_SetAddress)
    i.HAL_PCD_SetupStageCallback             0x08000e4a   Section        0  usbd_conf.o(i.HAL_PCD_SetupStageCallback)
    i.HAL_PCD_Start                          0x08000e58   Section        0  stm32l1xx_hal_pcd.o(i.HAL_PCD_Start)
    i.HAL_PCD_SuspendCallback                0x08000e8c   Section        0  usbd_conf.o(i.HAL_PCD_SuspendCallback)
    i.HAL_RCC_ClockConfig                    0x08000eb0   Section        0  stm32l1xx_hal_rcc.o(i.HAL_RCC_ClockConfig)
    i.HAL_RCC_GetSysClockFreq                0x08001054   Section        0  stm32l1xx_hal_rcc.o(i.HAL_RCC_GetSysClockFreq)
    i.HAL_RCC_OscConfig                      0x080010b4   Section        0  stm32l1xx_hal_rcc.o(i.HAL_RCC_OscConfig)
    i.HAL_SPI_Init                           0x080014dc   Section        0  stm32l1xx_hal_spi.o(i.HAL_SPI_Init)
    i.HAL_SPI_MspInit                        0x08001550   Section        0  stm32l1xx_hal_msp.o(i.HAL_SPI_MspInit)
    i.HAL_SPI_TransmitReceive                0x080015b8   Section        0  stm32l1xx_hal_spi.o(i.HAL_SPI_TransmitReceive)
    i.HAL_SYSTICK_Config                     0x0800179a   Section        0  stm32l1xx_hal_cortex.o(i.HAL_SYSTICK_Config)
    i.HAL_TIM_Base_Init                      0x080017c2   Section        0  stm32l1xx_hal_tim.o(i.HAL_TIM_Base_Init)
    i.HAL_TIM_Base_MspInit                   0x080017f8   Section        0  stm32l1xx_hal_msp.o(i.HAL_TIM_Base_MspInit)
    i.HAL_TIM_Base_Start                     0x0800184c   Section        0  stm32l1xx_hal_tim.o(i.HAL_TIM_Base_Start)
    i.HAL_TIM_Base_Stop                      0x08001870   Section        0  stm32l1xx_hal_tim.o(i.HAL_TIM_Base_Stop)
    i.HAL_TIM_Base_Stop_IT                   0x08001894   Section        0  stm32l1xx_hal_tim.o(i.HAL_TIM_Base_Stop_IT)
    i.HAL_TIM_ConfigClockSource              0x080018b6   Section        0  stm32l1xx_hal_tim.o(i.HAL_TIM_ConfigClockSource)
    i.HAL_TIM_IC_CaptureCallback             0x0800198c   Section        0  stm32l1xx_hal_tim.o(i.HAL_TIM_IC_CaptureCallback)
    i.HAL_TIM_IRQHandler                     0x0800198e   Section        0  stm32l1xx_hal_tim.o(i.HAL_TIM_IRQHandler)
    i.HAL_TIM_OC_DelayElapsedCallback        0x08001ab4   Section        0  stm32l1xx_hal_tim.o(i.HAL_TIM_OC_DelayElapsedCallback)
    i.HAL_TIM_PWM_PulseFinishedCallback      0x08001ab6   Section        0  stm32l1xx_hal_tim.o(i.HAL_TIM_PWM_PulseFinishedCallback)
    i.HAL_TIM_PeriodElapsedCallback          0x08001ab8   Section        0  main.o(i.HAL_TIM_PeriodElapsedCallback)
    i.HAL_TIM_TriggerCallback                0x08001adc   Section        0  stm32l1xx_hal_tim.o(i.HAL_TIM_TriggerCallback)
    i.HardFault_Handler                      0x08001ade   Section        0  stm32l1xx_it.o(i.HardFault_Handler)
    i.IntToUnicode                           0x08001ae0   Section        0  usbd_desc.o(i.IntToUnicode)
    IntToUnicode                             0x08001ae1   Thumb Code    56  usbd_desc.o(i.IntToUnicode)
    i.LoRaConfig_Check                       0x08001b18   Section        0  sx127x_driver.o(i.LoRaConfig_Check)
    i.MX_GPIO_Init                           0x08001bf8   Section        0  main.o(i.MX_GPIO_Init)
    MX_GPIO_Init                             0x08001bf9   Thumb Code   224  main.o(i.MX_GPIO_Init)
    i.MX_SPI1_Init                           0x08001ce8   Section        0  main.o(i.MX_SPI1_Init)
    MX_SPI1_Init                             0x08001ce9   Thumb Code    44  main.o(i.MX_SPI1_Init)
    i.MX_USB_DEVICE_Init                     0x08001d1c   Section        0  usb_device.o(i.MX_USB_DEVICE_Init)
    i.MemManage_Handler                      0x08001d70   Section        0  stm32l1xx_it.o(i.MemManage_Handler)
    i.NMI_Handler                            0x08001d72   Section        0  stm32l1xx_it.o(i.NMI_Handler)
    i.PCD_EP_ISR_Handler                     0x08001d74   Section        0  stm32l1xx_hal_pcd.o(i.PCD_EP_ISR_Handler)
    PCD_EP_ISR_Handler                       0x08001d75   Thumb Code   708  stm32l1xx_hal_pcd.o(i.PCD_EP_ISR_Handler)
    i.PendSV_Handler                         0x08002038   Section        0  stm32l1xx_it.o(i.PendSV_Handler)
    i.RCC_SetFlashLatencyFromMSIRange        0x0800203c   Section        0  stm32l1xx_hal_rcc.o(i.RCC_SetFlashLatencyFromMSIRange)
    RCC_SetFlashLatencyFromMSIRange          0x0800203d   Thumb Code   116  stm32l1xx_hal_rcc.o(i.RCC_SetFlashLatencyFromMSIRange)
    i.Read_DHT11                             0x080020bc   Section        0  dht11.o(i.Read_DHT11)
    i.SPI_EndRxTxTransaction                 0x08002124   Section        0  stm32l1xx_hal_spi.o(i.SPI_EndRxTxTransaction)
    SPI_EndRxTxTransaction                   0x08002125   Thumb Code    64  stm32l1xx_hal_spi.o(i.SPI_EndRxTxTransaction)
    i.SPI_WaitFlagStateUntilTimeout          0x08002164   Section        0  stm32l1xx_hal_spi.o(i.SPI_WaitFlagStateUntilTimeout)
    SPI_WaitFlagStateUntilTimeout            0x08002165   Thumb Code   148  stm32l1xx_hal_spi.o(i.SPI_WaitFlagStateUntilTimeout)
    i.SVC_Handler                            0x080021f8   Section        0  stm32l1xx_it.o(i.SVC_Handler)
    i.SX127XWriteRxTx                        0x080021fa   Section        0  sx127x_driver.o(i.SX127XWriteRxTx)
    i.SX127X_DIO0_GetState                   0x08002218   Section        0  sx127x_hal.o(i.SX127X_DIO0_GetState)
    i.SX127X_DIO0_INPUT                      0x08002228   Section        0  sx127x_hal.o(i.SX127X_DIO0_INPUT)
    i.SX127X_DIO0_INTDISABLE                 0x08002270   Section        0  sx127x_hal.o(i.SX127X_DIO0_INTDISABLE)
    i.SX127X_DIO0_INTENABLE                  0x08002276   Section        0  sx127x_hal.o(i.SX127X_DIO0_INTENABLE)
    i.SX127X_DIO1_INPUT                      0x0800227c   Section        0  sx127x_hal.o(i.SX127X_DIO1_INPUT)
    i.SX127X_DIO2_INPUT                      0x080022bc   Section        0  sx127x_hal.o(i.SX127X_DIO2_INPUT)
    i.SX127X_FreqSet                         0x080022fc   Section        0  sx127x_driver.o(i.SX127X_FreqSet)
    i.SX127X_InitIo                          0x080023a0   Section        0  sx127x_driver.o(i.SX127X_InitIo)
    i.SX127X_Lora_init                       0x080023c8   Section        0  sx127x_driver.o(i.SX127X_Lora_init)
    i.SX127X_NSS_OUTPUT                      0x080024cc   Section        0  sx127x_hal.o(i.SX127X_NSS_OUTPUT)
    i.SX127X_PoutSet                         0x080024dc   Section        0  sx127x_driver.o(i.SX127X_PoutSet)
    i.SX127X_RESET_OUTPUT                    0x08002538   Section        0  sx127x_hal.o(i.SX127X_RESET_OUTPUT)
    i.SX127X_RXE_OUTPUT                      0x08002580   Section        0  sx127x_hal.o(i.SX127X_RXE_OUTPUT)
    i.SX127X_Read                            0x080025c8   Section        0  sx127x_driver.o(i.SX127X_Read)
    i.SX127X_ReadBuffer                      0x080025ce   Section        0  sx127x_hal.o(i.SX127X_ReadBuffer)
    i.SX127X_ReadFifo                        0x08002602   Section        0  sx127x_driver.o(i.SX127X_ReadFifo)
    i.SX127X_ReadWriteByte                   0x0800260c   Section        0  sx127x_hal.o(i.SX127X_ReadWriteByte)
    i.SX127X_Reset                           0x0800262c   Section        0  sx127x_driver.o(i.SX127X_Reset)
    i.SX127X_RxPacket                        0x0800264c   Section        0  sx127x_driver.o(i.SX127X_RxPacket)
    i.SX127X_SPIGPIO_Init                    0x080026d8   Section        0  sx127x_hal.o(i.SX127X_SPIGPIO_Init)
    i.SX127X_SPI_Init                        0x080026fc   Section        0  sx127x_hal.o(i.SX127X_SPI_Init)
    i.SX127X_StandbyMode                     0x08002748   Section        0  sx127x_driver.o(i.SX127X_StandbyMode)
    i.SX127X_StartRx                         0x08002750   Section        0  sx127x_driver.o(i.SX127X_StartRx)
    i.SX127X_TXE_OUTPUT                      0x080027ac   Section        0  sx127x_hal.o(i.SX127X_TXE_OUTPUT)
    i.SX127X_TxPacket                        0x080027f4   Section        0  sx127x_driver.o(i.SX127X_TxPacket)
    i.SX127X_Write                           0x0800285c   Section        0  sx127x_driver.o(i.SX127X_Write)
    i.SX127X_WriteBuffer                     0x08002868   Section        0  sx127x_hal.o(i.SX127X_WriteBuffer)
    i.Set_Pin_Input                          0x0800289a   Section        0  dht11.o(i.Set_Pin_Input)
    i.Set_Pin_Output                         0x080028c0   Section        0  dht11.o(i.Set_Pin_Output)
    i.SysTick_Handler                        0x080028e6   Section        0  stm32l1xx_it.o(i.SysTick_Handler)
    i.SystemClock_Config                     0x080028ec   Section        0  main.o(i.SystemClock_Config)
    i.SystemInit                             0x0800294c   Section        0  system_stm32l1xx.o(i.SystemInit)
    i.TIM11_IRQHandler                       0x0800299c   Section        0  stm32l1xx_it.o(i.TIM11_IRQHandler)
    i.TIM_Base_SetConfig                     0x080029a8   Section        0  stm32l1xx_hal_tim.o(i.TIM_Base_SetConfig)
    TIM_Base_SetConfig                       0x080029a9   Thumb Code    94  stm32l1xx_hal_tim.o(i.TIM_Base_SetConfig)
    i.TIM_ETR_SetConfig                      0x08002a1c   Section        0  stm32l1xx_hal_tim.o(i.TIM_ETR_SetConfig)
    TIM_ETR_SetConfig                        0x08002a1d   Thumb Code    20  stm32l1xx_hal_tim.o(i.TIM_ETR_SetConfig)
    i.TIM_ITRx_SetConfig                     0x08002a30   Section        0  stm32l1xx_hal_tim.o(i.TIM_ITRx_SetConfig)
    TIM_ITRx_SetConfig                       0x08002a31   Thumb Code    16  stm32l1xx_hal_tim.o(i.TIM_ITRx_SetConfig)
    i.TIM_TI1_ConfigInputStage               0x08002a40   Section        0  stm32l1xx_hal_tim.o(i.TIM_TI1_ConfigInputStage)
    TIM_TI1_ConfigInputStage                 0x08002a41   Thumb Code    34  stm32l1xx_hal_tim.o(i.TIM_TI1_ConfigInputStage)
    i.TIM_TI2_ConfigInputStage               0x08002a62   Section        0  stm32l1xx_hal_tim.o(i.TIM_TI2_ConfigInputStage)
    TIM_TI2_ConfigInputStage                 0x08002a63   Thumb Code    36  stm32l1xx_hal_tim.o(i.TIM_TI2_ConfigInputStage)
    i.USBD_CDC_DataIn                        0x08002a86   Section        0  usbd_cdc.o(i.USBD_CDC_DataIn)
    USBD_CDC_DataIn                          0x08002a87   Thumb Code    70  usbd_cdc.o(i.USBD_CDC_DataIn)
    i.USBD_CDC_DataOut                       0x08002acc   Section        0  usbd_cdc.o(i.USBD_CDC_DataOut)
    USBD_CDC_DataOut                         0x08002acd   Thumb Code    46  usbd_cdc.o(i.USBD_CDC_DataOut)
    i.USBD_CDC_DeInit                        0x08002afa   Section        0  usbd_cdc.o(i.USBD_CDC_DeInit)
    USBD_CDC_DeInit                          0x08002afb   Thumb Code    68  usbd_cdc.o(i.USBD_CDC_DeInit)
    i.USBD_CDC_EP0_RxReady                   0x08002b3e   Section        0  usbd_cdc.o(i.USBD_CDC_EP0_RxReady)
    USBD_CDC_EP0_RxReady                     0x08002b3f   Thumb Code    36  usbd_cdc.o(i.USBD_CDC_EP0_RxReady)
    i.USBD_CDC_GetDeviceQualifierDescriptor  0x08002b64   Section        0  usbd_cdc.o(i.USBD_CDC_GetDeviceQualifierDescriptor)
    i.USBD_CDC_GetFSCfgDesc                  0x08002b70   Section        0  usbd_cdc.o(i.USBD_CDC_GetFSCfgDesc)
    USBD_CDC_GetFSCfgDesc                    0x08002b71   Thumb Code     8  usbd_cdc.o(i.USBD_CDC_GetFSCfgDesc)
    i.USBD_CDC_GetHSCfgDesc                  0x08002b7c   Section        0  usbd_cdc.o(i.USBD_CDC_GetHSCfgDesc)
    USBD_CDC_GetHSCfgDesc                    0x08002b7d   Thumb Code     8  usbd_cdc.o(i.USBD_CDC_GetHSCfgDesc)
    i.USBD_CDC_GetOtherSpeedCfgDesc          0x08002b88   Section        0  usbd_cdc.o(i.USBD_CDC_GetOtherSpeedCfgDesc)
    USBD_CDC_GetOtherSpeedCfgDesc            0x08002b89   Thumb Code     8  usbd_cdc.o(i.USBD_CDC_GetOtherSpeedCfgDesc)
    i.USBD_CDC_Init                          0x08002b94   Section        0  usbd_cdc.o(i.USBD_CDC_Init)
    USBD_CDC_Init                            0x08002b95   Thumb Code   148  usbd_cdc.o(i.USBD_CDC_Init)
    i.USBD_CDC_ReceivePacket                 0x08002c28   Section        0  usbd_cdc.o(i.USBD_CDC_ReceivePacket)
    i.USBD_CDC_RegisterInterface             0x08002c50   Section        0  usbd_cdc.o(i.USBD_CDC_RegisterInterface)
    i.USBD_CDC_SetRxBuffer                   0x08002c60   Section        0  usbd_cdc.o(i.USBD_CDC_SetRxBuffer)
    i.USBD_CDC_SetTxBuffer                   0x08002c6c   Section        0  usbd_cdc.o(i.USBD_CDC_SetTxBuffer)
    i.USBD_CDC_Setup                         0x08002c7c   Section        0  usbd_cdc.o(i.USBD_CDC_Setup)
    USBD_CDC_Setup                           0x08002c7d   Thumb Code   172  usbd_cdc.o(i.USBD_CDC_Setup)
    i.USBD_ClrClassConfig                    0x08002d28   Section        0  usbd_core.o(i.USBD_ClrClassConfig)
    i.USBD_CtlContinueRx                     0x08002d36   Section        0  usbd_ioreq.o(i.USBD_CtlContinueRx)
    i.USBD_CtlContinueSendData               0x08002d46   Section        0  usbd_ioreq.o(i.USBD_CtlContinueSendData)
    i.USBD_CtlError                          0x08002d56   Section        0  usbd_ctlreq.o(i.USBD_CtlError)
    i.USBD_CtlPrepareRx                      0x08002d6c   Section        0  usbd_ioreq.o(i.USBD_CtlPrepareRx)
    i.USBD_CtlReceiveStatus                  0x08002d8a   Section        0  usbd_ioreq.o(i.USBD_CtlReceiveStatus)
    i.USBD_CtlSendData                       0x08002da0   Section        0  usbd_ioreq.o(i.USBD_CtlSendData)
    i.USBD_CtlSendStatus                     0x08002dba   Section        0  usbd_ioreq.o(i.USBD_CtlSendStatus)
    i.USBD_FS_ConfigStrDescriptor            0x08002dd0   Section        0  usbd_desc.o(i.USBD_FS_ConfigStrDescriptor)
    i.USBD_FS_DeviceDescriptor               0x08002df0   Section        0  usbd_desc.o(i.USBD_FS_DeviceDescriptor)
    i.USBD_FS_InterfaceStrDescriptor         0x08002dfc   Section        0  usbd_desc.o(i.USBD_FS_InterfaceStrDescriptor)
    i.USBD_FS_LangIDStrDescriptor            0x08002e20   Section        0  usbd_desc.o(i.USBD_FS_LangIDStrDescriptor)
    i.USBD_FS_ManufacturerStrDescriptor      0x08002e2c   Section        0  usbd_desc.o(i.USBD_FS_ManufacturerStrDescriptor)
    i.USBD_FS_ProductStrDescriptor           0x08002e54   Section        0  usbd_desc.o(i.USBD_FS_ProductStrDescriptor)
    i.USBD_FS_SerialStrDescriptor            0x08002e80   Section        0  usbd_desc.o(i.USBD_FS_SerialStrDescriptor)
    i.USBD_GetDescriptor                     0x08002eb4   Section        0  usbd_ctlreq.o(i.USBD_GetDescriptor)
    USBD_GetDescriptor                       0x08002eb5   Thumb Code   232  usbd_ctlreq.o(i.USBD_GetDescriptor)
    i.USBD_GetString                         0x08002f9c   Section        0  usbd_ctlreq.o(i.USBD_GetString)
    i.USBD_Get_USB_Status                    0x08002fe4   Section        0  usbd_conf.o(i.USBD_Get_USB_Status)
    USBD_Get_USB_Status                      0x08002fe5   Thumb Code    24  usbd_conf.o(i.USBD_Get_USB_Status)
    i.USBD_Init                              0x08002ffc   Section        0  usbd_core.o(i.USBD_Init)
    i.USBD_LL_ClearStallEP                   0x08003026   Section        0  usbd_conf.o(i.USBD_LL_ClearStallEP)
    i.USBD_LL_CloseEP                        0x08003038   Section        0  usbd_conf.o(i.USBD_LL_CloseEP)
    i.USBD_LL_DataInStage                    0x0800304a   Section        0  usbd_core.o(i.USBD_LL_DataInStage)
    i.USBD_LL_DataOutStage                   0x08003110   Section        0  usbd_core.o(i.USBD_LL_DataOutStage)
    i.USBD_LL_GetRxDataSize                  0x08003192   Section        0  usbd_conf.o(i.USBD_LL_GetRxDataSize)
    i.USBD_LL_Init                           0x0800319c   Section        0  usbd_conf.o(i.USBD_LL_Init)
    i.USBD_LL_IsStallEP                      0x0800321c   Section        0  usbd_conf.o(i.USBD_LL_IsStallEP)
    i.USBD_LL_OpenEP                         0x08003238   Section        0  usbd_conf.o(i.USBD_LL_OpenEP)
    i.USBD_LL_PrepareReceive                 0x08003250   Section        0  usbd_conf.o(i.USBD_LL_PrepareReceive)
    i.USBD_LL_Reset                          0x08003262   Section        0  usbd_core.o(i.USBD_LL_Reset)
    i.USBD_LL_Resume                         0x080032b2   Section        0  usbd_core.o(i.USBD_LL_Resume)
    i.USBD_LL_SOF                            0x080032be   Section        0  usbd_core.o(i.USBD_LL_SOF)
    i.USBD_LL_SetSpeed                       0x080032d6   Section        0  usbd_core.o(i.USBD_LL_SetSpeed)
    i.USBD_LL_SetUSBAddress                  0x080032dc   Section        0  usbd_conf.o(i.USBD_LL_SetUSBAddress)
    i.USBD_LL_SetupStage                     0x080032ee   Section        0  usbd_core.o(i.USBD_LL_SetupStage)
    i.USBD_LL_StallEP                        0x08003348   Section        0  usbd_conf.o(i.USBD_LL_StallEP)
    i.USBD_LL_Start                          0x0800335a   Section        0  usbd_conf.o(i.USBD_LL_Start)
    i.USBD_LL_Suspend                        0x0800336c   Section        0  usbd_core.o(i.USBD_LL_Suspend)
    i.USBD_LL_Transmit                       0x0800337e   Section        0  usbd_conf.o(i.USBD_LL_Transmit)
    i.USBD_ParseSetupRequest                 0x08003390   Section        0  usbd_ctlreq.o(i.USBD_ParseSetupRequest)
    i.USBD_RegisterClass                     0x080033b8   Section        0  usbd_core.o(i.USBD_RegisterClass)
    i.USBD_SetClassConfig                    0x080033c8   Section        0  usbd_core.o(i.USBD_SetClassConfig)
    i.USBD_SetConfig                         0x080033e0   Section        0  usbd_ctlreq.o(i.USBD_SetConfig)
    USBD_SetConfig                           0x080033e1   Thumb Code   128  usbd_ctlreq.o(i.USBD_SetConfig)
    i.USBD_Start                             0x08003464   Section        0  usbd_core.o(i.USBD_Start)
    i.USBD_StdDevReq                         0x0800346e   Section        0  usbd_ctlreq.o(i.USBD_StdDevReq)
    i.USBD_StdEPReq                          0x08003580   Section        0  usbd_ctlreq.o(i.USBD_StdEPReq)
    i.USBD_StdItfReq                         0x080036d0   Section        0  usbd_ctlreq.o(i.USBD_StdItfReq)
    i.USBD_static_free                       0x0800371e   Section        0  usbd_conf.o(i.USBD_static_free)
    i.USBD_static_malloc                     0x08003720   Section        0  usbd_conf.o(i.USBD_static_malloc)
    i.USB_ActivateEndpoint                   0x08003728   Section        0  stm32l1xx_ll_usb.o(i.USB_ActivateEndpoint)
    i.USB_DeactivateEndpoint                 0x08003988   Section        0  stm32l1xx_ll_usb.o(i.USB_DeactivateEndpoint)
    i.USB_DevConnect                         0x08003a96   Section        0  stm32l1xx_ll_usb.o(i.USB_DevConnect)
    i.USB_DevInit                            0x08003a9a   Section        0  stm32l1xx_ll_usb.o(i.USB_DevInit)
    i.USB_DisableGlobalInt                   0x08003ab8   Section        0  stm32l1xx_ll_usb.o(i.USB_DisableGlobalInt)
    i.USB_EP0_OutStart                       0x08003ac6   Section        0  stm32l1xx_ll_usb.o(i.USB_EP0_OutStart)
    i.USB_EPClearStall                       0x08003aca   Section        0  stm32l1xx_ll_usb.o(i.USB_EPClearStall)
    i.USB_EPSetStall                         0x08003b42   Section        0  stm32l1xx_ll_usb.o(i.USB_EPSetStall)
    i.USB_EPStartXfer                        0x08003b74   Section        0  stm32l1xx_ll_usb.o(i.USB_EPStartXfer)
    i.USB_EnableGlobalInt                    0x08003cf6   Section        0  stm32l1xx_ll_usb.o(i.USB_EnableGlobalInt)
    i.USB_LP_IRQHandler                      0x08003d04   Section        0  stm32l1xx_it.o(i.USB_LP_IRQHandler)
    i.USB_ReadInterrupts                     0x08003d10   Section        0  stm32l1xx_ll_usb.o(i.USB_ReadInterrupts)
    i.USB_ReadPMA                            0x08003d18   Section        0  stm32l1xx_ll_usb.o(i.USB_ReadPMA)
    i.USB_SetDevAddress                      0x08003d44   Section        0  stm32l1xx_ll_usb.o(i.USB_SetDevAddress)
    i.USB_WritePMA                           0x08003d50   Section        0  stm32l1xx_ll_usb.o(i.USB_WritePMA)
    i.UsageFault_Handler                     0x08003d76   Section        0  stm32l1xx_it.o(i.UsageFault_Handler)
    i.__NVIC_SetPriority                     0x08003d78   Section        0  stm32l1xx_hal_cortex.o(i.__NVIC_SetPriority)
    __NVIC_SetPriority                       0x08003d79   Thumb Code    32  stm32l1xx_hal_cortex.o(i.__NVIC_SetPriority)
    i.__scatterload_copy                     0x08003d98   Section       14  handlers.o(i.__scatterload_copy)
    i.__scatterload_null                     0x08003da6   Section        2  handlers.o(i.__scatterload_null)
    i.__scatterload_zeroinit                 0x08003da8   Section       14  handlers.o(i.__scatterload_zeroinit)
    i.delay                                  0x08003db8   Section        0  dht11.o(i.delay)
    i.main                                   0x08003de0   Section        0  main.o(i.main)
    .constdata                               0x08003f44   Section       25  system_stm32l1xx.o(.constdata)
    .data                                    0x20000000   Section       44  main.o(.data)
    .data                                    0x2000002c   Section       28  usbd_desc.o(.data)
    .data                                    0x20000048   Section       50  usbd_desc.o(.data)
    .data                                    0x2000007c   Section       16  usbd_cdc_if.o(.data)
    .data                                    0x2000008c   Section       12  stm32l1xx_hal.o(.data)
    .data                                    0x20000098   Section        4  system_stm32l1xx.o(.data)
    .data                                    0x2000009c   Section        1  usbd_ctlreq.o(.data)
    cfgidx                                   0x2000009c   Data           1  usbd_ctlreq.o(.data)
    .data                                    0x200000a0   Section      215  usbd_cdc.o(.data)
    USBD_CDC_DeviceQualifierDesc             0x200000a0   Data          10  usbd_cdc.o(.data)
    .data                                    0x20000178   Section       56  usbd_cdc.o(.data)
    .data                                    0x200001b0   Section       20  sx127x_driver.o(.data)
    .bss                                     0x200001c4   Section      208  main.o(.bss)
    .bss                                     0x20000294   Section      668  usb_device.o(.bss)
    .bss                                     0x20000530   Section      512  usbd_desc.o(.bss)
    .bss                                     0x20000730   Section     2000  usbd_cdc_if.o(.bss)
    .bss                                     0x20000f00   Section     1164  usbd_conf.o(.bss)
    mem                                      0x20000f00   Data         544  usbd_conf.o(.bss)
    .bss                                     0x2000138c   Section       16  sx127x_driver.o(.bss)
    STACK                                    0x200013a0   Section     1024  startup_stm32l151xba.o(STACK)

    Global Symbols

    Symbol Name                              Value     Ov Type        Size  Object(Section)

    BuildAttributes$$THM_ISAv4$P$D$K$B$S$PE$A:L22UL41UL21$X:L11$S22US41US21$IEEE1$IW$USESV6$~STKCKD$USESV7$~SHL$OTIME$ROPI$EBA8$MICROLIB$REQ8$PRES8$EABIv2 0x00000000   Number         0  anon$$obj.o ABSOLUTE
    __ARM_use_no_argv                        0x00000000   Number         0  main.o ABSOLUTE
    __cpp_initialize__aeabi_                  - Undefined Weak Reference
    __cxa_finalize                            - Undefined Weak Reference
    _clock_init                               - Undefined Weak Reference
    _microlib_exit                            - Undefined Weak Reference
    __Vectors_Size                           0x000000f4   Number         0  startup_stm32l151xba.o ABSOLUTE
    __Vectors                                0x08000000   Data           4  startup_stm32l151xba.o(RESET)
    __Vectors_End                            0x080000f4   Data           0  startup_stm32l151xba.o(RESET)
    __main                                   0x080000f5   Thumb Code     0  entry.o(.ARM.Collect$$$$00000000)
    _main_stk                                0x080000f5   Thumb Code     0  entry2.o(.ARM.Collect$$$$00000001)
    _main_scatterload                        0x080000f9   Thumb Code     0  entry5.o(.ARM.Collect$$$$00000004)
    __main_after_scatterload                 0x080000fd   Thumb Code     0  entry5.o(.ARM.Collect$$$$00000004)
    _main_clock                              0x080000fd   Thumb Code     0  entry7b.o(.ARM.Collect$$$$00000008)
    _main_cpp_init                           0x080000fd   Thumb Code     0  entry8b.o(.ARM.Collect$$$$0000000A)
    _main_init                               0x080000fd   Thumb Code     0  entry9a.o(.ARM.Collect$$$$0000000B)
    __rt_final_cpp                           0x08000105   Thumb Code     0  entry10a.o(.ARM.Collect$$$$0000000D)
    __rt_final_exit                          0x08000105   Thumb Code     0  entry11a.o(.ARM.Collect$$$$0000000F)
    Reset_Handler                            0x08000109   Thumb Code     8  startup_stm32l151xba.o(.text)
    ADC1_IRQHandler                          0x08000123   Thumb Code     0  startup_stm32l151xba.o(.text)
    COMP_IRQHandler                          0x08000123   Thumb Code     0  startup_stm32l151xba.o(.text)
    DAC_IRQHandler                           0x08000123   Thumb Code     0  startup_stm32l151xba.o(.text)
    DMA1_Channel1_IRQHandler                 0x08000123   Thumb Code     0  startup_stm32l151xba.o(.text)
    DMA1_Channel2_IRQHandler                 0x08000123   Thumb Code     0  startup_stm32l151xba.o(.text)
    DMA1_Channel3_IRQHandler                 0x08000123   Thumb Code     0  startup_stm32l151xba.o(.text)
    DMA1_Channel4_IRQHandler                 0x08000123   Thumb Code     0  startup_stm32l151xba.o(.text)
    DMA1_Channel5_IRQHandler                 0x08000123   Thumb Code     0  startup_stm32l151xba.o(.text)
    DMA1_Channel6_IRQHandler                 0x08000123   Thumb Code     0  startup_stm32l151xba.o(.text)
    DMA1_Channel7_IRQHandler                 0x08000123   Thumb Code     0  startup_stm32l151xba.o(.text)
    EXTI0_IRQHandler                         0x08000123   Thumb Code     0  startup_stm32l151xba.o(.text)
    EXTI1_IRQHandler                         0x08000123   Thumb Code     0  startup_stm32l151xba.o(.text)
    EXTI2_IRQHandler                         0x08000123   Thumb Code     0  startup_stm32l151xba.o(.text)
    EXTI3_IRQHandler                         0x08000123   Thumb Code     0  startup_stm32l151xba.o(.text)
    EXTI4_IRQHandler                         0x08000123   Thumb Code     0  startup_stm32l151xba.o(.text)
    EXTI9_5_IRQHandler                       0x08000123   Thumb Code     0  startup_stm32l151xba.o(.text)
    FLASH_IRQHandler                         0x08000123   Thumb Code     0  startup_stm32l151xba.o(.text)
    I2C1_ER_IRQHandler                       0x08000123   Thumb Code     0  startup_stm32l151xba.o(.text)
    I2C1_EV_IRQHandler                       0x08000123   Thumb Code     0  startup_stm32l151xba.o(.text)
    I2C2_ER_IRQHandler                       0x08000123   Thumb Code     0  startup_stm32l151xba.o(.text)
    I2C2_EV_IRQHandler                       0x08000123   Thumb Code     0  startup_stm32l151xba.o(.text)
    PVD_IRQHandler                           0x08000123   Thumb Code     0  startup_stm32l151xba.o(.text)
    RCC_IRQHandler                           0x08000123   Thumb Code     0  startup_stm32l151xba.o(.text)
    RTC_Alarm_IRQHandler                     0x08000123   Thumb Code     0  startup_stm32l151xba.o(.text)
    RTC_WKUP_IRQHandler                      0x08000123   Thumb Code     0  startup_stm32l151xba.o(.text)
    SPI1_IRQHandler                          0x08000123   Thumb Code     0  startup_stm32l151xba.o(.text)
    SPI2_IRQHandler                          0x08000123   Thumb Code     0  startup_stm32l151xba.o(.text)
    TAMPER_STAMP_IRQHandler                  0x08000123   Thumb Code     0  startup_stm32l151xba.o(.text)
    TIM10_IRQHandler                         0x08000123   Thumb Code     0  startup_stm32l151xba.o(.text)
    TIM2_IRQHandler                          0x08000123   Thumb Code     0  startup_stm32l151xba.o(.text)
    TIM3_IRQHandler                          0x08000123   Thumb Code     0  startup_stm32l151xba.o(.text)
    TIM4_IRQHandler                          0x08000123   Thumb Code     0  startup_stm32l151xba.o(.text)
    TIM6_IRQHandler                          0x08000123   Thumb Code     0  startup_stm32l151xba.o(.text)
    TIM7_IRQHandler                          0x08000123   Thumb Code     0  startup_stm32l151xba.o(.text)
    TIM9_IRQHandler                          0x08000123   Thumb Code     0  startup_stm32l151xba.o(.text)
    USART1_IRQHandler                        0x08000123   Thumb Code     0  startup_stm32l151xba.o(.text)
    USART2_IRQHandler                        0x08000123   Thumb Code     0  startup_stm32l151xba.o(.text)
    USART3_IRQHandler                        0x08000123   Thumb Code     0  startup_stm32l151xba.o(.text)
    USB_FS_WKUP_IRQHandler                   0x08000123   Thumb Code     0  startup_stm32l151xba.o(.text)
    USB_HP_IRQHandler                        0x08000123   Thumb Code     0  startup_stm32l151xba.o(.text)
    WWDG_IRQHandler                          0x08000123   Thumb Code     0  startup_stm32l151xba.o(.text)
    __aeabi_memcpy                           0x0800012d   Thumb Code    36  memcpya.o(.text)
    __aeabi_memcpy4                          0x0800012d   Thumb Code     0  memcpya.o(.text)
    __aeabi_memcpy8                          0x0800012d   Thumb Code     0  memcpya.o(.text)
    __aeabi_memset                           0x08000151   Thumb Code    14  memseta.o(.text)
    __aeabi_memset4                          0x08000151   Thumb Code     0  memseta.o(.text)
    __aeabi_memset8                          0x08000151   Thumb Code     0  memseta.o(.text)
    __aeabi_memclr                           0x0800015f   Thumb Code     4  memseta.o(.text)
    __aeabi_memclr4                          0x0800015f   Thumb Code     0  memseta.o(.text)
    __aeabi_memclr8                          0x0800015f   Thumb Code     0  memseta.o(.text)
    _memset$wrapper                          0x08000163   Thumb Code    18  memseta.o(.text)
    __aeabi_fdiv                             0x08000175   Thumb Code   124  fdiv.o(.text)
    __aeabi_ddiv                             0x080001f1   Thumb Code   222  ddiv.o(.text)
    __aeabi_i2f                              0x080002cf   Thumb Code    18  fflti.o(.text)
    __aeabi_ui2d                             0x080002e1   Thumb Code    26  dfltui.o(.text)
    __aeabi_d2uiz                            0x080002fb   Thumb Code    50  dfixui.o(.text)
    __aeabi_llsr                             0x0800032d   Thumb Code    32  llushr.o(.text)
    _ll_ushift_r                             0x0800032d   Thumb Code     0  llushr.o(.text)
    __I$use$fp                               0x0800034d   Thumb Code     0  iusefp.o(.text)
    _float_round                             0x0800034d   Thumb Code    18  fepilogue.o(.text)
    _float_epilogue                          0x0800035f   Thumb Code    92  fepilogue.o(.text)
    _double_round                            0x080003bb   Thumb Code    30  depilogue.o(.text)
    _double_epilogue                         0x080003d9   Thumb Code   156  depilogue.o(.text)
    __scatterload                            0x08000475   Thumb Code    28  init.o(.text)
    __scatterload_rt2                        0x08000475   Thumb Code     0  init.o(.text)
    __aeabi_llsl                             0x08000499   Thumb Code    30  llshl.o(.text)
    _ll_shift_l                              0x08000499   Thumb Code     0  llshl.o(.text)
    __decompress                             0x080004b7   Thumb Code     0  __dczerorl2.o(.text)
    __decompress1                            0x080004b7   Thumb Code    86  __dczerorl2.o(.text)
    BusFault_Handler                         0x0800050d   Thumb Code     2  stm32l1xx_it.o(i.BusFault_Handler)
    Byte_Read                                0x08000511   Thumb Code    94  dht11.o(i.Byte_Read)
    Check_Response                           0x080005b9   Thumb Code    56  dht11.o(i.Check_Response)
    DHT11_start                              0x080005f5   Thumb Code    54  dht11.o(i.DHT11_start)
    DIO0_DisableInterrupt                    0x08000631   Thumb Code     4  sx127x_driver.o(i.DIO0_DisableInterrupt)
    DIO0_EnableInterrupt                     0x08000635   Thumb Code     4  sx127x_driver.o(i.DIO0_EnableInterrupt)
    DIO0_GetState                            0x08000639   Thumb Code     4  sx127x_driver.o(i.DIO0_GetState)
    DebugMon_Handler                         0x0800063d   Thumb Code     2  stm32l1xx_it.o(i.DebugMon_Handler)
    EXTI15_10_IRQHandler                     0x0800063f   Thumb Code    30  stm32l1xx_it.o(i.EXTI15_10_IRQHandler)
    Error_Handler                            0x0800065d   Thumb Code     2  main.o(i.Error_Handler)
    HAL_Delay                                0x08000661   Thumb Code    32  stm32l1xx_hal.o(i.HAL_Delay)
    HAL_GPIO_EXTI_Callback                   0x08000685   Thumb Code    60  main.o(i.HAL_GPIO_EXTI_Callback)
    HAL_GPIO_EXTI_IRQHandler                 0x080006c5   Thumb Code    18  stm32l1xx_hal_gpio.o(i.HAL_GPIO_EXTI_IRQHandler)
    HAL_GPIO_Init                            0x080006dd   Thumb Code   364  stm32l1xx_hal_gpio.o(i.HAL_GPIO_Init)
    HAL_GPIO_ReadPin                         0x08000869   Thumb Code    10  stm32l1xx_hal_gpio.o(i.HAL_GPIO_ReadPin)
    HAL_GPIO_TogglePin                       0x08000873   Thumb Code    12  stm32l1xx_hal_gpio.o(i.HAL_GPIO_TogglePin)
    HAL_GPIO_WritePin                        0x0800087f   Thumb Code    10  stm32l1xx_hal_gpio.o(i.HAL_GPIO_WritePin)
    HAL_GetTick                              0x08000889   Thumb Code     6  stm32l1xx_hal.o(i.HAL_GetTick)
    HAL_IncTick                              0x08000895   Thumb Code    12  stm32l1xx_hal.o(i.HAL_IncTick)
    HAL_Init                                 0x080008a5   Thumb Code    30  stm32l1xx_hal.o(i.HAL_Init)
    HAL_InitTick                             0x080008c5   Thumb Code    58  stm32l1xx_hal.o(i.HAL_InitTick)
    HAL_MspInit                              0x08000909   Thumb Code    56  stm32l1xx_hal_msp.o(i.HAL_MspInit)
    HAL_NVIC_DisableIRQ                      0x08000945   Thumb Code    34  stm32l1xx_hal_cortex.o(i.HAL_NVIC_DisableIRQ)
    HAL_NVIC_EnableIRQ                       0x08000967   Thumb Code    26  stm32l1xx_hal_cortex.o(i.HAL_NVIC_EnableIRQ)
    HAL_NVIC_SetPriority                     0x08000981   Thumb Code    60  stm32l1xx_hal_cortex.o(i.HAL_NVIC_SetPriority)
    HAL_NVIC_SetPriorityGrouping             0x080009c1   Thumb Code    26  stm32l1xx_hal_cortex.o(i.HAL_NVIC_SetPriorityGrouping)
    HAL_PCDEx_PMAConfig                      0x080009e5   Thumb Code    52  stm32l1xx_hal_pcd_ex.o(i.HAL_PCDEx_PMAConfig)
    HAL_PCDEx_SetConnectionState             0x08000a19   Thumb Code     2  stm32l1xx_hal_pcd_ex.o(i.HAL_PCDEx_SetConnectionState)
    HAL_PCD_DataInStageCallback              0x08000a1b   Thumb Code    14  usbd_conf.o(i.HAL_PCD_DataInStageCallback)
    HAL_PCD_DataOutStageCallback             0x08000a29   Thumb Code    16  usbd_conf.o(i.HAL_PCD_DataOutStageCallback)
    HAL_PCD_EP_Close                         0x08000a39   Thumb Code    72  stm32l1xx_hal_pcd.o(i.HAL_PCD_EP_Close)
    HAL_PCD_EP_ClrStall                      0x08000a81   Thumb Code    88  stm32l1xx_hal_pcd.o(i.HAL_PCD_EP_ClrStall)
    HAL_PCD_EP_GetRxCount                    0x08000ad9   Thumb Code    14  stm32l1xx_hal_pcd.o(i.HAL_PCD_EP_GetRxCount)
    HAL_PCD_EP_Open                          0x08000ae7   Thumb Code    92  stm32l1xx_hal_pcd.o(i.HAL_PCD_EP_Open)
    HAL_PCD_EP_Receive                       0x08000b43   Thumb Code    46  stm32l1xx_hal_pcd.o(i.HAL_PCD_EP_Receive)
    HAL_PCD_EP_SetStall                      0x08000b71   Thumb Code   106  stm32l1xx_hal_pcd.o(i.HAL_PCD_EP_SetStall)
    HAL_PCD_EP_Transmit                      0x08000bdb   Thumb Code    42  stm32l1xx_hal_pcd.o(i.HAL_PCD_EP_Transmit)
    HAL_PCD_IRQHandler                       0x08000c05   Thumb Code   268  stm32l1xx_hal_pcd.o(i.HAL_PCD_IRQHandler)
    HAL_PCD_Init                             0x08000d11   Thumb Code   158  stm32l1xx_hal_pcd.o(i.HAL_PCD_Init)
    HAL_PCD_MspInit                          0x08000db1   Thumb Code    50  usbd_conf.o(i.HAL_PCD_MspInit)
    HAL_PCD_ResetCallback                    0x08000ded   Thumb Code    38  usbd_conf.o(i.HAL_PCD_ResetCallback)
    HAL_PCD_ResumeCallback                   0x08000e13   Thumb Code     8  usbd_conf.o(i.HAL_PCD_ResumeCallback)
    HAL_PCD_SOFCallback                      0x08000e1b   Thumb Code     8  usbd_conf.o(i.HAL_PCD_SOFCallback)
    HAL_PCD_SetAddress                       0x08000e23   Thumb Code    40  stm32l1xx_hal_pcd.o(i.HAL_PCD_SetAddress)
    HAL_PCD_SetupStageCallback               0x08000e4b   Thumb Code    14  usbd_conf.o(i.HAL_PCD_SetupStageCallback)
    HAL_PCD_Start                            0x08000e59   Thumb Code    50  stm32l1xx_hal_pcd.o(i.HAL_PCD_Start)
    HAL_PCD_SuspendCallback                  0x08000e8d   Thumb Code    30  usbd_conf.o(i.HAL_PCD_SuspendCallback)
    HAL_RCC_ClockConfig                      0x08000eb1   Thumb Code   400  stm32l1xx_hal_rcc.o(i.HAL_RCC_ClockConfig)
    HAL_RCC_GetSysClockFreq                  0x08001055   Thumb Code    80  stm32l1xx_hal_rcc.o(i.HAL_RCC_GetSysClockFreq)
    HAL_RCC_OscConfig                        0x080010b5   Thumb Code  1064  stm32l1xx_hal_rcc.o(i.HAL_RCC_OscConfig)
    HAL_SPI_Init                             0x080014dd   Thumb Code   114  stm32l1xx_hal_spi.o(i.HAL_SPI_Init)
    HAL_SPI_MspInit                          0x08001551   Thumb Code    92  stm32l1xx_hal_msp.o(i.HAL_SPI_MspInit)
    HAL_SPI_TransmitReceive                  0x080015b9   Thumb Code   482  stm32l1xx_hal_spi.o(i.HAL_SPI_TransmitReceive)
    HAL_SYSTICK_Config                       0x0800179b   Thumb Code    40  stm32l1xx_hal_cortex.o(i.HAL_SYSTICK_Config)
    HAL_TIM_Base_Init                        0x080017c3   Thumb Code    54  stm32l1xx_hal_tim.o(i.HAL_TIM_Base_Init)
    HAL_TIM_Base_MspInit                     0x080017f9   Thumb Code    72  stm32l1xx_hal_msp.o(i.HAL_TIM_Base_MspInit)
    HAL_TIM_Base_Start                       0x0800184d   Thumb Code    36  stm32l1xx_hal_tim.o(i.HAL_TIM_Base_Start)
    HAL_TIM_Base_Stop                        0x08001871   Thumb Code    36  stm32l1xx_hal_tim.o(i.HAL_TIM_Base_Stop)
    HAL_TIM_Base_Stop_IT                     0x08001895   Thumb Code    34  stm32l1xx_hal_tim.o(i.HAL_TIM_Base_Stop_IT)
    HAL_TIM_ConfigClockSource                0x080018b7   Thumb Code   214  stm32l1xx_hal_tim.o(i.HAL_TIM_ConfigClockSource)
    HAL_TIM_IC_CaptureCallback               0x0800198d   Thumb Code     2  stm32l1xx_hal_tim.o(i.HAL_TIM_IC_CaptureCallback)
    HAL_TIM_IRQHandler                       0x0800198f   Thumb Code   294  stm32l1xx_hal_tim.o(i.HAL_TIM_IRQHandler)
    HAL_TIM_OC_DelayElapsedCallback          0x08001ab5   Thumb Code     2  stm32l1xx_hal_tim.o(i.HAL_TIM_OC_DelayElapsedCallback)
    HAL_TIM_PWM_PulseFinishedCallback        0x08001ab7   Thumb Code     2  stm32l1xx_hal_tim.o(i.HAL_TIM_PWM_PulseFinishedCallback)
    HAL_TIM_PeriodElapsedCallback            0x08001ab9   Thumb Code    22  main.o(i.HAL_TIM_PeriodElapsedCallback)
    HAL_TIM_TriggerCallback                  0x08001add   Thumb Code     2  stm32l1xx_hal_tim.o(i.HAL_TIM_TriggerCallback)
    HardFault_Handler                        0x08001adf   Thumb Code     2  stm32l1xx_it.o(i.HardFault_Handler)
    LoRaConfig_Check                         0x08001b19   Thumb Code   172  sx127x_driver.o(i.LoRaConfig_Check)
    MX_USB_DEVICE_Init                       0x08001d1d   Thumb Code    66  usb_device.o(i.MX_USB_DEVICE_Init)
    MemManage_Handler                        0x08001d71   Thumb Code     2  stm32l1xx_it.o(i.MemManage_Handler)
    NMI_Handler                              0x08001d73   Thumb Code     2  stm32l1xx_it.o(i.NMI_Handler)
    PendSV_Handler                           0x08002039   Thumb Code     2  stm32l1xx_it.o(i.PendSV_Handler)
    Read_DHT11                               0x080020bd   Thumb Code    98  dht11.o(i.Read_DHT11)
    SVC_Handler                              0x080021f9   Thumb Code     2  stm32l1xx_it.o(i.SVC_Handler)
    SX127XWriteRxTx                          0x080021fb   Thumb Code    30  sx127x_driver.o(i.SX127XWriteRxTx)
    SX127X_DIO0_GetState                     0x08002219   Thumb Code    10  sx127x_hal.o(i.SX127X_DIO0_GetState)
    SX127X_DIO0_INPUT                        0x08002229   Thumb Code    60  sx127x_hal.o(i.SX127X_DIO0_INPUT)
    SX127X_DIO0_INTDISABLE                   0x08002271   Thumb Code     6  sx127x_hal.o(i.SX127X_DIO0_INTDISABLE)
    SX127X_DIO0_INTENABLE                    0x08002277   Thumb Code     6  sx127x_hal.o(i.SX127X_DIO0_INTENABLE)
    SX127X_DIO1_INPUT                        0x0800227d   Thumb Code    50  sx127x_hal.o(i.SX127X_DIO1_INPUT)
    SX127X_DIO2_INPUT                        0x080022bd   Thumb Code    50  sx127x_hal.o(i.SX127X_DIO2_INPUT)
    SX127X_FreqSet                           0x080022fd   Thumb Code   146  sx127x_driver.o(i.SX127X_FreqSet)
    SX127X_InitIo                            0x080023a1   Thumb Code    40  sx127x_driver.o(i.SX127X_InitIo)
    SX127X_Lora_init                         0x080023c9   Thumb Code   256  sx127x_driver.o(i.SX127X_Lora_init)
    SX127X_NSS_OUTPUT                        0x080024cd   Thumb Code    10  sx127x_hal.o(i.SX127X_NSS_OUTPUT)
    SX127X_PoutSet                           0x080024dd   Thumb Code    88  sx127x_driver.o(i.SX127X_PoutSet)
    SX127X_RESET_OUTPUT                      0x08002539   Thumb Code    62  sx127x_hal.o(i.SX127X_RESET_OUTPUT)
    SX127X_RXE_OUTPUT                        0x08002581   Thumb Code    64  sx127x_hal.o(i.SX127X_RXE_OUTPUT)
    SX127X_Read                              0x080025c9   Thumb Code     6  sx127x_driver.o(i.SX127X_Read)
    SX127X_ReadBuffer                        0x080025cf   Thumb Code    52  sx127x_hal.o(i.SX127X_ReadBuffer)
    SX127X_ReadFifo                          0x08002603   Thumb Code    10  sx127x_driver.o(i.SX127X_ReadFifo)
    SX127X_ReadWriteByte                     0x0800260d   Thumb Code    28  sx127x_hal.o(i.SX127X_ReadWriteByte)
    SX127X_Reset                             0x0800262d   Thumb Code    30  sx127x_driver.o(i.SX127X_Reset)
    SX127X_RxPacket                          0x0800264d   Thumb Code   130  sx127x_driver.o(i.SX127X_RxPacket)
    SX127X_SPIGPIO_Init                      0x080026d9   Thumb Code    32  sx127x_hal.o(i.SX127X_SPIGPIO_Init)
    SX127X_SPI_Init                          0x080026fd   Thumb Code    66  sx127x_hal.o(i.SX127X_SPI_Init)
    SX127X_StandbyMode                       0x08002749   Thumb Code     8  sx127x_driver.o(i.SX127X_StandbyMode)
    SX127X_StartRx                           0x08002751   Thumb Code    86  sx127x_driver.o(i.SX127X_StartRx)
    SX127X_TXE_OUTPUT                        0x080027ad   Thumb Code    62  sx127x_hal.o(i.SX127X_TXE_OUTPUT)
    SX127X_TxPacket                          0x080027f5   Thumb Code    98  sx127x_driver.o(i.SX127X_TxPacket)
    SX127X_Write                             0x0800285d   Thumb Code    12  sx127x_driver.o(i.SX127X_Write)
    SX127X_WriteBuffer                       0x08002869   Thumb Code    50  sx127x_hal.o(i.SX127X_WriteBuffer)
    Set_Pin_Input                            0x0800289b   Thumb Code    38  dht11.o(i.Set_Pin_Input)
    Set_Pin_Output                           0x080028c1   Thumb Code    38  dht11.o(i.Set_Pin_Output)
    SysTick_Handler                          0x080028e7   Thumb Code     4  stm32l1xx_it.o(i.SysTick_Handler)
    SystemClock_Config                       0x080028ed   Thumb Code    90  main.o(i.SystemClock_Config)
    SystemInit                               0x0800294d   Thumb Code    62  system_stm32l1xx.o(i.SystemInit)
    TIM11_IRQHandler                         0x0800299d   Thumb Code     6  stm32l1xx_it.o(i.TIM11_IRQHandler)
    USBD_CDC_GetDeviceQualifierDescriptor    0x08002b65   Thumb Code     8  usbd_cdc.o(i.USBD_CDC_GetDeviceQualifierDescriptor)
    USBD_CDC_ReceivePacket                   0x08002c29   Thumb Code    40  usbd_cdc.o(i.USBD_CDC_ReceivePacket)
    USBD_CDC_RegisterInterface               0x08002c51   Thumb Code    16  usbd_cdc.o(i.USBD_CDC_RegisterInterface)
    USBD_CDC_SetRxBuffer                     0x08002c61   Thumb Code    12  usbd_cdc.o(i.USBD_CDC_SetRxBuffer)
    USBD_CDC_SetTxBuffer                     0x08002c6d   Thumb Code    16  usbd_cdc.o(i.USBD_CDC_SetTxBuffer)
    USBD_ClrClassConfig                      0x08002d29   Thumb Code    14  usbd_core.o(i.USBD_ClrClassConfig)
    USBD_CtlContinueRx                       0x08002d37   Thumb Code    16  usbd_ioreq.o(i.USBD_CtlContinueRx)
    USBD_CtlContinueSendData                 0x08002d47   Thumb Code    16  usbd_ioreq.o(i.USBD_CtlContinueSendData)
    USBD_CtlError                            0x08002d57   Thumb Code    22  usbd_ctlreq.o(i.USBD_CtlError)
    USBD_CtlPrepareRx                        0x08002d6d   Thumb Code    30  usbd_ioreq.o(i.USBD_CtlPrepareRx)
    USBD_CtlReceiveStatus                    0x08002d8b   Thumb Code    22  usbd_ioreq.o(i.USBD_CtlReceiveStatus)
    USBD_CtlSendData                         0x08002da1   Thumb Code    26  usbd_ioreq.o(i.USBD_CtlSendData)
    USBD_CtlSendStatus                       0x08002dbb   Thumb Code    22  usbd_ioreq.o(i.USBD_CtlSendStatus)
    USBD_FS_ConfigStrDescriptor              0x08002dd1   Thumb Code    16  usbd_desc.o(i.USBD_FS_ConfigStrDescriptor)
    USBD_FS_DeviceDescriptor                 0x08002df1   Thumb Code     8  usbd_desc.o(i.USBD_FS_DeviceDescriptor)
    USBD_FS_InterfaceStrDescriptor           0x08002dfd   Thumb Code    16  usbd_desc.o(i.USBD_FS_InterfaceStrDescriptor)
    USBD_FS_LangIDStrDescriptor              0x08002e21   Thumb Code     8  usbd_desc.o(i.USBD_FS_LangIDStrDescriptor)
    USBD_FS_ManufacturerStrDescriptor        0x08002e2d   Thumb Code    16  usbd_desc.o(i.USBD_FS_ManufacturerStrDescriptor)
    USBD_FS_ProductStrDescriptor             0x08002e55   Thumb Code    16  usbd_desc.o(i.USBD_FS_ProductStrDescriptor)
    USBD_FS_SerialStrDescriptor              0x08002e81   Thumb Code    44  usbd_desc.o(i.USBD_FS_SerialStrDescriptor)
    USBD_GetString                           0x08002f9d   Thumb Code    72  usbd_ctlreq.o(i.USBD_GetString)
    USBD_Init                                0x08002ffd   Thumb Code    42  usbd_core.o(i.USBD_Init)
    USBD_LL_ClearStallEP                     0x08003027   Thumb Code    18  usbd_conf.o(i.USBD_LL_ClearStallEP)
    USBD_LL_CloseEP                          0x08003039   Thumb Code    18  usbd_conf.o(i.USBD_LL_CloseEP)
    USBD_LL_DataInStage                      0x0800304b   Thumb Code   198  usbd_core.o(i.USBD_LL_DataInStage)
    USBD_LL_DataOutStage                     0x08003111   Thumb Code   130  usbd_core.o(i.USBD_LL_DataOutStage)
    USBD_LL_GetRxDataSize                    0x08003193   Thumb Code     8  usbd_conf.o(i.USBD_LL_GetRxDataSize)
    USBD_LL_Init                             0x0800319d   Thumb Code   118  usbd_conf.o(i.USBD_LL_Init)
    USBD_LL_IsStallEP                        0x0800321d   Thumb Code    28  usbd_conf.o(i.USBD_LL_IsStallEP)
    USBD_LL_OpenEP                           0x08003239   Thumb Code    24  usbd_conf.o(i.USBD_LL_OpenEP)
    USBD_LL_PrepareReceive                   0x08003251   Thumb Code    18  usbd_conf.o(i.USBD_LL_PrepareReceive)
    USBD_LL_Reset                            0x08003263   Thumb Code    80  usbd_core.o(i.USBD_LL_Reset)
    USBD_LL_Resume                           0x080032b3   Thumb Code    12  usbd_core.o(i.USBD_LL_Resume)
    USBD_LL_SOF                              0x080032bf   Thumb Code    24  usbd_core.o(i.USBD_LL_SOF)
    USBD_LL_SetSpeed                         0x080032d7   Thumb Code     6  usbd_core.o(i.USBD_LL_SetSpeed)
    USBD_LL_SetUSBAddress                    0x080032dd   Thumb Code    18  usbd_conf.o(i.USBD_LL_SetUSBAddress)
    USBD_LL_SetupStage                       0x080032ef   Thumb Code    90  usbd_core.o(i.USBD_LL_SetupStage)
    USBD_LL_StallEP                          0x08003349   Thumb Code    18  usbd_conf.o(i.USBD_LL_StallEP)
    USBD_LL_Start                            0x0800335b   Thumb Code    18  usbd_conf.o(i.USBD_LL_Start)
    USBD_LL_Suspend                          0x0800336d   Thumb Code    18  usbd_core.o(i.USBD_LL_Suspend)
    USBD_LL_Transmit                         0x0800337f   Thumb Code    18  usbd_conf.o(i.USBD_LL_Transmit)
    USBD_ParseSetupRequest                   0x08003391   Thumb Code    40  usbd_ctlreq.o(i.USBD_ParseSetupRequest)
    USBD_RegisterClass                       0x080033b9   Thumb Code    16  usbd_core.o(i.USBD_RegisterClass)
    USBD_SetClassConfig                      0x080033c9   Thumb Code    22  usbd_core.o(i.USBD_SetClassConfig)
    USBD_Start                               0x08003465   Thumb Code    10  usbd_core.o(i.USBD_Start)
    USBD_StdDevReq                           0x0800346f   Thumb Code   274  usbd_ctlreq.o(i.USBD_StdDevReq)
    USBD_StdEPReq                            0x08003581   Thumb Code   336  usbd_ctlreq.o(i.USBD_StdEPReq)
    USBD_StdItfReq                           0x080036d1   Thumb Code    78  usbd_ctlreq.o(i.USBD_StdItfReq)
    USBD_static_free                         0x0800371f   Thumb Code     2  usbd_conf.o(i.USBD_static_free)
    USBD_static_malloc                       0x08003721   Thumb Code     4  usbd_conf.o(i.USBD_static_malloc)
    USB_ActivateEndpoint                     0x08003729   Thumb Code   608  stm32l1xx_ll_usb.o(i.USB_ActivateEndpoint)
    USB_DeactivateEndpoint                   0x08003989   Thumb Code   270  stm32l1xx_ll_usb.o(i.USB_DeactivateEndpoint)
    USB_DevConnect                           0x08003a97   Thumb Code     4  stm32l1xx_ll_usb.o(i.USB_DevConnect)
    USB_DevInit                              0x08003a9b   Thumb Code    30  stm32l1xx_ll_usb.o(i.USB_DevInit)
    USB_DisableGlobalInt                     0x08003ab9   Thumb Code    14  stm32l1xx_ll_usb.o(i.USB_DisableGlobalInt)
    USB_EP0_OutStart                         0x08003ac7   Thumb Code     4  stm32l1xx_ll_usb.o(i.USB_EP0_OutStart)
    USB_EPClearStall                         0x08003acb   Thumb Code   120  stm32l1xx_ll_usb.o(i.USB_EPClearStall)
    USB_EPSetStall                           0x08003b43   Thumb Code    50  stm32l1xx_ll_usb.o(i.USB_EPSetStall)
    USB_EPStartXfer                          0x08003b75   Thumb Code   386  stm32l1xx_ll_usb.o(i.USB_EPStartXfer)
    USB_EnableGlobalInt                      0x08003cf7   Thumb Code    14  stm32l1xx_ll_usb.o(i.USB_EnableGlobalInt)
    USB_LP_IRQHandler                        0x08003d05   Thumb Code     6  stm32l1xx_it.o(i.USB_LP_IRQHandler)
    USB_ReadInterrupts                       0x08003d11   Thumb Code     6  stm32l1xx_ll_usb.o(i.USB_ReadInterrupts)
    USB_ReadPMA                              0x08003d19   Thumb Code    44  stm32l1xx_ll_usb.o(i.USB_ReadPMA)
    USB_SetDevAddress                        0x08003d45   Thumb Code    12  stm32l1xx_ll_usb.o(i.USB_SetDevAddress)
    USB_WritePMA                             0x08003d51   Thumb Code    38  stm32l1xx_ll_usb.o(i.USB_WritePMA)
    UsageFault_Handler                       0x08003d77   Thumb Code     2  stm32l1xx_it.o(i.UsageFault_Handler)
    __scatterload_copy                       0x08003d99   Thumb Code    14  handlers.o(i.__scatterload_copy)
    __scatterload_null                       0x08003da7   Thumb Code     2  handlers.o(i.__scatterload_null)
    __scatterload_zeroinit                   0x08003da9   Thumb Code    14  handlers.o(i.__scatterload_zeroinit)
    delay                                    0x08003db9   Thumb Code    36  dht11.o(i.delay)
    main                                     0x08003de1   Thumb Code   336  main.o(i.main)
    PLLMulTable                              0x08003f44   Data           9  system_stm32l1xx.o(.constdata)
    AHBPrescTable                            0x08003f4d   Data          16  system_stm32l1xx.o(.constdata)
    Region$$Table$$Base                      0x08003f60   Number         0  anon$$obj.o(Region$$Table)
    Region$$Table$$Limit                     0x08003f80   Number         0  anon$$obj.o(Region$$Table)
    communication_states                     0x20000000   Data           1  main.o(.data)
    getdata                                  0x20000001   Data           5  main.o(.data)
    TXbuffer                                 0x20000006   Data           8  main.o(.data)
    RXbuffer                                 0x2000000e   Data           8  main.o(.data)
    Fre                                      0x20000018   Data          20  main.o(.data)
    FS_Desc                                  0x2000002c   Data          28  usbd_desc.o(.data)
    USBD_LangIDDesc                          0x20000048   Data           4  usbd_desc.o(.data)
    USBD_FS_DeviceDesc                       0x2000004c   Data          18  usbd_desc.o(.data)
    USBD_StringSerial                        0x20000060   Data          26  usbd_desc.o(.data)
    USBD_Interface_fops_FS                   0x2000007c   Data          16  usbd_cdc_if.o(.data)
    uwTickPrio                               0x2000008c   Data           4  stm32l1xx_hal.o(.data)
    uwTickFreq                               0x20000090   Data           4  stm32l1xx_hal.o(.data)
    uwTick                                   0x20000094   Data           4  stm32l1xx_hal.o(.data)
    SystemCoreClock                          0x20000098   Data           4  system_stm32l1xx.o(.data)
    USBD_CDC_CfgHSDesc                       0x200000ac   Data          67  usbd_cdc.o(.data)
    USBD_CDC_CfgFSDesc                       0x200000f0   Data          67  usbd_cdc.o(.data)
    USBD_CDC_OtherSpeedCfgDesc               0x20000134   Data          67  usbd_cdc.o(.data)
    USBD_CDC                                 0x20000178   Data          56  usbd_cdc.o(.data)
    G_BandWidthKHz                           0x200001b0   Data           4  sx127x_driver.o(.data)
    G_TsXms                                  0x200001b4   Data           4  sx127x_driver.o(.data)
    G_LoRaConfig                             0x200001b8   Data          12  sx127x_driver.o(.data)
    hspi1                                    0x200001c4   Data          88  main.o(.bss)
    htim10                                   0x2000021c   Data          60  main.o(.bss)
    htim11                                   0x20000258   Data          60  main.o(.bss)
    hUsbDeviceFS                             0x20000294   Data         668  usb_device.o(.bss)
    USBD_StrDesc                             0x20000530   Data         512  usbd_desc.o(.bss)
    UserRxBufferFS                           0x20000730   Data        1000  usbd_cdc_if.o(.bss)
    UserTxBufferFS                           0x20000b18   Data        1000  usbd_cdc_if.o(.bss)
    hpcd_USB_FS                              0x20001120   Data         620  usbd_conf.o(.bss)
    G_LoRaPara                               0x2000138c   Data          16  sx127x_driver.o(.bss)
    __initial_sp                             0x200017a0   Data           0  startup_stm32l151xba.o(STACK)



==============================================================================

Memory Map of the image

  Image Entry point : 0x080000f5

  Load Region LR_IROM1 (Base: 0x08000000, Size: 0x00004144, Max: 0x00010000, ABSOLUTE, COMPRESSED[0x00004070])

    Execution Region ER_IROM1 (Exec base: 0x08000000, Load base: 0x08000000, Size: 0x00003f80, Max: 0x00010000, ABSOLUTE)

    Exec Addr    Load Addr    Size         Type   Attr      Idx    E Section Name        Object

    0x08000000   0x08000000   0x000000f4   Data   RO            3    RESET               startup_stm32l151xba.o
    0x080000f4   0x080000f4   0x00000000   Code   RO         4234  * .ARM.Collect$$$$00000000  mc_w.l(entry.o)
    0x080000f4   0x080000f4   0x00000004   Code   RO         4253    .ARM.Collect$$$$00000001  mc_w.l(entry2.o)
    0x080000f8   0x080000f8   0x00000004   Code   RO         4256    .ARM.Collect$$$$00000004  mc_w.l(entry5.o)
    0x080000fc   0x080000fc   0x00000000   Code   RO         4258    .ARM.Collect$$$$00000008  mc_w.l(entry7b.o)
    0x080000fc   0x080000fc   0x00000000   Code   RO         4260    .ARM.Collect$$$$0000000A  mc_w.l(entry8b.o)
    0x080000fc   0x080000fc   0x00000008   Code   RO         4261    .ARM.Collect$$$$0000000B  mc_w.l(entry9a.o)
    0x08000104   0x08000104   0x00000000   Code   RO         4263    .ARM.Collect$$$$0000000D  mc_w.l(entry10a.o)
    0x08000104   0x08000104   0x00000000   Code   RO         4265    .ARM.Collect$$$$0000000F  mc_w.l(entry11a.o)
    0x08000104   0x08000104   0x00000004   Code   RO         4254    .ARM.Collect$$$$00002712  mc_w.l(entry2.o)
    0x08000108   0x08000108   0x00000024   Code   RO            4    .text               startup_stm32l151xba.o
    0x0800012c   0x0800012c   0x00000024   Code   RO         4237    .text               mc_w.l(memcpya.o)
    0x08000150   0x08000150   0x00000024   Code   RO         4239    .text               mc_w.l(memseta.o)
    0x08000174   0x08000174   0x0000007c   Code   RO         4243    .text               mf_w.l(fdiv.o)
    0x080001f0   0x080001f0   0x000000de   Code   RO         4245    .text               mf_w.l(ddiv.o)
    0x080002ce   0x080002ce   0x00000012   Code   RO         4247    .text               mf_w.l(fflti.o)
    0x080002e0   0x080002e0   0x0000001a   Code   RO         4249    .text               mf_w.l(dfltui.o)
    0x080002fa   0x080002fa   0x00000032   Code   RO         4251    .text               mf_w.l(dfixui.o)
    0x0800032c   0x0800032c   0x00000020   Code   RO         4267    .text               mc_w.l(llushr.o)
    0x0800034c   0x0800034c   0x00000000   Code   RO         4269    .text               mc_w.l(iusefp.o)
    0x0800034c   0x0800034c   0x0000006e   Code   RO         4270    .text               mf_w.l(fepilogue.o)
    0x080003ba   0x080003ba   0x000000ba   Code   RO         4272    .text               mf_w.l(depilogue.o)
    0x08000474   0x08000474   0x00000024   Code   RO         4274    .text               mc_w.l(init.o)
    0x08000498   0x08000498   0x0000001e   Code   RO         4276    .text               mc_w.l(llshl.o)
    0x080004b6   0x080004b6   0x00000056   Code   RO         4286    .text               mc_w.l(__dczerorl2.o)
    0x0800050c   0x0800050c   0x00000002   Code   RO          213    i.BusFault_Handler  stm32l1xx_it.o
    0x0800050e   0x0800050e   0x00000002   PAD
    0x08000510   0x08000510   0x00000064   Code   RO         3846    i.Byte_Read         dht11.o
    0x08000574   0x08000574   0x00000004   Code   RO          591    i.CDC_Control_FS    usbd_cdc_if.o
    0x08000578   0x08000578   0x00000004   Code   RO          592    i.CDC_DeInit_FS     usbd_cdc_if.o
    0x0800057c   0x0800057c   0x00000024   Code   RO          593    i.CDC_Init_FS       usbd_cdc_if.o
    0x080005a0   0x080005a0   0x00000018   Code   RO          594    i.CDC_Receive_FS    usbd_cdc_if.o
    0x080005b8   0x080005b8   0x0000003c   Code   RO         3847    i.Check_Response    dht11.o
    0x080005f4   0x080005f4   0x0000003c   Code   RO         3848    i.DHT11_start       dht11.o
    0x08000630   0x08000630   0x00000004   Code   RO         3908    i.DIO0_DisableInterrupt  sx127x_driver.o
    0x08000634   0x08000634   0x00000004   Code   RO         3909    i.DIO0_EnableInterrupt  sx127x_driver.o
    0x08000638   0x08000638   0x00000004   Code   RO         3910    i.DIO0_GetState     sx127x_driver.o
    0x0800063c   0x0800063c   0x00000002   Code   RO          214    i.DebugMon_Handler  stm32l1xx_it.o
    0x0800063e   0x0800063e   0x0000001e   Code   RO          215    i.EXTI15_10_IRQHandler  stm32l1xx_it.o
    0x0800065c   0x0800065c   0x00000002   Code   RO           13    i.Error_Handler     main.o
    0x0800065e   0x0800065e   0x00000002   PAD
    0x08000660   0x08000660   0x00000024   Code   RO         1309    i.HAL_Delay         stm32l1xx_hal.o
    0x08000684   0x08000684   0x00000040   Code   RO           14    i.HAL_GPIO_EXTI_Callback  main.o
    0x080006c4   0x080006c4   0x00000018   Code   RO         1940    i.HAL_GPIO_EXTI_IRQHandler  stm32l1xx_hal_gpio.o
    0x080006dc   0x080006dc   0x0000018c   Code   RO         1941    i.HAL_GPIO_Init     stm32l1xx_hal_gpio.o
    0x08000868   0x08000868   0x0000000a   Code   RO         1943    i.HAL_GPIO_ReadPin  stm32l1xx_hal_gpio.o
    0x08000872   0x08000872   0x0000000c   Code   RO         1944    i.HAL_GPIO_TogglePin  stm32l1xx_hal_gpio.o
    0x0800087e   0x0800087e   0x0000000a   Code   RO         1945    i.HAL_GPIO_WritePin  stm32l1xx_hal_gpio.o
    0x08000888   0x08000888   0x0000000c   Code   RO         1313    i.HAL_GetTick       stm32l1xx_hal.o
    0x08000894   0x08000894   0x00000010   Code   RO         1319    i.HAL_IncTick       stm32l1xx_hal.o
    0x080008a4   0x080008a4   0x0000001e   Code   RO         1320    i.HAL_Init          stm32l1xx_hal.o
    0x080008c2   0x080008c2   0x00000002   PAD
    0x080008c4   0x080008c4   0x00000044   Code   RO         1321    i.HAL_InitTick      stm32l1xx_hal.o
    0x08000908   0x08000908   0x0000003c   Code   RO          400    i.HAL_MspInit       stm32l1xx_hal_msp.o
    0x08000944   0x08000944   0x00000022   Code   RO         2283    i.HAL_NVIC_DisableIRQ  stm32l1xx_hal_cortex.o
    0x08000966   0x08000966   0x0000001a   Code   RO         2284    i.HAL_NVIC_EnableIRQ  stm32l1xx_hal_cortex.o
    0x08000980   0x08000980   0x00000040   Code   RO         2290    i.HAL_NVIC_SetPriority  stm32l1xx_hal_cortex.o
    0x080009c0   0x080009c0   0x00000024   Code   RO         2291    i.HAL_NVIC_SetPriorityGrouping  stm32l1xx_hal_cortex.o
    0x080009e4   0x080009e4   0x00000034   Code   RO         1065    i.HAL_PCDEx_PMAConfig  stm32l1xx_hal_pcd_ex.o
    0x08000a18   0x08000a18   0x00000002   Code   RO         1066    i.HAL_PCDEx_SetConnectionState  stm32l1xx_hal_pcd_ex.o
    0x08000a1a   0x08000a1a   0x0000000e   Code   RO          644    i.HAL_PCD_DataInStageCallback  usbd_conf.o
    0x08000a28   0x08000a28   0x00000010   Code   RO          645    i.HAL_PCD_DataOutStageCallback  usbd_conf.o
    0x08000a38   0x08000a38   0x00000048   Code   RO          858    i.HAL_PCD_EP_Close  stm32l1xx_hal_pcd.o
    0x08000a80   0x08000a80   0x00000058   Code   RO          859    i.HAL_PCD_EP_ClrStall  stm32l1xx_hal_pcd.o
    0x08000ad8   0x08000ad8   0x0000000e   Code   RO          861    i.HAL_PCD_EP_GetRxCount  stm32l1xx_hal_pcd.o
    0x08000ae6   0x08000ae6   0x0000005c   Code   RO          862    i.HAL_PCD_EP_Open   stm32l1xx_hal_pcd.o
    0x08000b42   0x08000b42   0x0000002e   Code   RO          863    i.HAL_PCD_EP_Receive  stm32l1xx_hal_pcd.o
    0x08000b70   0x08000b70   0x0000006a   Code   RO          864    i.HAL_PCD_EP_SetStall  stm32l1xx_hal_pcd.o
    0x08000bda   0x08000bda   0x0000002a   Code   RO          865    i.HAL_PCD_EP_Transmit  stm32l1xx_hal_pcd.o
    0x08000c04   0x08000c04   0x0000010c   Code   RO          867    i.HAL_PCD_IRQHandler  stm32l1xx_hal_pcd.o
    0x08000d10   0x08000d10   0x0000009e   Code   RO          870    i.HAL_PCD_Init      stm32l1xx_hal_pcd.o
    0x08000dae   0x08000dae   0x00000002   PAD
    0x08000db0   0x08000db0   0x0000003c   Code   RO          650    i.HAL_PCD_MspInit   usbd_conf.o
    0x08000dec   0x08000dec   0x00000026   Code   RO          651    i.HAL_PCD_ResetCallback  usbd_conf.o
    0x08000e12   0x08000e12   0x00000008   Code   RO          652    i.HAL_PCD_ResumeCallback  usbd_conf.o
    0x08000e1a   0x08000e1a   0x00000008   Code   RO          653    i.HAL_PCD_SOFCallback  usbd_conf.o
    0x08000e22   0x08000e22   0x00000028   Code   RO          876    i.HAL_PCD_SetAddress  stm32l1xx_hal_pcd.o
    0x08000e4a   0x08000e4a   0x0000000e   Code   RO          654    i.HAL_PCD_SetupStageCallback  usbd_conf.o
    0x08000e58   0x08000e58   0x00000032   Code   RO          878    i.HAL_PCD_Start     stm32l1xx_hal_pcd.o
    0x08000e8a   0x08000e8a   0x00000002   PAD
    0x08000e8c   0x08000e8c   0x00000024   Code   RO          655    i.HAL_PCD_SuspendCallback  usbd_conf.o
    0x08000eb0   0x08000eb0   0x000001a4   Code   RO         1477    i.HAL_RCC_ClockConfig  stm32l1xx_hal_rcc.o
    0x08001054   0x08001054   0x00000060   Code   RO         1486    i.HAL_RCC_GetSysClockFreq  stm32l1xx_hal_rcc.o
    0x080010b4   0x080010b4   0x00000428   Code   RO         1489    i.HAL_RCC_OscConfig  stm32l1xx_hal_rcc.o
    0x080014dc   0x080014dc   0x00000072   Code   RO         2425    i.HAL_SPI_Init      stm32l1xx_hal_spi.o
    0x0800154e   0x0800154e   0x00000002   PAD
    0x08001550   0x08001550   0x00000068   Code   RO          402    i.HAL_SPI_MspInit   stm32l1xx_hal_msp.o
    0x080015b8   0x080015b8   0x000001e2   Code   RO         2434    i.HAL_SPI_TransmitReceive  stm32l1xx_hal_spi.o
    0x0800179a   0x0800179a   0x00000028   Code   RO         2295    i.HAL_SYSTICK_Config  stm32l1xx_hal_cortex.o
    0x080017c2   0x080017c2   0x00000036   Code   RO         2738    i.HAL_TIM_Base_Init  stm32l1xx_hal_tim.o
    0x080017f8   0x080017f8   0x00000054   Code   RO          404    i.HAL_TIM_Base_MspInit  stm32l1xx_hal_msp.o
    0x0800184c   0x0800184c   0x00000024   Code   RO         2741    i.HAL_TIM_Base_Start  stm32l1xx_hal_tim.o
    0x08001870   0x08001870   0x00000024   Code   RO         2744    i.HAL_TIM_Base_Stop  stm32l1xx_hal_tim.o
    0x08001894   0x08001894   0x00000022   Code   RO         2746    i.HAL_TIM_Base_Stop_IT  stm32l1xx_hal_tim.o
    0x080018b6   0x080018b6   0x000000d6   Code   RO         2747    i.HAL_TIM_ConfigClockSource  stm32l1xx_hal_tim.o
    0x0800198c   0x0800198c   0x00000002   Code   RO         2767    i.HAL_TIM_IC_CaptureCallback  stm32l1xx_hal_tim.o
    0x0800198e   0x0800198e   0x00000126   Code   RO         2781    i.HAL_TIM_IRQHandler  stm32l1xx_hal_tim.o
    0x08001ab4   0x08001ab4   0x00000002   Code   RO         2784    i.HAL_TIM_OC_DelayElapsedCallback  stm32l1xx_hal_tim.o
    0x08001ab6   0x08001ab6   0x00000002   Code   RO         2811    i.HAL_TIM_PWM_PulseFinishedCallback  stm32l1xx_hal_tim.o
    0x08001ab8   0x08001ab8   0x00000024   Code   RO           15    i.HAL_TIM_PeriodElapsedCallback  main.o
    0x08001adc   0x08001adc   0x00000002   Code   RO         2824    i.HAL_TIM_TriggerCallback  stm32l1xx_hal_tim.o
    0x08001ade   0x08001ade   0x00000002   Code   RO          216    i.HardFault_Handler  stm32l1xx_it.o
    0x08001ae0   0x08001ae0   0x00000038   Code   RO          505    i.IntToUnicode      usbd_desc.o
    0x08001b18   0x08001b18   0x000000e0   Code   RO         3918    i.LoRaConfig_Check  sx127x_driver.o
    0x08001bf8   0x08001bf8   0x000000f0   Code   RO           16    i.MX_GPIO_Init      main.o
    0x08001ce8   0x08001ce8   0x00000034   Code   RO           17    i.MX_SPI1_Init      main.o
    0x08001d1c   0x08001d1c   0x00000054   Code   RO          448    i.MX_USB_DEVICE_Init  usb_device.o
    0x08001d70   0x08001d70   0x00000002   Code   RO          217    i.MemManage_Handler  stm32l1xx_it.o
    0x08001d72   0x08001d72   0x00000002   Code   RO          218    i.NMI_Handler       stm32l1xx_it.o
    0x08001d74   0x08001d74   0x000002c4   Code   RO          881    i.PCD_EP_ISR_Handler  stm32l1xx_hal_pcd.o
    0x08002038   0x08002038   0x00000002   Code   RO          219    i.PendSV_Handler    stm32l1xx_it.o
    0x0800203a   0x0800203a   0x00000002   PAD
    0x0800203c   0x0800203c   0x00000080   Code   RO         1490    i.RCC_SetFlashLatencyFromMSIRange  stm32l1xx_hal_rcc.o
    0x080020bc   0x080020bc   0x00000068   Code   RO         3849    i.Read_DHT11        dht11.o
    0x08002124   0x08002124   0x00000040   Code   RO         2463    i.SPI_EndRxTxTransaction  stm32l1xx_hal_spi.o
    0x08002164   0x08002164   0x00000094   Code   RO         2468    i.SPI_WaitFlagStateUntilTimeout  stm32l1xx_hal_spi.o
    0x080021f8   0x080021f8   0x00000002   Code   RO          220    i.SVC_Handler       stm32l1xx_it.o
    0x080021fa   0x080021fa   0x0000001e   Code   RO         3919    i.SX127XWriteRxTx   sx127x_driver.o
    0x08002218   0x08002218   0x00000010   Code   RO         4130    i.SX127X_DIO0_GetState  sx127x_hal.o
    0x08002228   0x08002228   0x00000048   Code   RO         4131    i.SX127X_DIO0_INPUT  sx127x_hal.o
    0x08002270   0x08002270   0x00000006   Code   RO         4132    i.SX127X_DIO0_INTDISABLE  sx127x_hal.o
    0x08002276   0x08002276   0x00000006   Code   RO         4133    i.SX127X_DIO0_INTENABLE  sx127x_hal.o
    0x0800227c   0x0800227c   0x00000040   Code   RO         4134    i.SX127X_DIO1_INPUT  sx127x_hal.o
    0x080022bc   0x080022bc   0x00000040   Code   RO         4135    i.SX127X_DIO2_INPUT  sx127x_hal.o
    0x080022fc   0x080022fc   0x000000a4   Code   RO         3924    i.SX127X_FreqSet    sx127x_driver.o
    0x080023a0   0x080023a0   0x00000028   Code   RO         3925    i.SX127X_InitIo     sx127x_driver.o
    0x080023c8   0x080023c8   0x00000104   Code   RO         3926    i.SX127X_Lora_init  sx127x_driver.o
    0x080024cc   0x080024cc   0x00000010   Code   RO         4136    i.SX127X_NSS_OUTPUT  sx127x_hal.o
    0x080024dc   0x080024dc   0x0000005c   Code   RO         3927    i.SX127X_PoutSet    sx127x_driver.o
    0x08002538   0x08002538   0x00000048   Code   RO         4137    i.SX127X_RESET_OUTPUT  sx127x_hal.o
    0x08002580   0x08002580   0x00000048   Code   RO         4138    i.SX127X_RXE_OUTPUT  sx127x_hal.o
    0x080025c8   0x080025c8   0x00000006   Code   RO         3928    i.SX127X_Read       sx127x_driver.o
    0x080025ce   0x080025ce   0x00000034   Code   RO         4139    i.SX127X_ReadBuffer  sx127x_hal.o
    0x08002602   0x08002602   0x0000000a   Code   RO         3929    i.SX127X_ReadFifo   sx127x_driver.o
    0x0800260c   0x0800260c   0x00000020   Code   RO         4140    i.SX127X_ReadWriteByte  sx127x_hal.o
    0x0800262c   0x0800262c   0x0000001e   Code   RO         3930    i.SX127X_Reset      sx127x_driver.o
    0x0800264a   0x0800264a   0x00000002   PAD
    0x0800264c   0x0800264c   0x0000008c   Code   RO         3931    i.SX127X_RxPacket   sx127x_driver.o
    0x080026d8   0x080026d8   0x00000024   Code   RO         4141    i.SX127X_SPIGPIO_Init  sx127x_hal.o
    0x080026fc   0x080026fc   0x0000004c   Code   RO         4142    i.SX127X_SPI_Init   sx127x_hal.o
    0x08002748   0x08002748   0x00000008   Code   RO         3933    i.SX127X_StandbyMode  sx127x_driver.o
    0x08002750   0x08002750   0x0000005c   Code   RO         3934    i.SX127X_StartRx    sx127x_driver.o
    0x080027ac   0x080027ac   0x00000048   Code   RO         4143    i.SX127X_TXE_OUTPUT  sx127x_hal.o
    0x080027f4   0x080027f4   0x00000068   Code   RO         3935    i.SX127X_TxPacket   sx127x_driver.o
    0x0800285c   0x0800285c   0x0000000c   Code   RO         3939    i.SX127X_Write      sx127x_driver.o
    0x08002868   0x08002868   0x00000032   Code   RO         4144    i.SX127X_WriteBuffer  sx127x_hal.o
    0x0800289a   0x0800289a   0x00000026   Code   RO         3850    i.Set_Pin_Input     dht11.o
    0x080028c0   0x080028c0   0x00000026   Code   RO         3851    i.Set_Pin_Output    dht11.o
    0x080028e6   0x080028e6   0x00000004   Code   RO          221    i.SysTick_Handler   stm32l1xx_it.o
    0x080028ea   0x080028ea   0x00000002   PAD
    0x080028ec   0x080028ec   0x00000060   Code   RO           19    i.SystemClock_Config  main.o
    0x0800294c   0x0800294c   0x00000050   Code   RO         3440    i.SystemInit        system_stm32l1xx.o
    0x0800299c   0x0800299c   0x0000000c   Code   RO          222    i.TIM11_IRQHandler  stm32l1xx_it.o
    0x080029a8   0x080029a8   0x00000074   Code   RO         2826    i.TIM_Base_SetConfig  stm32l1xx_hal_tim.o
    0x08002a1c   0x08002a1c   0x00000014   Code   RO         2837    i.TIM_ETR_SetConfig  stm32l1xx_hal_tim.o
    0x08002a30   0x08002a30   0x00000010   Code   RO         2838    i.TIM_ITRx_SetConfig  stm32l1xx_hal_tim.o
    0x08002a40   0x08002a40   0x00000022   Code   RO         2844    i.TIM_TI1_ConfigInputStage  stm32l1xx_hal_tim.o
    0x08002a62   0x08002a62   0x00000024   Code   RO         2846    i.TIM_TI2_ConfigInputStage  stm32l1xx_hal_tim.o
    0x08002a86   0x08002a86   0x00000046   Code   RO         3740    i.USBD_CDC_DataIn   usbd_cdc.o
    0x08002acc   0x08002acc   0x0000002e   Code   RO         3741    i.USBD_CDC_DataOut  usbd_cdc.o
    0x08002afa   0x08002afa   0x00000044   Code   RO         3742    i.USBD_CDC_DeInit   usbd_cdc.o
    0x08002b3e   0x08002b3e   0x00000024   Code   RO         3743    i.USBD_CDC_EP0_RxReady  usbd_cdc.o
    0x08002b62   0x08002b62   0x00000002   PAD
    0x08002b64   0x08002b64   0x0000000c   Code   RO         3744    i.USBD_CDC_GetDeviceQualifierDescriptor  usbd_cdc.o
    0x08002b70   0x08002b70   0x0000000c   Code   RO         3745    i.USBD_CDC_GetFSCfgDesc  usbd_cdc.o
    0x08002b7c   0x08002b7c   0x0000000c   Code   RO         3746    i.USBD_CDC_GetHSCfgDesc  usbd_cdc.o
    0x08002b88   0x08002b88   0x0000000c   Code   RO         3747    i.USBD_CDC_GetOtherSpeedCfgDesc  usbd_cdc.o
    0x08002b94   0x08002b94   0x00000094   Code   RO         3748    i.USBD_CDC_Init     usbd_cdc.o
    0x08002c28   0x08002c28   0x00000028   Code   RO         3749    i.USBD_CDC_ReceivePacket  usbd_cdc.o
    0x08002c50   0x08002c50   0x00000010   Code   RO         3750    i.USBD_CDC_RegisterInterface  usbd_cdc.o
    0x08002c60   0x08002c60   0x0000000c   Code   RO         3751    i.USBD_CDC_SetRxBuffer  usbd_cdc.o
    0x08002c6c   0x08002c6c   0x00000010   Code   RO         3752    i.USBD_CDC_SetTxBuffer  usbd_cdc.o
    0x08002c7c   0x08002c7c   0x000000ac   Code   RO         3753    i.USBD_CDC_Setup    usbd_cdc.o
    0x08002d28   0x08002d28   0x0000000e   Code   RO         3477    i.USBD_ClrClassConfig  usbd_core.o
    0x08002d36   0x08002d36   0x00000010   Code   RO         3680    i.USBD_CtlContinueRx  usbd_ioreq.o
    0x08002d46   0x08002d46   0x00000010   Code   RO         3681    i.USBD_CtlContinueSendData  usbd_ioreq.o
    0x08002d56   0x08002d56   0x00000016   Code   RO         3615    i.USBD_CtlError     usbd_ctlreq.o
    0x08002d6c   0x08002d6c   0x0000001e   Code   RO         3682    i.USBD_CtlPrepareRx  usbd_ioreq.o
    0x08002d8a   0x08002d8a   0x00000016   Code   RO         3683    i.USBD_CtlReceiveStatus  usbd_ioreq.o
    0x08002da0   0x08002da0   0x0000001a   Code   RO         3684    i.USBD_CtlSendData  usbd_ioreq.o
    0x08002dba   0x08002dba   0x00000016   Code   RO         3685    i.USBD_CtlSendStatus  usbd_ioreq.o
    0x08002dd0   0x08002dd0   0x00000020   Code   RO          506    i.USBD_FS_ConfigStrDescriptor  usbd_desc.o
    0x08002df0   0x08002df0   0x0000000c   Code   RO          507    i.USBD_FS_DeviceDescriptor  usbd_desc.o
    0x08002dfc   0x08002dfc   0x00000024   Code   RO          508    i.USBD_FS_InterfaceStrDescriptor  usbd_desc.o
    0x08002e20   0x08002e20   0x0000000c   Code   RO          509    i.USBD_FS_LangIDStrDescriptor  usbd_desc.o
    0x08002e2c   0x08002e2c   0x00000028   Code   RO          510    i.USBD_FS_ManufacturerStrDescriptor  usbd_desc.o
    0x08002e54   0x08002e54   0x0000002c   Code   RO          511    i.USBD_FS_ProductStrDescriptor  usbd_desc.o
    0x08002e80   0x08002e80   0x00000034   Code   RO          512    i.USBD_FS_SerialStrDescriptor  usbd_desc.o
    0x08002eb4   0x08002eb4   0x000000e8   Code   RO         3616    i.USBD_GetDescriptor  usbd_ctlreq.o
    0x08002f9c   0x08002f9c   0x00000048   Code   RO         3617    i.USBD_GetString    usbd_ctlreq.o
    0x08002fe4   0x08002fe4   0x00000018   Code   RO          656    i.USBD_Get_USB_Status  usbd_conf.o
    0x08002ffc   0x08002ffc   0x0000002a   Code   RO         3479    i.USBD_Init         usbd_core.o
    0x08003026   0x08003026   0x00000012   Code   RO          657    i.USBD_LL_ClearStallEP  usbd_conf.o
    0x08003038   0x08003038   0x00000012   Code   RO          658    i.USBD_LL_CloseEP   usbd_conf.o
    0x0800304a   0x0800304a   0x000000c6   Code   RO         3480    i.USBD_LL_DataInStage  usbd_core.o
    0x08003110   0x08003110   0x00000082   Code   RO         3481    i.USBD_LL_DataOutStage  usbd_core.o
    0x08003192   0x08003192   0x00000008   Code   RO          662    i.USBD_LL_GetRxDataSize  usbd_conf.o
    0x0800319a   0x0800319a   0x00000002   PAD
    0x0800319c   0x0800319c   0x00000080   Code   RO          663    i.USBD_LL_Init      usbd_conf.o
    0x0800321c   0x0800321c   0x0000001c   Code   RO          664    i.USBD_LL_IsStallEP  usbd_conf.o
    0x08003238   0x08003238   0x00000018   Code   RO          665    i.USBD_LL_OpenEP    usbd_conf.o
    0x08003250   0x08003250   0x00000012   Code   RO          666    i.USBD_LL_PrepareReceive  usbd_conf.o
    0x08003262   0x08003262   0x00000050   Code   RO         3486    i.USBD_LL_Reset     usbd_core.o
    0x080032b2   0x080032b2   0x0000000c   Code   RO         3487    i.USBD_LL_Resume    usbd_core.o
    0x080032be   0x080032be   0x00000018   Code   RO         3488    i.USBD_LL_SOF       usbd_core.o
    0x080032d6   0x080032d6   0x00000006   Code   RO         3489    i.USBD_LL_SetSpeed  usbd_core.o
    0x080032dc   0x080032dc   0x00000012   Code   RO          667    i.USBD_LL_SetUSBAddress  usbd_conf.o
    0x080032ee   0x080032ee   0x0000005a   Code   RO         3490    i.USBD_LL_SetupStage  usbd_core.o
    0x08003348   0x08003348   0x00000012   Code   RO          668    i.USBD_LL_StallEP   usbd_conf.o
    0x0800335a   0x0800335a   0x00000012   Code   RO          669    i.USBD_LL_Start     usbd_conf.o
    0x0800336c   0x0800336c   0x00000012   Code   RO         3491    i.USBD_LL_Suspend   usbd_core.o
    0x0800337e   0x0800337e   0x00000012   Code   RO          671    i.USBD_LL_Transmit  usbd_conf.o
    0x08003390   0x08003390   0x00000028   Code   RO         3618    i.USBD_ParseSetupRequest  usbd_ctlreq.o
    0x080033b8   0x080033b8   0x00000010   Code   RO         3492    i.USBD_RegisterClass  usbd_core.o
    0x080033c8   0x080033c8   0x00000016   Code   RO         3494    i.USBD_SetClassConfig  usbd_core.o
    0x080033de   0x080033de   0x00000002   PAD
    0x080033e0   0x080033e0   0x00000084   Code   RO         3619    i.USBD_SetConfig    usbd_ctlreq.o
    0x08003464   0x08003464   0x0000000a   Code   RO         3495    i.USBD_Start        usbd_core.o
    0x0800346e   0x0800346e   0x00000112   Code   RO         3620    i.USBD_StdDevReq    usbd_ctlreq.o
    0x08003580   0x08003580   0x00000150   Code   RO         3621    i.USBD_StdEPReq     usbd_ctlreq.o
    0x080036d0   0x080036d0   0x0000004e   Code   RO         3622    i.USBD_StdItfReq    usbd_ctlreq.o
    0x0800371e   0x0800371e   0x00000002   Code   RO          672    i.USBD_static_free  usbd_conf.o
    0x08003720   0x08003720   0x00000008   Code   RO          673    i.USBD_static_malloc  usbd_conf.o
    0x08003728   0x08003728   0x00000260   Code   RO         1105    i.USB_ActivateEndpoint  stm32l1xx_ll_usb.o
    0x08003988   0x08003988   0x0000010e   Code   RO         1110    i.USB_DeactivateEndpoint  stm32l1xx_ll_usb.o
    0x08003a96   0x08003a96   0x00000004   Code   RO         1111    i.USB_DevConnect    stm32l1xx_ll_usb.o
    0x08003a9a   0x08003a9a   0x0000001e   Code   RO         1113    i.USB_DevInit       stm32l1xx_ll_usb.o
    0x08003ab8   0x08003ab8   0x0000000e   Code   RO         1114    i.USB_DisableGlobalInt  stm32l1xx_ll_usb.o
    0x08003ac6   0x08003ac6   0x00000004   Code   RO         1115    i.USB_EP0_OutStart  stm32l1xx_ll_usb.o
    0x08003aca   0x08003aca   0x00000078   Code   RO         1116    i.USB_EPClearStall  stm32l1xx_ll_usb.o
    0x08003b42   0x08003b42   0x00000032   Code   RO         1117    i.USB_EPSetStall    stm32l1xx_ll_usb.o
    0x08003b74   0x08003b74   0x00000182   Code   RO         1118    i.USB_EPStartXfer   stm32l1xx_ll_usb.o
    0x08003cf6   0x08003cf6   0x0000000e   Code   RO         1119    i.USB_EnableGlobalInt  stm32l1xx_ll_usb.o
    0x08003d04   0x08003d04   0x0000000c   Code   RO          223    i.USB_LP_IRQHandler  stm32l1xx_it.o
    0x08003d10   0x08003d10   0x00000006   Code   RO         1126    i.USB_ReadInterrupts  stm32l1xx_ll_usb.o
    0x08003d16   0x08003d16   0x00000002   PAD
    0x08003d18   0x08003d18   0x0000002c   Code   RO         1127    i.USB_ReadPMA       stm32l1xx_ll_usb.o
    0x08003d44   0x08003d44   0x0000000c   Code   RO         1130    i.USB_SetDevAddress  stm32l1xx_ll_usb.o
    0x08003d50   0x08003d50   0x00000026   Code   RO         1133    i.USB_WritePMA      stm32l1xx_ll_usb.o
    0x08003d76   0x08003d76   0x00000002   Code   RO          224    i.UsageFault_Handler  stm32l1xx_it.o
    0x08003d78   0x08003d78   0x00000020   Code   RO         2297    i.__NVIC_SetPriority  stm32l1xx_hal_cortex.o
    0x08003d98   0x08003d98   0x0000000e   Code   RO         4280    i.__scatterload_copy  mc_w.l(handlers.o)
    0x08003da6   0x08003da6   0x00000002   Code   RO         4281    i.__scatterload_null  mc_w.l(handlers.o)
    0x08003da8   0x08003da8   0x0000000e   Code   RO         4282    i.__scatterload_zeroinit  mc_w.l(handlers.o)
    0x08003db6   0x08003db6   0x00000002   PAD
    0x08003db8   0x08003db8   0x00000028   Code   RO         3852    i.delay             dht11.o
    0x08003de0   0x08003de0   0x00000164   Code   RO           20    i.main              main.o
    0x08003f44   0x08003f44   0x00000019   Data   RO         3441    .constdata          system_stm32l1xx.o
    0x08003f5d   0x08003f5d   0x00000003   PAD
    0x08003f60   0x08003f60   0x00000020   Data   RO         4278    Region$$Table       anon$$obj.o


    Execution Region RW_IRAM1 (Exec base: 0x20000000, Load base: 0x08003f80, Size: 0x000017a0, Max: 0x00008000, ABSOLUTE, COMPRESSED[0x000000f0])

    Exec Addr    Load Addr    Size         Type   Attr      Idx    E Section Name        Object

    0x20000000   COMPRESSED   0x0000002c   Data   RW           22    .data               main.o
    0x2000002c   COMPRESSED   0x0000001c   Data   RW          514    .data               usbd_desc.o
    0x20000048   COMPRESSED   0x00000032   Data   RW          515    .data               usbd_desc.o
    0x2000007a   COMPRESSED   0x00000002   PAD
    0x2000007c   COMPRESSED   0x00000010   Data   RW          597    .data               usbd_cdc_if.o
    0x2000008c   COMPRESSED   0x0000000c   Data   RW         1327    .data               stm32l1xx_hal.o
    0x20000098   COMPRESSED   0x00000004   Data   RW         3443    .data               system_stm32l1xx.o
    0x2000009c   COMPRESSED   0x00000001   Data   RW         3623    .data               usbd_ctlreq.o
    0x2000009d   COMPRESSED   0x00000003   PAD
    0x200000a0   COMPRESSED   0x000000d7   Data   RW         3755    .data               usbd_cdc.o
    0x20000177   COMPRESSED   0x00000001   PAD
    0x20000178   COMPRESSED   0x00000038   Data   RW         3756    .data               usbd_cdc.o
    0x200001b0   COMPRESSED   0x00000014   Data   RW         3944    .data               sx127x_driver.o
    0x200001c4        -       0x000000d0   Zero   RW           21    .bss                main.o
    0x20000294        -       0x0000029c   Zero   RW          449    .bss                usb_device.o
    0x20000530        -       0x00000200   Zero   RW          513    .bss                usbd_desc.o
    0x20000730        -       0x000007d0   Zero   RW          596    .bss                usbd_cdc_if.o
    0x20000f00        -       0x0000048c   Zero   RW          674    .bss                usbd_conf.o
    0x2000138c        -       0x00000010   Zero   RW         3942    .bss                sx127x_driver.o
    0x2000139c   COMPRESSED   0x00000004   PAD
    0x200013a0        -       0x00000400   Zero   RW            1    STACK               startup_stm32l151xba.o


==============================================================================

Image component sizes


      Code (inc. data)   RO Data    RW Data    ZI Data      Debug   Object Name

       440         26          0          0          0       4930   dht11.o
       846         68          0         44        208     362858   main.o
        36          8        244          0       1024        812   startup_stm32l151xba.o
       162         24          0         12          0       3865   stm32l1xx_hal.o
       232         14          0          0          0      31321   stm32l1xx_hal_cortex.o
       452         38          0          0          0       4151   stm32l1xx_hal_gpio.o
       248         28          0          0          0       2239   stm32l1xx_hal_msp.o
      1684          0          0          0          0      10374   stm32l1xx_hal_pcd.o
        54          0          0          0          0       1729   stm32l1xx_hal_pcd_ex.o
      1708         90          0          0          0       5070   stm32l1xx_hal_rcc.o
       808          0          0          0          0       4581   stm32l1xx_hal_spi.o
       898         22          0          0          0      10914   stm32l1xx_hal_tim.o
        74         12          0          0          0     372284   stm32l1xx_it.o
      1600          0          0          0          0      12965   stm32l1xx_ll_usb.o
      1224        110          0         20         16      26675   sx127x_driver.o
       706         98          0          0          0       9254   sx127x_hal.o
        80         18         25          4          0       1239   system_stm32l1xx.o
        84         18          0          0        668       7171   usb_device.o
       672         16          0        271          0      12356   usbd_cdc.o
        68         16          0         16       2000       2678   usbd_cdc_if.o
       542         30          0          0       1164      13766   usbd_conf.o
       662          0          0          0          0       9495   usbd_core.o
      1186         28          0          1          0       7892   usbd_ctlreq.o
       284        104          0         78        512       5945   usbd_desc.o
       132          0          0          0          0       4344   usbd_ioreq.o

    ----------------------------------------------------------------------
     14908        768        304        452       5596     928908   Object Totals
         0          0         32          0          0          0   (incl. Generated)
        26          0          3          6          4          0   (incl. Padding)

    ----------------------------------------------------------------------

      Code (inc. data)   RO Data    RW Data    ZI Data      Debug   Library Member Name

        86          0          0          0          0          0   __dczerorl2.o
         0          0          0          0          0          0   entry.o
         0          0          0          0          0          0   entry10a.o
         0          0          0          0          0          0   entry11a.o
         8          4          0          0          0          0   entry2.o
         4          0          0          0          0          0   entry5.o
         0          0          0          0          0          0   entry7b.o
         0          0          0          0          0          0   entry8b.o
         8          4          0          0          0          0   entry9a.o
        30          0          0          0          0          0   handlers.o
        36          8          0          0          0         68   init.o
         0          0          0          0          0          0   iusefp.o
        30          0          0          0          0         68   llshl.o
        32          0          0          0          0         68   llushr.o
        36          0          0          0          0         68   memcpya.o
        36          0          0          0          0        108   memseta.o
       222          0          0          0          0        100   ddiv.o
       186          0          0          0          0        176   depilogue.o
        50          0          0          0          0         76   dfixui.o
        26          0          0          0          0         76   dfltui.o
       124          0          0          0          0         88   fdiv.o
       110          0          0          0          0        168   fepilogue.o
        18          0          0          0          0         68   fflti.o

    ----------------------------------------------------------------------
      1044         16          0          0          0       1132   Library Totals
         2          0          0          0          0          0   (incl. Padding)

    ----------------------------------------------------------------------

      Code (inc. data)   RO Data    RW Data    ZI Data      Debug   Library Name

       306         16          0          0          0        380   mc_w.l
       736          0          0          0          0        752   mf_w.l

    ----------------------------------------------------------------------
      1044         16          0          0          0       1132   Library Totals

    ----------------------------------------------------------------------

==============================================================================


      Code (inc. data)   RO Data    RW Data    ZI Data      Debug   

     15952        784        304        452       5596     919248   Grand Totals
     15952        784        304        240       5596     919248   ELF Image Totals (compressed)
     15952        784        304        240          0          0   ROM Totals

==============================================================================

    Total RO  Size (Code + RO Data)                16256 (  15.88kB)
    Total RW  Size (RW Data + ZI Data)              6048 (   5.91kB)
    Total ROM Size (Code + RO Data + RW Data)      16496 (  16.11kB)

==============================================================================

