Component: ARM Compiler 5.06 update 6 (build 750) Tool: armlink [4d35ed]

==============================================================================

Section Cross References

    startup_stm32l151xba.o(RESET) refers to startup_stm32l151xba.o(STACK) for __initial_sp
    startup_stm32l151xba.o(RESET) refers to startup_stm32l151xba.o(.text) for Reset_Handler
    startup_stm32l151xba.o(RESET) refers to stm32l1xx_it.o(i.NMI_Handler) for NMI_Handler
    startup_stm32l151xba.o(RESET) refers to stm32l1xx_it.o(i.HardFault_Handler) for HardFault_Handler
    startup_stm32l151xba.o(RESET) refers to stm32l1xx_it.o(i.MemManage_Handler) for MemManage_Handler
    startup_stm32l151xba.o(RESET) refers to stm32l1xx_it.o(i.BusFault_Handler) for BusFault_Handler
    startup_stm32l151xba.o(RESET) refers to stm32l1xx_it.o(i.UsageFault_Handler) for UsageFault_Handler
    startup_stm32l151xba.o(RESET) refers to stm32l1xx_it.o(i.SVC_Handler) for SVC_Handler
    startup_stm32l151xba.o(RESET) refers to stm32l1xx_it.o(i.DebugMon_Handler) for DebugMon_Handler
    startup_stm32l151xba.o(RESET) refers to stm32l1xx_it.o(i.PendSV_Handler) for PendSV_Handler
    startup_stm32l151xba.o(RESET) refers to stm32l1xx_it.o(i.SysTick_Handler) for SysTick_Handler
    startup_stm32l151xba.o(RESET) refers to stm32l1xx_it.o(i.EXTI9_5_IRQHandler) for EXTI9_5_IRQHandler
    startup_stm32l151xba.o(RESET) refers to stm32l1xx_it.o(i.TIM11_IRQHandler) for TIM11_IRQHandler
    startup_stm32l151xba.o(RESET) refers to stm32l1xx_it.o(i.EXTI15_10_IRQHandler) for EXTI15_10_IRQHandler
    startup_stm32l151xba.o(.text) refers to system_stm32l1xx.o(i.SystemInit) for SystemInit
    startup_stm32l151xba.o(.text) refers to entry.o(.ARM.Collect$$$$00000000) for __main
    main.o(i.HAL_GPIO_EXTI_Callback) refers to sx127x_driver.o(i.DIO0_GetState) for DIO0_GetState
    main.o(i.HAL_GPIO_EXTI_Callback) refers to sx127x_driver.o(i.SX127X_Read) for SX127X_Read
    main.o(i.HAL_GPIO_EXTI_Callback) refers to sx127x_driver.o(i.SX127X_Write) for SX127X_Write
    main.o(i.HAL_GPIO_EXTI_Callback) refers to stm32l1xx_hal_gpio.o(i.HAL_GPIO_ReadPin) for HAL_GPIO_ReadPin
    main.o(i.HAL_GPIO_EXTI_Callback) refers to stm32l1xx_hal.o(i.HAL_Delay) for HAL_Delay
    main.o(i.HAL_GPIO_EXTI_Callback) refers to gui.o(i.LCD_ShowNum) for LCD_ShowNum
    main.o(i.HAL_GPIO_EXTI_Callback) refers to main.o(.data) for .data
    main.o(i.MX_GPIO_Init) refers to memseta.o(.text) for __aeabi_memclr4
    main.o(i.MX_GPIO_Init) refers to stm32l1xx_hal_gpio.o(i.HAL_GPIO_WritePin) for HAL_GPIO_WritePin
    main.o(i.MX_GPIO_Init) refers to stm32l1xx_hal_gpio.o(i.HAL_GPIO_Init) for HAL_GPIO_Init
    main.o(i.MX_GPIO_Init) refers to stm32l1xx_hal_cortex.o(i.HAL_NVIC_SetPriority) for HAL_NVIC_SetPriority
    main.o(i.MX_GPIO_Init) refers to stm32l1xx_hal_cortex.o(i.HAL_NVIC_EnableIRQ) for HAL_NVIC_EnableIRQ
    main.o(i.MX_SPI1_Init) refers to stm32l1xx_hal_spi.o(i.HAL_SPI_Init) for HAL_SPI_Init
    main.o(i.MX_SPI1_Init) refers to main.o(.bss) for .bss
    main.o(i.MX_TIM11_Init_Ms) refers to stm32l1xx_hal_tim.o(i.HAL_TIM_Base_Init) for HAL_TIM_Base_Init
    main.o(i.MX_TIM11_Init_Ms) refers to stm32l1xx_hal_tim.o(i.HAL_TIM_ConfigClockSource) for HAL_TIM_ConfigClockSource
    main.o(i.MX_TIM11_Init_Ms) refers to stm32l1xx_hal_tim_ex.o(i.HAL_TIMEx_MasterConfigSynchronization) for HAL_TIMEx_MasterConfigSynchronization
    main.o(i.MX_TIM11_Init_Ms) refers to main.o(.bss) for .bss
    main.o(i.SystemClock_Config) refers to memseta.o(.text) for __aeabi_memclr4
    main.o(i.SystemClock_Config) refers to stm32l1xx_hal_rcc.o(i.HAL_RCC_OscConfig) for HAL_RCC_OscConfig
    main.o(i.SystemClock_Config) refers to stm32l1xx_hal_rcc.o(i.HAL_RCC_ClockConfig) for HAL_RCC_ClockConfig
    main.o(i.main) refers to stm32l1xx_hal.o(i.HAL_Init) for HAL_Init
    main.o(i.main) refers to main.o(i.SystemClock_Config) for SystemClock_Config
    main.o(i.main) refers to main.o(i.MX_GPIO_Init) for MX_GPIO_Init
    main.o(i.main) refers to main.o(i.MX_SPI1_Init) for MX_SPI1_Init
    main.o(i.main) refers to stm32l1xx_hal_tim.o(i.HAL_TIM_Base_Init) for HAL_TIM_Base_Init
    main.o(i.main) refers to stm32l1xx_hal_tim.o(i.HAL_TIM_ConfigClockSource) for HAL_TIM_ConfigClockSource
    main.o(i.main) refers to lcd.o(i.LCD_Init) for LCD_Init
    main.o(i.main) refers to sx127x_driver.o(i.SX127X_Lora_init) for SX127X_Lora_init
    main.o(i.main) refers to gui.o(i.Show_Str) for Show_Str
    main.o(i.main) refers to sx127x_driver.o(i.DIO0_EnableInterrupt) for DIO0_EnableInterrupt
    main.o(i.main) refers to sx127x_driver.o(i.SX127X_StartRx) for SX127X_StartRx
    main.o(i.main) refers to stm32l1xx_hal.o(i.HAL_Delay) for HAL_Delay
    main.o(i.main) refers to sx127x_driver.o(i.SX127X_TxPacket) for SX127X_TxPacket
    main.o(i.main) refers to sx127x_driver.o(i.SX127X_StandbyMode) for SX127X_StandbyMode
    main.o(i.main) refers to sx127x_driver.o(i.DIO0_DisableInterrupt) for DIO0_DisableInterrupt
[...]
    Removing stm32l1xx_hal_spi.o(i.HAL_SPI_Transmit_IT), (140 bytes).
    Removing stm32l1xx_hal_spi.o(i.HAL_SPI_TxCpltCallback), (2 bytes).
    Removing stm32l1xx_hal_spi.o(i.HAL_SPI_TxHalfCpltCallback), (2 bytes).
    Removing stm32l1xx_hal_spi.o(i.HAL_SPI_TxRxCpltCallback), (2 bytes).
    Removing stm32l1xx_hal_spi.o(i.HAL_SPI_TxRxHalfCpltCallback), (2 bytes).
    Removing stm32l1xx_hal_spi.o(i.SPI_2linesRxISR_16BIT), (48 bytes).
    Removing stm32l1xx_hal_spi.o(i.SPI_2linesRxISR_8BIT), (48 bytes).
    Removing stm32l1xx_hal_spi.o(i.SPI_2linesTxISR_16BIT), (48 bytes).
    Removing stm32l1xx_hal_spi.o(i.SPI_2linesTxISR_8BIT), (48 bytes).
    Removing stm32l1xx_hal_spi.o(i.SPI_AbortRx_ISR), (80 bytes).
    Removing stm32l1xx_hal_spi.o(i.SPI_AbortTx_ISR), (28 bytes).
    Removing stm32l1xx_hal_spi.o(i.SPI_CloseRxTx_ISR), (144 bytes).
    Removing stm32l1xx_hal_spi.o(i.SPI_CloseRx_ISR), (76 bytes).
    Removing stm32l1xx_hal_spi.o(i.SPI_CloseTx_ISR), (124 bytes).
    Removing stm32l1xx_hal_spi.o(i.SPI_DMAAbortOnError), (16 bytes).
    Removing stm32l1xx_hal_spi.o(i.SPI_DMAError), (34 bytes).
    Removing stm32l1xx_hal_spi.o(i.SPI_DMAHalfReceiveCplt), (10 bytes).
    Removing stm32l1xx_hal_spi.o(i.SPI_DMAHalfTransmitCplt), (10 bytes).
    Removing stm32l1xx_hal_spi.o(i.SPI_DMAHalfTransmitReceiveCplt), (10 bytes).
    Removing stm32l1xx_hal_spi.o(i.SPI_DMAReceiveCplt), (84 bytes).
    Removing stm32l1xx_hal_spi.o(i.SPI_DMARxAbortCallback), (98 bytes).
    Removing stm32l1xx_hal_spi.o(i.SPI_DMATransmitCplt), (100 bytes).
    Removing stm32l1xx_hal_spi.o(i.SPI_DMATransmitReceiveCplt), (90 bytes).
    Removing stm32l1xx_hal_spi.o(i.SPI_DMATxAbortCallback), (112 bytes).
    Removing stm32l1xx_hal_spi.o(i.SPI_EndRxTransaction), (92 bytes).
    Removing stm32l1xx_hal_spi.o(i.SPI_RxISR_16BIT), (32 bytes).
    Removing stm32l1xx_hal_spi.o(i.SPI_RxISR_8BIT), (32 bytes).
    Removing stm32l1xx_hal_spi.o(i.SPI_TxISR_16BIT), (32 bytes).
    Removing stm32l1xx_hal_spi.o(i.SPI_TxISR_8BIT), (32 bytes).
    Removing stm32l1xx_hal.o(.rev16_text), (4 bytes).
    Removing stm32l1xx_hal.o(.revsh_text), (4 bytes).
    Removing stm32l1xx_hal.o(.rrx_text), (6 bytes).
    Removing stm32l1xx_hal.o(i.HAL_DBGMCU_DisableDBGSleepMode), (16 bytes).
    Removing stm32l1xx_hal.o(i.HAL_DBGMCU_DisableDBGStandbyMode), (16 bytes).
    Removing stm32l1xx_hal.o(i.HAL_DBGMCU_DisableDBGStopMode), (16 bytes).
    Removing stm32l1xx_hal.o(i.HAL_DBGMCU_EnableDBGSleepMode), (16 bytes).
    Removing stm32l1xx_hal.o(i.HAL_DBGMCU_EnableDBGStandbyMode), (16 bytes).
    Removing stm32l1xx_hal.o(i.HAL_DBGMCU_EnableDBGStopMode), (16 bytes).
    Removing stm32l1xx_hal.o(i.HAL_DeInit), (40 bytes).
    Removing stm32l1xx_hal.o(i.HAL_GetDEVID), (16 bytes).
    Removing stm32l1xx_hal.o(i.HAL_GetHalVersion), (6 bytes).
    Removing stm32l1xx_hal.o(i.HAL_GetREVID), (12 bytes).
    Removing stm32l1xx_hal.o(i.HAL_GetTickFreq), (12 bytes).
    Removing stm32l1xx_hal.o(i.HAL_GetTickPrio), (12 bytes).
    Removing stm32l1xx_hal.o(i.HAL_GetUIDw0), (12 bytes).
    Removing stm32l1xx_hal.o(i.HAL_GetUIDw1), (12 bytes).
    Removing stm32l1xx_hal.o(i.HAL_GetUIDw2), (12 bytes).
    Removing stm32l1xx_hal.o(i.HAL_MspDeInit), (2 bytes).
    Removing stm32l1xx_hal.o(i.HAL_MspInit), (2 bytes).
    Removing stm32l1xx_hal.o(i.HAL_ResumeTick), (14 bytes).
    Removing stm32l1xx_hal.o(i.HAL_SetTickFreq), (32 bytes).
    Removing stm32l1xx_hal.o(i.HAL_SuspendTick), (14 bytes).
    Removing stm32l1xx_hal_rcc.o(.rev16_text), (4 bytes).
    Removing stm32l1xx_hal_rcc.o(.revsh_text), (4 bytes).
    Removing stm32l1xx_hal_rcc.o(.rrx_text), (6 bytes).
    Removing stm32l1xx_hal_rcc.o(i.HAL_RCC_CSSCallback), (2 bytes).
    Removing stm32l1xx_hal_rcc.o(i.HAL_RCC_DeInit), (208 bytes).
    Removing stm32l1xx_hal_rcc.o(i.HAL_RCC_DisableCSS), (12 bytes).
    Removing stm32l1xx_hal_rcc.o(i.HAL_RCC_EnableCSS), (12 bytes).
    Removing stm32l1xx_hal_rcc.o(i.HAL_RCC_GetClockConfig), (64 bytes).
    Removing stm32l1xx_hal_rcc.o(i.HAL_RCC_GetHCLKFreq), (12 bytes).
    Removing stm32l1xx_hal_rcc.o(i.HAL_RCC_GetOscConfig), (180 bytes).
    Removing stm32l1xx_hal_rcc.o(i.HAL_RCC_GetPCLK1Freq), (32 bytes).
    Removing stm32l1xx_hal_rcc.o(i.HAL_RCC_GetPCLK2Freq), (32 bytes).
    Removing stm32l1xx_hal_rcc.o(i.HAL_RCC_MCOConfig), (80 bytes).
    Removing stm32l1xx_hal_rcc.o(i.HAL_RCC_NMI_IRQHandler), (28 bytes).
    Removing stm32l1xx_hal_rcc_ex.o(.rev16_text), (4 bytes).
    Removing stm32l1xx_hal_rcc_ex.o(.revsh_text), (4 bytes).
    Removing stm32l1xx_hal_rcc_ex.o(.rrx_text), (6 bytes).
    Removing stm32l1xx_hal_rcc_ex.o(i.HAL_RCCEx_DisableLSECSS), (28 bytes).
    Removing stm32l1xx_hal_rcc_ex.o(i.HAL_RCCEx_EnableLSECSS), (12 bytes).
    Removing stm32l1xx_hal_rcc_ex.o(i.HAL_RCCEx_EnableLSECSS_IT), (52 bytes).
    Removing stm32l1xx_hal_rcc_ex.o(i.HAL_RCCEx_GetPeriphCLKConfig), (44 bytes).
    Removing stm32l1xx_hal_rcc_ex.o(i.HAL_RCCEx_GetPeriphCLKFreq), (128 bytes).
    Removing stm32l1xx_hal_rcc_ex.o(i.HAL_RCCEx_LSECSS_Callback), (2 bytes).
    Removing stm32l1xx_hal_rcc_ex.o(i.HAL_RCCEx_LSECSS_IRQHandler), (28 bytes).
    Removing stm32l1xx_hal_rcc_ex.o(i.HAL_RCCEx_PeriphCLKConfig), (288 bytes).
    Removing stm32l1xx_hal_flash.o(.rev16_text), (4 bytes).
    Removing stm32l1xx_hal_flash.o(.revsh_text), (4 bytes).
    Removing stm32l1xx_hal_flash.o(.rrx_text), (6 bytes).
    Removing stm32l1xx_hal_flash.o(i.FLASH_SetErrorCode), (88 bytes).
    Removing stm32l1xx_hal_flash.o(i.FLASH_WaitForLastOperation), (92 bytes).
    Removing stm32l1xx_hal_flash.o(i.HAL_FLASH_EndOfOperationCallback), (2 bytes).
    Removing stm32l1xx_hal_flash.o(i.HAL_FLASH_GetError), (12 bytes).
    Removing stm32l1xx_hal_flash.o(i.HAL_FLASH_IRQHandler), (212 bytes).
    Removing stm32l1xx_hal_flash.o(i.HAL_FLASH_Lock), (20 bytes).
    Removing stm32l1xx_hal_flash.o(i.HAL_FLASH_OB_Launch), (24 bytes).
    Removing stm32l1xx_hal_flash.o(i.HAL_FLASH_OB_Lock), (20 bytes).
    Removing stm32l1xx_hal_flash.o(i.HAL_FLASH_OB_Unlock), (80 bytes).
    Removing stm32l1xx_hal_flash.o(i.HAL_FLASH_OperationErrorCallback), (2 bytes).
    Removing stm32l1xx_hal_flash.o(i.HAL_FLASH_Program), (60 bytes).
    Removing stm32l1xx_hal_flash.o(i.HAL_FLASH_Program_IT), (60 bytes).
    Removing stm32l1xx_hal_flash.o(i.HAL_FLASH_Unlock), (80 bytes).
    Removing stm32l1xx_hal_flash.o(.bss), (24 bytes).
    Removing stm32l1xx_hal_flash_ex.o(.rev16_text), (4 bytes).
    Removing stm32l1xx_hal_flash_ex.o(.revsh_text), (4 bytes).
    Removing stm32l1xx_hal_flash_ex.o(.rrx_text), (6 bytes).
    Removing stm32l1xx_hal_flash_ex.o(i.FLASH_OB_PCROPConfig), (60 bytes).
    Removing stm32l1xx_hal_flash_ex.o(i.FLASH_OB_WRPConfig), (52 bytes).
    Removing stm32l1xx_hal_flash_ex.o(i.FLASH_OB_WRPConfigWRP1OrPCROP1), (56 bytes).
    Removing stm32l1xx_hal_flash_ex.o(i.FLASH_PageErase), (40 bytes).
    Removing stm32l1xx_hal_flash_ex.o(i.HAL_FLASHEx_AdvOBGetConfig), (44 bytes).
    Removing stm32l1xx_hal_flash_ex.o(i.HAL_FLASHEx_AdvOBProgram), (30 bytes).
    Removing stm32l1xx_hal_flash_ex.o(i.HAL_FLASHEx_DATAEEPROM_DisableFixedTimeProgram), (16 bytes).
    Removing stm32l1xx_hal_flash_ex.o(i.HAL_FLASHEx_DATAEEPROM_EnableFixedTimeProgram), (16 bytes).
    Removing stm32l1xx_hal_flash_ex.o(i.HAL_FLASHEx_DATAEEPROM_Erase), (64 bytes).
    Removing stm32l1xx_hal_flash_ex.o(i.HAL_FLASHEx_DATAEEPROM_Lock), (20 bytes).
    Removing stm32l1xx_hal_flash_ex.o(i.HAL_FLASHEx_DATAEEPROM_Program), (224 bytes).
    Removing stm32l1xx_hal_flash_ex.o(i.HAL_FLASHEx_DATAEEPROM_Unlock), (40 bytes).
    Removing stm32l1xx_hal_flash_ex.o(i.HAL_FLASHEx_Erase), (128 bytes).
    Removing stm32l1xx_hal_flash_ex.o(i.HAL_FLASHEx_Erase_IT), (88 bytes).
    Removing stm32l1xx_hal_flash_ex.o(i.HAL_FLASHEx_OBGetConfig), (56 bytes).
    Removing stm32l1xx_hal_flash_ex.o(i.HAL_FLASHEx_OBProgram), (248 bytes).
    Removing stm32l1xx_hal_flash_ex.o(i.HAL_FLASHEx_OB_DeSelectPCROP), (52 bytes).
    Removing stm32l1xx_hal_flash_ex.o(i.HAL_FLASHEx_OB_SelectPCROP), (56 bytes).
    Removing stm32l1xx_hal_flash_ramfunc.o(.rev16_text), (4 bytes).
    Removing stm32l1xx_hal_flash_ramfunc.o(.revsh_text), (4 bytes).
    Removing stm32l1xx_hal_flash_ramfunc.o(.rrx_text), (6 bytes).
    Removing stm32l1xx_hal_flash_ramfunc.o(i.FLASHRAM_SetErrorCode), (92 bytes).
    Removing stm32l1xx_hal_flash_ramfunc.o(i.FLASHRAM_WaitForLastOperation), (76 bytes).
    Removing stm32l1xx_hal_flash_ramfunc.o(i.HAL_FLASHEx_DATAEEPROM_EraseDoubleWord), (84 bytes).
    Removing stm32l1xx_hal_flash_ramfunc.o(i.HAL_FLASHEx_DATAEEPROM_ProgramDoubleWord), (88 bytes).
    Removing stm32l1xx_hal_flash_ramfunc.o(i.HAL_FLASHEx_DisableRunPowerDown), (40 bytes).
    Removing stm32l1xx_hal_flash_ramfunc.o(i.HAL_FLASHEx_EnableRunPowerDown), (40 bytes).
    Removing stm32l1xx_hal_flash_ramfunc.o(i.HAL_FLASHEx_GetError), (16 bytes).
    Removing stm32l1xx_hal_flash_ramfunc.o(i.HAL_FLASHEx_HalfPageProgram), (116 bytes).
    Removing stm32l1xx_hal_gpio.o(.rev16_text), (4 bytes).
    Removing stm32l1xx_hal_gpio.o(.revsh_text), (4 bytes).
    Removing stm32l1xx_hal_gpio.o(.rrx_text), (6 bytes).
    Removing stm32l1xx_hal_gpio.o(i.HAL_GPIO_DeInit), (320 bytes).
    Removing stm32l1xx_hal_gpio.o(i.HAL_GPIO_EXTI_Callback), (2 bytes).
    Removing stm32l1xx_hal_gpio.o(i.HAL_GPIO_LockPin), (34 bytes).
    Removing stm32l1xx_hal_gpio.o(i.HAL_GPIO_TogglePin), (12 bytes).
    Removing stm32l1xx_hal_dma.o(.rev16_text), (4 bytes).
    Removing stm32l1xx_hal_dma.o(.revsh_text), (4 bytes).
    Removing stm32l1xx_hal_dma.o(.rrx_text), (6 bytes).
    Removing stm32l1xx_hal_dma.o(i.DMA_SetConfig), (46 bytes).
    Removing stm32l1xx_hal_dma.o(i.HAL_DMA_Abort), (74 bytes).
    Removing stm32l1xx_hal_dma.o(i.HAL_DMA_Abort_IT), (78 bytes).
    Removing stm32l1xx_hal_dma.o(i.HAL_DMA_DeInit), (88 bytes).
    Removing stm32l1xx_hal_dma.o(i.HAL_DMA_GetError), (4 bytes).
    Removing stm32l1xx_hal_dma.o(i.HAL_DMA_GetState), (6 bytes).
    Removing stm32l1xx_hal_dma.o(i.HAL_DMA_IRQHandler), (186 bytes).
    Removing stm32l1xx_hal_dma.o(i.HAL_DMA_Init), (92 bytes).
    Removing stm32l1xx_hal_dma.o(i.HAL_DMA_PollForTransfer), (216 bytes).
    Removing stm32l1xx_hal_dma.o(i.HAL_DMA_RegisterCallback), (74 bytes).
    Removing stm32l1xx_hal_dma.o(i.HAL_DMA_Start), (80 bytes).
    Removing stm32l1xx_hal_dma.o(i.HAL_DMA_Start_IT), (112 bytes).
    Removing stm32l1xx_hal_dma.o(i.HAL_DMA_UnRegisterCallback), (82 bytes).
    Removing stm32l1xx_hal_pwr.o(.rev16_text), (4 bytes).
    Removing stm32l1xx_hal_pwr.o(.revsh_text), (4 bytes).
    Removing stm32l1xx_hal_pwr.o(.rrx_text), (6 bytes).
    Removing stm32l1xx_hal_pwr.o(i.HAL_PWR_ConfigPVD), (124 bytes).
    Removing stm32l1xx_hal_pwr.o(i.HAL_PWR_DeInit), (24 bytes).
    Removing stm32l1xx_hal_pwr.o(i.HAL_PWR_DisableBkUpAccess), (28 bytes).
    Removing stm32l1xx_hal_pwr.o(i.HAL_PWR_DisablePVD), (24 bytes).
    Removing stm32l1xx_hal_pwr.o(i.HAL_PWR_DisableSEVOnPend), (16 bytes).
    Removing stm32l1xx_hal_pwr.o(i.HAL_PWR_DisableSleepOnExit), (16 bytes).
    Removing stm32l1xx_hal_pwr.o(i.HAL_PWR_DisableWakeUpPin), (28 bytes).
    Removing stm32l1xx_hal_pwr.o(i.HAL_PWR_EnableBkUpAccess), (24 bytes).
    Removing stm32l1xx_hal_pwr.o(i.HAL_PWR_EnablePVD), (24 bytes).
    Removing stm32l1xx_hal_pwr.o(i.HAL_PWR_EnableSEVOnPend), (16 bytes).
    Removing stm32l1xx_hal_pwr.o(i.HAL_PWR_EnableSleepOnExit), (16 bytes).
    Removing stm32l1xx_hal_pwr.o(i.HAL_PWR_EnableWakeUpPin), (28 bytes).
    Removing stm32l1xx_hal_pwr.o(i.HAL_PWR_EnterSLEEPMode), (48 bytes).
    Removing stm32l1xx_hal_pwr.o(i.HAL_PWR_EnterSTANDBYMode), (32 bytes).
    Removing stm32l1xx_hal_pwr.o(i.HAL_PWR_EnterSTOPMode), (56 bytes).
    Removing stm32l1xx_hal_pwr.o(i.HAL_PWR_PVDCallback), (2 bytes).
    Removing stm32l1xx_hal_pwr.o(i.HAL_PWR_PVD_IRQHandler), (28 bytes).
    Removing stm32l1xx_hal_pwr_ex.o(.rev16_text), (4 bytes).
    Removing stm32l1xx_hal_pwr_ex.o(.revsh_text), (4 bytes).
    Removing stm32l1xx_hal_pwr_ex.o(.rrx_text), (6 bytes).
    Removing stm32l1xx_hal_pwr_ex.o(i.HAL_PWREx_DisableFastWakeUp), (28 bytes).
    Removing stm32l1xx_hal_pwr_ex.o(i.HAL_PWREx_DisableLowPowerRunMode), (44 bytes).
    Removing stm32l1xx_hal_pwr_ex.o(i.HAL_PWREx_DisableUltraLowPower), (28 bytes).
    Removing stm32l1xx_hal_pwr_ex.o(i.HAL_PWREx_EnableFastWakeUp), (24 bytes).
    Removing stm32l1xx_hal_pwr_ex.o(i.HAL_PWREx_EnableLowPowerRunMode), (36 bytes).
    Removing stm32l1xx_hal_pwr_ex.o(i.HAL_PWREx_EnableUltraLowPower), (24 bytes).
    Removing stm32l1xx_hal_pwr_ex.o(i.HAL_PWREx_GetVoltageRange), (16 bytes).
    Removing stm32l1xx_hal_cortex.o(.rev16_text), (4 bytes).
    Removing stm32l1xx_hal_cortex.o(.revsh_text), (4 bytes).
    Removing stm32l1xx_hal_cortex.o(.rrx_text), (6 bytes).
    Removing stm32l1xx_hal_cortex.o(i.HAL_MPU_ConfigRegion), (84 bytes).
    Removing stm32l1xx_hal_cortex.o(i.HAL_MPU_Disable), (16 bytes).
    Removing stm32l1xx_hal_cortex.o(i.HAL_MPU_Enable), (24 bytes).
    Removing stm32l1xx_hal_cortex.o(i.HAL_NVIC_ClearPendingIRQ), (26 bytes).
    Removing stm32l1xx_hal_cortex.o(i.HAL_NVIC_GetActive), (36 bytes).
    Removing stm32l1xx_hal_cortex.o(i.HAL_NVIC_GetPendingIRQ), (36 bytes).
    Removing stm32l1xx_hal_cortex.o(i.HAL_NVIC_GetPriority), (82 bytes).
    Removing stm32l1xx_hal_cortex.o(i.HAL_NVIC_GetPriorityGrouping), (16 bytes).
    Removing stm32l1xx_hal_cortex.o(i.HAL_NVIC_SetPendingIRQ), (26 bytes).
    Removing stm32l1xx_hal_cortex.o(i.HAL_NVIC_SystemReset), (36 bytes).
    Removing stm32l1xx_hal_cortex.o(i.HAL_SYSTICK_CLKSourceConfig), (24 bytes).
    Removing stm32l1xx_hal_cortex.o(i.HAL_SYSTICK_Callback), (2 bytes).
    Removing stm32l1xx_hal_cortex.o(i.HAL_SYSTICK_IRQHandler), (8 bytes).
    Removing stm32l1xx_hal_tim.o(.rev16_text), (4 bytes).
    Removing stm32l1xx_hal_tim.o(.revsh_text), (4 bytes).
    Removing stm32l1xx_hal_tim.o(.rrx_text), (6 bytes).
    Removing stm32l1xx_hal_tim.o(i.HAL_TIM_Base_DeInit), (48 bytes).
    Removing stm32l1xx_hal_tim.o(i.HAL_TIM_Base_GetState), (6 bytes).
    Removing stm32l1xx_hal_tim.o(i.HAL_TIM_Base_MspDeInit), (2 bytes).
    Removing stm32l1xx_hal_tim.o(i.HAL_TIM_Base_MspInit), (2 bytes).
    Removing stm32l1xx_hal_tim.o(i.HAL_TIM_Base_Start), (36 bytes).
    Removing stm32l1xx_hal_tim.o(i.HAL_TIM_Base_Start_DMA), (116 bytes).
    Removing stm32l1xx_hal_tim.o(i.HAL_TIM_Base_Start_IT), (34 bytes).
    Removing stm32l1xx_hal_tim.o(i.HAL_TIM_Base_Stop), (36 bytes).
    Removing stm32l1xx_hal_tim.o(i.HAL_TIM_Base_Stop_DMA), (50 bytes).
    Removing stm32l1xx_hal_tim.o(i.HAL_TIM_Base_Stop_IT), (34 bytes).
    Removing stm32l1xx_hal_tim.o(i.HAL_TIM_ConfigOCrefClear), (234 bytes).
    Removing stm32l1xx_hal_tim.o(i.HAL_TIM_ConfigTI1Input), (16 bytes).
    Removing stm32l1xx_hal_tim.o(i.HAL_TIM_DMABurst_ReadStart), (296 bytes).
    Removing stm32l1xx_hal_tim.o(i.HAL_TIM_DMABurst_ReadStop), (90 bytes).
    Removing stm32l1xx_hal_tim.o(i.HAL_TIM_DMABurst_WriteStart), (296 bytes).
    Removing stm32l1xx_hal_tim.o(i.HAL_TIM_DMABurst_WriteStop), (90 bytes).
    Removing stm32l1xx_hal_tim.o(i.HAL_TIM_Encoder_DeInit), (48 bytes).
    Removing stm32l1xx_hal_tim.o(i.HAL_TIM_Encoder_GetState), (6 bytes).
    Removing stm32l1xx_hal_tim.o(i.HAL_TIM_Encoder_Init), (152 bytes).
    Removing stm32l1xx_hal_tim.o(i.HAL_TIM_Encoder_MspDeInit), (2 bytes).
    Removing stm32l1xx_hal_tim.o(i.HAL_TIM_Encoder_MspInit), (2 bytes).
    Removing stm32l1xx_hal_tim.o(i.HAL_TIM_Encoder_Start), (52 bytes).
    Removing stm32l1xx_hal_tim.o(i.HAL_TIM_Encoder_Start_DMA), (312 bytes).
    Removing stm32l1xx_hal_tim.o(i.HAL_TIM_Encoder_Start_IT), (92 bytes).
    Removing stm32l1xx_hal_tim.o(i.HAL_TIM_Encoder_Stop), (62 bytes).
    Removing stm32l1xx_hal_tim.o(i.HAL_TIM_Encoder_Stop_DMA), (134 bytes).
    Removing stm32l1xx_hal_tim.o(i.HAL_TIM_Encoder_Stop_IT), (108 bytes).
    Removing stm32l1xx_hal_tim.o(i.HAL_TIM_ErrorCallback), (2 bytes).
    Removing stm32l1xx_hal_tim.o(i.HAL_TIM_GenerateEvent), (38 bytes).
    Removing stm32l1xx_hal_tim.o(i.HAL_TIM_IC_CaptureHalfCpltCallback), (2 bytes).
    Removing stm32l1xx_hal_tim.o(i.HAL_TIM_IC_ConfigChannel), (286 bytes).
    Removing stm32l1xx_hal_tim.o(i.HAL_TIM_IC_DeInit), (48 bytes).
    Removing stm32l1xx_hal_tim.o(i.HAL_TIM_IC_GetState), (6 bytes).
    Removing stm32l1xx_hal_tim.o(i.HAL_TIM_IC_Init), (54 bytes).
    Removing stm32l1xx_hal_tim.o(i.HAL_TIM_IC_MspDeInit), (2 bytes).
    Removing stm32l1xx_hal_tim.o(i.HAL_TIM_IC_MspInit), (2 bytes).
    Removing stm32l1xx_hal_tim.o(i.HAL_TIM_IC_Start), (36 bytes).
    Removing stm32l1xx_hal_tim.o(i.HAL_TIM_IC_Start_DMA), (248 bytes).
    Removing stm32l1xx_hal_tim.o(i.HAL_TIM_IC_Start_IT), (86 bytes).
    Removing stm32l1xx_hal_tim.o(i.HAL_TIM_IC_Stop), (36 bytes).
    Removing stm32l1xx_hal_tim.o(i.HAL_TIM_IC_Stop_DMA), (114 bytes).
    Removing stm32l1xx_hal_tim.o(i.HAL_TIM_IC_Stop_IT), (86 bytes).
    Removing stm32l1xx_hal_tim.o(i.HAL_TIM_OC_ConfigChannel), (86 bytes).
    Removing stm32l1xx_hal_tim.o(i.HAL_TIM_OC_DeInit), (48 bytes).
    Removing stm32l1xx_hal_tim.o(i.HAL_TIM_OC_GetState), (6 bytes).
    Removing stm32l1xx_hal_tim.o(i.HAL_TIM_OC_Init), (54 bytes).
    Removing stm32l1xx_hal_tim.o(i.HAL_TIM_OC_MspDeInit), (2 bytes).
    Removing stm32l1xx_hal_tim.o(i.HAL_TIM_OC_MspInit), (2 bytes).
    Removing stm32l1xx_hal_tim.o(i.HAL_TIM_OC_Start), (36 bytes).
    Removing stm32l1xx_hal_tim.o(i.HAL_TIM_OC_Start_DMA), (260 bytes).
    Removing stm32l1xx_hal_tim.o(i.HAL_TIM_OC_Start_IT), (86 bytes).
    Removing stm32l1xx_hal_tim.o(i.HAL_TIM_OC_Stop), (36 bytes).
    Removing stm32l1xx_hal_tim.o(i.HAL_TIM_OC_Stop_DMA), (114 bytes).
    Removing stm32l1xx_hal_tim.o(i.HAL_TIM_OC_Stop_IT), (86 bytes).
    Removing stm32l1xx_hal_tim.o(i.HAL_TIM_OnePulse_ConfigChannel), (208 bytes).
    Removing stm32l1xx_hal_tim.o(i.HAL_TIM_OnePulse_DeInit), (48 bytes).
    Removing stm32l1xx_hal_tim.o(i.HAL_TIM_OnePulse_GetState), (6 bytes).
    Removing stm32l1xx_hal_tim.o(i.HAL_TIM_OnePulse_Init), (74 bytes).
    Removing stm32l1xx_hal_tim.o(i.HAL_TIM_OnePulse_MspDeInit), (2 bytes).
    Removing stm32l1xx_hal_tim.o(i.HAL_TIM_OnePulse_MspInit), (2 bytes).
    Removing stm32l1xx_hal_tim.o(i.HAL_TIM_OnePulse_Start), (28 bytes).
    Removing stm32l1xx_hal_tim.o(i.HAL_TIM_OnePulse_Start_IT), (48 bytes).
    Removing stm32l1xx_hal_tim.o(i.HAL_TIM_OnePulse_Stop), (48 bytes).
    Removing stm32l1xx_hal_tim.o(i.HAL_TIM_OnePulse_Stop_IT), (68 bytes).
    Removing stm32l1xx_hal_tim.o(i.HAL_TIM_PWM_ConfigChannel), (208 bytes).
    Removing stm32l1xx_hal_tim.o(i.HAL_TIM_PWM_DeInit), (48 bytes).
    Removing stm32l1xx_hal_tim.o(i.HAL_TIM_PWM_GetState), (6 bytes).
    Removing stm32l1xx_hal_tim.o(i.HAL_TIM_PWM_Init), (54 bytes).
    Removing stm32l1xx_hal_tim.o(i.HAL_TIM_PWM_MspDeInit), (2 bytes).
    Removing stm32l1xx_hal_tim.o(i.HAL_TIM_PWM_MspInit), (2 bytes).
    Removing stm32l1xx_hal_tim.o(i.HAL_TIM_PWM_PulseFinishedHalfCpltCallback), (2 bytes).
    Removing stm32l1xx_hal_tim.o(i.HAL_TIM_PWM_Start), (36 bytes).
    Removing stm32l1xx_hal_tim.o(i.HAL_TIM_PWM_Start_DMA), (260 bytes).
    Removing stm32l1xx_hal_tim.o(i.HAL_TIM_PWM_Start_IT), (86 bytes).
    Removing stm32l1xx_hal_tim.o(i.HAL_TIM_PWM_Stop), (42 bytes).
    Removing stm32l1xx_hal_tim.o(i.HAL_TIM_PWM_Stop_DMA), (114 bytes).
    Removing stm32l1xx_hal_tim.o(i.HAL_TIM_PWM_Stop_IT), (86 bytes).
    Removing stm32l1xx_hal_tim.o(i.HAL_TIM_PeriodElapsedHalfCpltCallback), (2 bytes).
    Removing stm32l1xx_hal_tim.o(i.HAL_TIM_ReadCapturedValue), (42 bytes).
    Removing stm32l1xx_hal_tim.o(i.HAL_TIM_SlaveConfigSynchro), (86 bytes).
    Removing stm32l1xx_hal_tim.o(i.HAL_TIM_SlaveConfigSynchro_IT), (86 bytes).
    Removing stm32l1xx_hal_tim.o(i.HAL_TIM_TriggerHalfCpltCallback), (2 bytes).
    Removing stm32l1xx_hal_tim.o(i.TIM_CCxChannelCmd), (26 bytes).
    Removing stm32l1xx_hal_tim.o(i.TIM_DMACaptureCplt), (62 bytes).
    Removing stm32l1xx_hal_tim.o(i.TIM_DMACaptureHalfCplt), (62 bytes).
    Removing stm32l1xx_hal_tim.o(i.TIM_DMADelayPulseCplt), (62 bytes).
    Removing stm32l1xx_hal_tim.o(i.TIM_DMADelayPulseHalfCplt), (62 bytes).
    Removing stm32l1xx_hal_tim.o(i.TIM_DMAError), (16 bytes).
    Removing stm32l1xx_hal_tim.o(i.TIM_DMAPeriodElapsedCplt), (16 bytes).
    Removing stm32l1xx_hal_tim.o(i.TIM_DMAPeriodElapsedHalfCplt), (16 bytes).
    Removing stm32l1xx_hal_tim.o(i.TIM_DMATriggerCplt), (16 bytes).
    Removing stm32l1xx_hal_tim.o(i.TIM_DMATriggerHalfCplt), (16 bytes).
    Removing stm32l1xx_hal_tim.o(i.TIM_OC1_SetConfig), (44 bytes).
    Removing stm32l1xx_hal_tim.o(i.TIM_OC2_SetConfig), (48 bytes).
    Removing stm32l1xx_hal_tim.o(i.TIM_OC3_SetConfig), (46 bytes).
    Removing stm32l1xx_hal_tim.o(i.TIM_OC4_SetConfig), (48 bytes).
    Removing stm32l1xx_hal_tim.o(i.TIM_SlaveTimer_SetConfig), (134 bytes).
    Removing stm32l1xx_hal_tim.o(i.TIM_TI1_SetConfig), (88 bytes).
    Removing stm32l1xx_hal_tim.o(i.TIM_TI2_SetConfig), (54 bytes).
    Removing stm32l1xx_hal_tim_ex.o(.rev16_text), (4 bytes).
    Removing stm32l1xx_hal_tim_ex.o(.revsh_text), (4 bytes).
    Removing stm32l1xx_hal_tim_ex.o(.rrx_text), (6 bytes).
    Removing stm32l1xx_hal_tim_ex.o(i.HAL_TIMEx_MasterConfigSynchronization), (66 bytes).
    Removing stm32l1xx_hal_tim_ex.o(i.HAL_TIMEx_RemapConfig), (28 bytes).
    Removing system_stm32l1xx.o(.rev16_text), (4 bytes).
    Removing system_stm32l1xx.o(.revsh_text), (4 bytes).
    Removing system_stm32l1xx.o(.rrx_text), (6 bytes).
    Removing system_stm32l1xx.o(i.SystemCoreClockUpdate), (144 bytes).
    Removing system_stm32l1xx.o(.constdata), (8 bytes).
    Removing gui.o(.rev16_text), (4 bytes).
    Removing gui.o(.revsh_text), (4 bytes).
    Removing gui.o(.rrx_text), (6 bytes).
    Removing gui.o(i.Draw_Triangel), (48 bytes).
    Removing gui.o(i.Fill_Triangel), (336 bytes).
    Removing gui.o(i.GUI_DrawPoint), (18 bytes).
    Removing gui.o(i.Gui_Drawbmp16), (84 bytes).
    Removing gui.o(i.Gui_StrCenter), (68 bytes).
    Removing gui.o(i.LCD_DrawFillRectangle), (20 bytes).
    Removing gui.o(i.LCD_DrawLine), (154 bytes).
    Removing gui.o(i.LCD_DrawRectangle), (58 bytes).
    Removing gui.o(i.LCD_Fill), (84 bytes).
    Removing gui.o(i.LCD_ShowString), (96 bytes).
    Removing gui.o(i._draw_circle_8), (152 bytes).
    Removing gui.o(i.gui_circle), (132 bytes).
    Removing lcd.o(.rev16_text), (4 bytes).
    Removing lcd.o(.revsh_text), (4 bytes).
    Removing lcd.o(.rrx_text), (6 bytes).
    Removing lcd.o(.data), (2 bytes).
    Removing spi.o(.rev16_text), (4 bytes).
    Removing spi.o(.revsh_text), (4 bytes).
    Removing spi.o(.rrx_text), (6 bytes).
    Removing sx127x_driver.o(.rev16_text), (4 bytes).
    Removing sx127x_driver.o(.revsh_text), (4 bytes).
    Removing sx127x_driver.o(.rrx_text), (6 bytes).
    Removing sx127x_driver.o(i.LSD_RF_ClearFIFO), (8 bytes).
    Removing sx127x_driver.o(i.LSD_RF_Config), (32 bytes).
    Removing sx127x_driver.o(i.LSD_RF_RXmode_FSK), (36 bytes).
    Removing sx127x_driver.o(i.LSD_RF_RxPacket_FSK), (58 bytes).
    Removing sx127x_driver.o(i.LSD_RF_SendPacket_FSK), (66 bytes).
    Removing sx127x_driver.o(i.LSD_RF_SleepMode_FSK), (38 bytes).
    Removing sx127x_driver.o(i.LSD_RF_StandbyMode_FSK), (42 bytes).
    Removing sx127x_driver.o(i.SX127X_Awake), (104 bytes).
    Removing sx127x_driver.o(i.SX127X_CAD_Sample), (28 bytes).
    Removing sx127x_driver.o(i.SX127X_CADinit), (60 bytes).
    Removing sx127x_driver.o(i.SX127X_Current_RSSI), (28 bytes).
    Removing sx127x_driver.o(i.SX127X_SleepMode), (22 bytes).
    Removing sx127x_driver.o(i.SX127X_WORInit), (4 bytes).
    Removing sx127x_driver.o(i.SX127X_WOR_Execute), (34 bytes).
    Removing sx127x_driver.o(i.SX127X_WOR_Exit), (92 bytes).
    Removing sx127x_driver.o(i.SX127X_WriteFifo), (10 bytes).
    Removing sx127x_driver.o(i.SX127x_Fsk_init), (88 bytes).
    Removing sx127x_driver.o(.constdata), (146 bytes).
    Removing sx127x_hal.o(.rev16_text), (4 bytes).
    Removing sx127x_hal.o(.revsh_text), (4 bytes).
    Removing sx127x_hal.o(.rrx_text), (6 bytes).

391 unused section(s) (total 21256 bytes) removed from the image.

==============================================================================

Image Symbol Table

    Local Symbols

    Symbol Name                              Value     Ov Type        Size  Object(Section)

    ../Core/Src/main.c                       0x00000000   Number         0  main.o ABSOLUTE
    ../Core/Src/stm32l1xx_hal_msp.c          0x00000000   Number         0  stm32l1xx_hal_msp.o ABSOLUTE
    ../Core/Src/stm32l1xx_it.c               0x00000000   Number         0  stm32l1xx_it.o ABSOLUTE
    ../Core/Src/system_stm32l1xx.c           0x00000000   Number         0  system_stm32l1xx.o ABSOLUTE
    ../Drivers/STM32L1xx_HAL_Driver/Src/stm32l1xx_hal.c 0x00000000   Number         0  stm32l1xx_hal.o ABSOLUTE
    ../Drivers/STM32L1xx_HAL_Driver/Src/stm32l1xx_hal_cortex.c 0x00000000   Number         0  stm32l1xx_hal_cortex.o ABSOLUTE
    ../Drivers/STM32L1xx_HAL_Driver/Src/stm32l1xx_hal_dma.c 0x00000000   Number         0  stm32l1xx_hal_dma.o ABSOLUTE
    ../Drivers/STM32L1xx_HAL_Driver/Src/stm32l1xx_hal_flash.c 0x00000000   Number         0  stm32l1xx_hal_flash.o ABSOLUTE
    ../Drivers/STM32L1xx_HAL_Driver/Src/stm32l1xx_hal_flash_ex.c 0x00000000   Number         0  stm32l1xx_hal_flash_ex.o ABSOLUTE
    ../Drivers/STM32L1xx_HAL_Driver/Src/stm32l1xx_hal_flash_ramfunc.c 0x00000000   Number         0  stm32l1xx_hal_flash_ramfunc.o ABSOLUTE
    ../Drivers/STM32L1xx_HAL_Driver/Src/stm32l1xx_hal_gpio.c 0x00000000   Number         0  stm32l1xx_hal_gpio.o ABSOLUTE
    ../Drivers/STM32L1xx_HAL_Driver/Src/stm32l1xx_hal_pwr.c 0x00000000   Number         0  stm32l1xx_hal_pwr.o ABSOLUTE
    ../Drivers/STM32L1xx_HAL_Driver/Src/stm32l1xx_hal_pwr_ex.c 0x00000000   Number         0  stm32l1xx_hal_pwr_ex.o ABSOLUTE
    ../Drivers/STM32L1xx_HAL_Driver/Src/stm32l1xx_hal_rcc.c 0x00000000   Number         0  stm32l1xx_hal_rcc.o ABSOLUTE
    ../Drivers/STM32L1xx_HAL_Driver/Src/stm32l1xx_hal_rcc_ex.c 0x00000000   Number         0  stm32l1xx_hal_rcc_ex.o ABSOLUTE
    ../Drivers/STM32L1xx_HAL_Driver/Src/stm32l1xx_hal_spi.c 0x00000000   Number         0  stm32l1xx_hal_spi.o ABSOLUTE
    ../Drivers/STM32L1xx_HAL_Driver/Src/stm32l1xx_hal_tim.c 0x00000000   Number         0  stm32l1xx_hal_tim.o ABSOLUTE
    ../Drivers/STM32L1xx_HAL_Driver/Src/stm32l1xx_hal_tim_ex.c 0x00000000   Number         0  stm32l1xx_hal_tim_ex.o ABSOLUTE
    ../clib/microlib/init/entry.s            0x00000000   Number         0  entry2.o ABSOLUTE
    ../clib/microlib/init/entry.s            0x00000000   Number         0  entry8a.o ABSOLUTE
    ../clib/microlib/init/entry.s            0x00000000   Number         0  entry11a.o ABSOLUTE
    ../clib/microlib/init/entry.s            0x00000000   Number         0  entry9b.o ABSOLUTE
    ../clib/microlib/init/entry.s            0x00000000   Number         0  entry9a.o ABSOLUTE
    ../clib/microlib/init/entry.s            0x00000000   Number         0  entry5.o ABSOLUTE
    ../clib/microlib/init/entry.s            0x00000000   Number         0  entry7a.o ABSOLUTE
    ../clib/microlib/init/entry.s            0x00000000   Number         0  entry8b.o ABSOLUTE
    ../clib/microlib/init/entry.s            0x00000000   Number         0  entry7b.o ABSOLUTE
    ../clib/microlib/init/entry.s            0x00000000   Number         0  entry.o ABSOLUTE
    ../clib/microlib/init/entry.s            0x00000000   Number         0  entry10b.o ABSOLUTE
    ../clib/microlib/init/entry.s            0x00000000   Number         0  entry11b.o ABSOLUTE
    ../clib/microlib/init/entry.s            0x00000000   Number         0  entry10a.o ABSOLUTE
    ../clib/microlib/longlong.c              0x00000000   Number         0  llushr.o ABSOLUTE
    ../clib/microlib/longlong.c              0x00000000   Number         0  llshl.o ABSOLUTE
    ../clib/microlib/string/memset.c         0x00000000   Number         0  memseta.o ABSOLUTE
    ../clib/microlib/string/strlen.c         0x00000000   Number         0  strlen.o ABSOLUTE
    ../clib/microlib/stubs.s                 0x00000000   Number         0  iusefp.o ABSOLUTE
    ../fplib/microlib/fpdiv.c                0x00000000   Number         0  fdiv.o ABSOLUTE
    ../fplib/microlib/fpdiv.c                0x00000000   Number         0  ddiv.o ABSOLUTE
    ../fplib/microlib/fpepilogue.c           0x00000000   Number         0  depilogue.o ABSOLUTE
    ../fplib/microlib/fpepilogue.c           0x00000000   Number         0  fepilogue.o ABSOLUTE
    ../fplib/microlib/fpfix.c                0x00000000   Number         0  dfixui.o ABSOLUTE
    ../fplib/microlib/fpflt.c                0x00000000   Number         0  fflti.o ABSOLUTE
    ../fplib/microlib/fpflt.c                0x00000000   Number         0  dfltui.o ABSOLUTE
    ..\Core\Src\main.c                       0x00000000   Number         0  main.o ABSOLUTE
    ..\Core\Src\stm32l1xx_hal_msp.c          0x00000000   Number         0  stm32l1xx_hal_msp.o ABSOLUTE
    ..\Core\Src\stm32l1xx_it.c               0x00000000   Number         0  stm32l1xx_it.o ABSOLUTE
    ..\Core\Src\system_stm32l1xx.c           0x00000000   Number         0  system_stm32l1xx.o ABSOLUTE
    ..\Drivers\LCD\gui.c                     0x00000000   Number         0  gui.o ABSOLUTE
    ..\Drivers\LCD\lcd.c                     0x00000000   Number         0  lcd.o ABSOLUTE
    ..\Drivers\LCD\spi.c                     0x00000000   Number         0  spi.o ABSOLUTE
    ..\Drivers\STM32L1xx_HAL_Driver\Src\stm32l1xx_hal.c 0x00000000   Number         0  stm32l1xx_hal.o ABSOLUTE
    ..\Drivers\STM32L1xx_HAL_Driver\Src\stm32l1xx_hal_cortex.c 0x00000000   Number         0  stm32l1xx_hal_cortex.o ABSOLUTE
    ..\Drivers\STM32L1xx_HAL_Driver\Src\stm32l1xx_hal_dma.c 0x00000000   Number         0  stm32l1xx_hal_dma.o ABSOLUTE
    ..\Drivers\STM32L1xx_HAL_Driver\Src\stm32l1xx_hal_flash.c 0x00000000   Number         0  stm32l1xx_hal_flash.o ABSOLUTE
    ..\Drivers\STM32L1xx_HAL_Driver\Src\stm32l1xx_hal_flash_ex.c 0x00000000   Number         0  stm32l1xx_hal_flash_ex.o ABSOLUTE
    ..\Drivers\STM32L1xx_HAL_Driver\Src\stm32l1xx_hal_flash_ramfunc.c 0x00000000   Number         0  stm32l1xx_hal_flash_ramfunc.o ABSOLUTE
    ..\Drivers\STM32L1xx_HAL_Driver\Src\stm32l1xx_hal_gpio.c 0x00000000   Number         0  stm32l1xx_hal_gpio.o ABSOLUTE
    ..\Drivers\STM32L1xx_HAL_Driver\Src\stm32l1xx_hal_pwr.c 0x00000000   Number         0  stm32l1xx_hal_pwr.o ABSOLUTE
    ..\Drivers\STM32L1xx_HAL_Driver\Src\stm32l1xx_hal_pwr_ex.c 0x00000000   Number         0  stm32l1xx_hal_pwr_ex.o ABSOLUTE
    ..\Drivers\STM32L1xx_HAL_Driver\Src\stm32l1xx_hal_rcc.c 0x00000000   Number         0  stm32l1xx_hal_rcc.o ABSOLUTE
    ..\Drivers\STM32L1xx_HAL_Driver\Src\stm32l1xx_hal_rcc_ex.c 0x00000000   Number         0  stm32l1xx_hal_rcc_ex.o ABSOLUTE
    ..\Drivers\STM32L1xx_HAL_Driver\Src\stm32l1xx_hal_spi.c 0x00000000   Number         0  stm32l1xx_hal_spi.o ABSOLUTE
    ..\Drivers\STM32L1xx_HAL_Driver\Src\stm32l1xx_hal_tim.c 0x00000000   Number         0  stm32l1xx_hal_tim.o ABSOLUTE
    ..\Drivers\STM32L1xx_HAL_Driver\Src\stm32l1xx_hal_tim_ex.c 0x00000000   Number         0  stm32l1xx_hal_tim_ex.o ABSOLUTE
    ..\Drivers\SX127X\SX127X_Driver.c        0x00000000   Number         0  sx127x_driver.o ABSOLUTE
    ..\Drivers\SX127X\SX127X_Hal.c           0x00000000   Number         0  sx127x_hal.o ABSOLUTE
    ..\\Drivers\\LCD\\gui.c                  0x00000000   Number         0  gui.o ABSOLUTE
    ..\\Drivers\\LCD\\lcd.c                  0x00000000   Number         0  lcd.o ABSOLUTE
    ..\\Drivers\\LCD\\spi.c                  0x00000000   Number         0  spi.o ABSOLUTE
    ..\\Drivers\\SX127X\\SX127X_Driver.c     0x00000000   Number         0  sx127x_driver.o ABSOLUTE
    ..\\Drivers\\SX127X\\SX127X_Hal.c        0x00000000   Number         0  sx127x_hal.o ABSOLUTE
    dc.s                                     0x00000000   Number         0  dc.o ABSOLUTE
    handlers.s                               0x00000000   Number         0  handlers.o ABSOLUTE
    init.s                                   0x00000000   Number         0  init.o ABSOLUTE
    startup_stm32l151xba.s                   0x00000000   Number         0  startup_stm32l151xba.o ABSOLUTE
    RESET                                    0x08000000   Section      244  startup_stm32l151xba.o(RESET)
    .ARM.Collect$$$$00000000                 0x080000f4   Section        0  entry.o(.ARM.Collect$$$$00000000)
    .ARM.Collect$$$$00000001                 0x080000f4   Section        4  entry2.o(.ARM.Collect$$$$00000001)
    .ARM.Collect$$$$00000004                 0x080000f8   Section        4  entry5.o(.ARM.Collect$$$$00000004)
    .ARM.Collect$$$$00000008                 0x080000fc   Section        0  entry7b.o(.ARM.Collect$$$$00000008)
    .ARM.Collect$$$$0000000A                 0x080000fc   Section        0  entry8b.o(.ARM.Collect$$$$0000000A)
    .ARM.Collect$$$$0000000B                 0x080000fc   Section        8  entry9a.o(.ARM.Collect$$$$0000000B)
    .ARM.Collect$$$$0000000D                 0x08000104   Section        0  entry10a.o(.ARM.Collect$$$$0000000D)
    .ARM.Collect$$$$0000000F                 0x08000104   Section        0  entry11a.o(.ARM.Collect$$$$0000000F)
    .ARM.Collect$$$$00002712                 0x08000104   Section        4  entry2.o(.ARM.Collect$$$$00002712)
    __lit__00000000                          0x08000104   Data           4  entry2.o(.ARM.Collect$$$$00002712)
    .text                                    0x08000108   Section       36  startup_stm32l151xba.o(.text)
    .text                                    0x0800012c   Section        0  memseta.o(.text)
    .text                                    0x08000150   Section        0  fdiv.o(.text)
    .text                                    0x080001cc   Section        0  ddiv.o(.text)
    .text                                    0x080002aa   Section        0  fflti.o(.text)
    .text                                    0x080002bc   Section        0  dfltui.o(.text)
    .text                                    0x080002d6   Section        0  dfixui.o(.text)
    .text                                    0x08000308   Section        0  llushr.o(.text)
    .text                                    0x08000328   Section        0  fepilogue.o(.text)
    .text                                    0x08000328   Section        0  iusefp.o(.text)
    .text                                    0x08000396   Section        0  depilogue.o(.text)
    .text                                    0x08000450   Section       36  init.o(.text)
    .text                                    0x08000474   Section        0  llshl.o(.text)
    i.BusFault_Handler                       0x08000492   Section        0  stm32l1xx_it.o(i.BusFault_Handler)
    i.DIO0_DisableInterrupt                  0x08000494   Section        0  sx127x_driver.o(i.DIO0_DisableInterrupt)
    i.DIO0_EnableInterrupt                   0x08000498   Section        0  sx127x_driver.o(i.DIO0_EnableInterrupt)
    i.DIO0_GetState                          0x0800049c   Section        0  sx127x_driver.o(i.DIO0_GetState)
    i.DebugMon_Handler                       0x080004a0   Section        0  stm32l1xx_it.o(i.DebugMon_Handler)
    i.EXTI15_10_IRQHandler                   0x080004a2   Section        0  stm32l1xx_it.o(i.EXTI15_10_IRQHandler)
    i.EXTI9_5_IRQHandler                     0x080004d8   Section        0  stm32l1xx_it.o(i.EXTI9_5_IRQHandler)
    i.Error_Handler                          0x080004ee   Section        0  main.o(i.Error_Handler)
    i.GUI_DrawFont16                         0x080004f0   Section        0  gui.o(i.GUI_DrawFont16)
    i.GUI_DrawFont24                         0x080005dc   Section        0  gui.o(i.GUI_DrawFont24)
    i.GUI_DrawFont32                         0x080006cc   Section        0  gui.o(i.GUI_DrawFont32)
    i.HAL_Delay                              0x080007b8   Section        0  stm32l1xx_hal.o(i.HAL_Delay)
    i.HAL_GPIO_EXTI_Callback                 0x080007dc   Section        0  main.o(i.HAL_GPIO_EXTI_Callback)
    i.HAL_GPIO_EXTI_IRQHandler               0x08000930   Section        0  stm32l1xx_hal_gpio.o(i.HAL_GPIO_EXTI_IRQHandler)
    i.HAL_GPIO_Init                          0x08000948   Section        0  stm32l1xx_hal_gpio.o(i.HAL_GPIO_Init)
    i.HAL_GPIO_ReadPin                       0x08000ad4   Section        0  stm32l1xx_hal_gpio.o(i.HAL_GPIO_ReadPin)
    i.HAL_GPIO_WritePin                      0x08000ade   Section        0  stm32l1xx_hal_gpio.o(i.HAL_GPIO_WritePin)
    i.HAL_GetTick                            0x08000ae8   Section        0  stm32l1xx_hal.o(i.HAL_GetTick)
    i.HAL_IncTick                            0x08000af4   Section        0  stm32l1xx_hal.o(i.HAL_IncTick)
    i.HAL_Init                               0x08000b04   Section        0  stm32l1xx_hal.o(i.HAL_Init)
    i.HAL_InitTick                           0x08000b24   Section        0  stm32l1xx_hal.o(i.HAL_InitTick)
    i.HAL_MspInit                            0x08000b68   Section        0  stm32l1xx_hal_msp.o(i.HAL_MspInit)
    i.HAL_NVIC_DisableIRQ                    0x08000ba4   Section        0  stm32l1xx_hal_cortex.o(i.HAL_NVIC_DisableIRQ)
    i.HAL_NVIC_EnableIRQ                     0x08000bc6   Section        0  stm32l1xx_hal_cortex.o(i.HAL_NVIC_EnableIRQ)
    i.HAL_NVIC_SetPriority                   0x08000be0   Section        0  stm32l1xx_hal_cortex.o(i.HAL_NVIC_SetPriority)
    i.HAL_NVIC_SetPriorityGrouping           0x08000c20   Section        0  stm32l1xx_hal_cortex.o(i.HAL_NVIC_SetPriorityGrouping)
    i.HAL_RCC_ClockConfig                    0x08000c44   Section        0  stm32l1xx_hal_rcc.o(i.HAL_RCC_ClockConfig)
    i.HAL_RCC_GetSysClockFreq                0x08000de8   Section        0  stm32l1xx_hal_rcc.o(i.HAL_RCC_GetSysClockFreq)
    i.HAL_RCC_OscConfig                      0x08000e48   Section        0  stm32l1xx_hal_rcc.o(i.HAL_RCC_OscConfig)
    i.HAL_SPI_Init                           0x08001270   Section        0  stm32l1xx_hal_spi.o(i.HAL_SPI_Init)
    i.HAL_SPI_MspInit                        0x080012e4   Section        0  stm32l1xx_hal_msp.o(i.HAL_SPI_MspInit)
    i.HAL_SPI_TransmitReceive                0x0800134c   Section        0  stm32l1xx_hal_spi.o(i.HAL_SPI_TransmitReceive)
    i.HAL_SYSTICK_Config                     0x0800152e   Section        0  stm32l1xx_hal_cortex.o(i.HAL_SYSTICK_Config)
    i.HAL_TIM_Base_Init                      0x08001556   Section        0  stm32l1xx_hal_tim.o(i.HAL_TIM_Base_Init)
    i.HAL_TIM_Base_MspInit                   0x0800158c   Section        0  stm32l1xx_hal_msp.o(i.HAL_TIM_Base_MspInit)
    i.HAL_TIM_ConfigClockSource              0x080015c8   Section        0  stm32l1xx_hal_tim.o(i.HAL_TIM_ConfigClockSource)
    i.HAL_TIM_IC_CaptureCallback             0x0800169e   Section        0  stm32l1xx_hal_tim.o(i.HAL_TIM_IC_CaptureCallback)
    i.HAL_TIM_IRQHandler                     0x080016a0   Section        0  stm32l1xx_hal_tim.o(i.HAL_TIM_IRQHandler)
    i.HAL_TIM_OC_DelayElapsedCallback        0x080017c6   Section        0  stm32l1xx_hal_tim.o(i.HAL_TIM_OC_DelayElapsedCallback)
    i.HAL_TIM_PWM_PulseFinishedCallback      0x080017c8   Section        0  stm32l1xx_hal_tim.o(i.HAL_TIM_PWM_PulseFinishedCallback)
    i.HAL_TIM_PeriodElapsedCallback          0x080017ca   Section        0  stm32l1xx_hal_tim.o(i.HAL_TIM_PeriodElapsedCallback)
    i.HAL_TIM_TriggerCallback                0x080017cc   Section        0  stm32l1xx_hal_tim.o(i.HAL_TIM_TriggerCallback)
    i.HardFault_Handler                      0x080017ce   Section        0  stm32l1xx_it.o(i.HardFault_Handler)
    i.LCD_Clear                              0x080017d0   Section        0  lcd.o(i.LCD_Clear)
    i.LCD_DrawPoint                          0x08001844   Section        0  lcd.o(i.LCD_DrawPoint)
    i.LCD_GPIOInit                           0x0800185c   Section        0  lcd.o(i.LCD_GPIOInit)
    i.LCD_Init                               0x080018dc   Section        0  lcd.o(i.LCD_Init)
    i.LCD_RESET                              0x08001a70   Section        0  lcd.o(i.LCD_RESET)
    i.LCD_SetCursor                          0x08001a9c   Section        0  lcd.o(i.LCD_SetCursor)
    i.LCD_SetWindows                         0x08001aa4   Section        0  lcd.o(i.LCD_SetWindows)
    i.LCD_ShowChar                           0x08001b28   Section        0  gui.o(i.LCD_ShowChar)
    i.LCD_ShowNum                            0x08001c30   Section        0  gui.o(i.LCD_ShowNum)
    i.LCD_WR_DATA                            0x08001cb4   Section        0  lcd.o(i.LCD_WR_DATA)
    i.LCD_WR_REG                             0x08001ce8   Section        0  lcd.o(i.LCD_WR_REG)
    i.LCD_WriteRAM_Prepare                   0x08001d1c   Section        0  lcd.o(i.LCD_WriteRAM_Prepare)
    i.LCD_WriteReg                           0x08001d28   Section        0  lcd.o(i.LCD_WriteReg)
    i.LCD_direction                          0x08001d3c   Section        0  lcd.o(i.LCD_direction)
    i.Lcd_WriteData_16Bit                    0x08001da0   Section        0  lcd.o(i.Lcd_WriteData_16Bit)
    i.LoRaConfig_Check                       0x08001dd8   Section        0  sx127x_driver.o(i.LoRaConfig_Check)
    i.MX_GPIO_Init                           0x08001eb8   Section        0  main.o(i.MX_GPIO_Init)
    MX_GPIO_Init                             0x08001eb9   Thumb Code   246  main.o(i.MX_GPIO_Init)
    i.MX_SPI1_Init                           0x08001fc4   Section        0  main.o(i.MX_SPI1_Init)
    MX_SPI1_Init                             0x08001fc5   Thumb Code    44  main.o(i.MX_SPI1_Init)
    i.MemManage_Handler                      0x08001ff8   Section        0  stm32l1xx_it.o(i.MemManage_Handler)
    i.NMI_Handler                            0x08001ffa   Section        0  stm32l1xx_it.o(i.NMI_Handler)
    i.PendSV_Handler                         0x08001ffc   Section        0  stm32l1xx_it.o(i.PendSV_Handler)
    i.RCC_SetFlashLatencyFromMSIRange        0x08002000   Section        0  stm32l1xx_hal_rcc.o(i.RCC_SetFlashLatencyFromMSIRange)
    RCC_SetFlashLatencyFromMSIRange          0x08002001   Thumb Code   116  stm32l1xx_hal_rcc.o(i.RCC_SetFlashLatencyFromMSIRange)
    i.SPI_EndRxTxTransaction                 0x08002080   Section        0  stm32l1xx_hal_spi.o(i.SPI_EndRxTxTransaction)
    SPI_EndRxTxTransaction                   0x08002081   Thumb Code    64  stm32l1xx_hal_spi.o(i.SPI_EndRxTxTransaction)
    i.SPI_WaitFlagStateUntilTimeout          0x080020c0   Section        0  stm32l1xx_hal_spi.o(i.SPI_WaitFlagStateUntilTimeout)
    SPI_WaitFlagStateUntilTimeout            0x080020c1   Thumb Code   148  stm32l1xx_hal_spi.o(i.SPI_WaitFlagStateUntilTimeout)
    i.SPIv_WriteData                         0x08002154   Section        0  spi.o(i.SPIv_WriteData)
    i.SVC_Handler                            0x0800219c   Section        0  stm32l1xx_it.o(i.SVC_Handler)
    i.SX127XWriteRxTx                        0x0800219e   Section        0  sx127x_driver.o(i.SX127XWriteRxTx)
    i.SX127X_DIO0_GetState                   0x080021bc   Section        0  sx127x_hal.o(i.SX127X_DIO0_GetState)
    i.SX127X_DIO0_INPUT                      0x080021cc   Section        0  sx127x_hal.o(i.SX127X_DIO0_INPUT)
    i.SX127X_DIO0_INTDISABLE                 0x08002214   Section        0  sx127x_hal.o(i.SX127X_DIO0_INTDISABLE)
    i.SX127X_DIO0_INTENABLE                  0x0800221a   Section        0  sx127x_hal.o(i.SX127X_DIO0_INTENABLE)
    i.SX127X_DIO1_INPUT                      0x08002220   Section        0  sx127x_hal.o(i.SX127X_DIO1_INPUT)
    i.SX127X_DIO2_INPUT                      0x08002260   Section        0  sx127x_hal.o(i.SX127X_DIO2_INPUT)
    i.SX127X_FreqSet                         0x080022a0   Section        0  sx127x_driver.o(i.SX127X_FreqSet)
    i.SX127X_InitIo                          0x08002344   Section        0  sx127x_driver.o(i.SX127X_InitIo)
    i.SX127X_Lora_init                       0x0800236c   Section        0  sx127x_driver.o(i.SX127X_Lora_init)
    i.SX127X_NSS_OUTPUT                      0x08002470   Section        0  sx127x_hal.o(i.SX127X_NSS_OUTPUT)
    i.SX127X_PoutSet                         0x08002480   Section        0  sx127x_driver.o(i.SX127X_PoutSet)
    i.SX127X_RESET_OUTPUT                    0x080024dc   Section        0  sx127x_hal.o(i.SX127X_RESET_OUTPUT)
    i.SX127X_RXE_OUTPUT                      0x08002524   Section        0  sx127x_hal.o(i.SX127X_RXE_OUTPUT)
    i.SX127X_Read                            0x0800256c   Section        0  sx127x_driver.o(i.SX127X_Read)
    i.SX127X_ReadBuffer                      0x08002572   Section        0  sx127x_hal.o(i.SX127X_ReadBuffer)
    i.SX127X_ReadFifo                        0x080025a6   Section        0  sx127x_driver.o(i.SX127X_ReadFifo)
    i.SX127X_ReadWriteByte                   0x080025b0   Section        0  sx127x_hal.o(i.SX127X_ReadWriteByte)
    i.SX127X_Reset                           0x080025d0   Section        0  sx127x_driver.o(i.SX127X_Reset)
    i.SX127X_RxPacket                        0x080025f0   Section        0  sx127x_driver.o(i.SX127X_RxPacket)
    i.SX127X_SPIGPIO_Init                    0x0800267c   Section        0  sx127x_hal.o(i.SX127X_SPIGPIO_Init)
    i.SX127X_SPI_Init                        0x080026a0   Section        0  sx127x_hal.o(i.SX127X_SPI_Init)
    i.SX127X_StandbyMode                     0x080026ec   Section        0  sx127x_driver.o(i.SX127X_StandbyMode)
    i.SX127X_StartRx                         0x080026f4   Section        0  sx127x_driver.o(i.SX127X_StartRx)
    i.SX127X_TXE_OUTPUT                      0x08002750   Section        0  sx127x_hal.o(i.SX127X_TXE_OUTPUT)
    i.SX127X_TxPacket                        0x08002798   Section        0  sx127x_driver.o(i.SX127X_TxPacket)
    i.SX127X_Write                           0x08002800   Section        0  sx127x_driver.o(i.SX127X_Write)
    i.SX127X_WriteBuffer                     0x0800280c   Section        0  sx127x_hal.o(i.SX127X_WriteBuffer)
    i.Show_Str                               0x08002840   Section        0  gui.o(i.Show_Str)
    i.SysTick_Handler                        0x0800290c   Section        0  stm32l1xx_it.o(i.SysTick_Handler)
    i.SystemClock_Config                     0x08002910   Section        0  main.o(i.SystemClock_Config)
    i.SystemInit                             0x08002970   Section        0  system_stm32l1xx.o(i.SystemInit)
    i.TIM11_IRQHandler                       0x080029c0   Section        0  stm32l1xx_it.o(i.TIM11_IRQHandler)
    i.TIM_Base_SetConfig                     0x080029cc   Section        0  stm32l1xx_hal_tim.o(i.TIM_Base_SetConfig)
    TIM_Base_SetConfig                       0x080029cd   Thumb Code    94  stm32l1xx_hal_tim.o(i.TIM_Base_SetConfig)
    i.TIM_ETR_SetConfig                      0x08002a40   Section        0  stm32l1xx_hal_tim.o(i.TIM_ETR_SetConfig)
    TIM_ETR_SetConfig                        0x08002a41   Thumb Code    20  stm32l1xx_hal_tim.o(i.TIM_ETR_SetConfig)
    i.TIM_ITRx_SetConfig                     0x08002a54   Section        0  stm32l1xx_hal_tim.o(i.TIM_ITRx_SetConfig)
    TIM_ITRx_SetConfig                       0x08002a55   Thumb Code    16  stm32l1xx_hal_tim.o(i.TIM_ITRx_SetConfig)
    i.TIM_TI1_ConfigInputStage               0x08002a64   Section        0  stm32l1xx_hal_tim.o(i.TIM_TI1_ConfigInputStage)
    TIM_TI1_ConfigInputStage                 0x08002a65   Thumb Code    34  stm32l1xx_hal_tim.o(i.TIM_TI1_ConfigInputStage)
    i.TIM_TI2_ConfigInputStage               0x08002a86   Section        0  stm32l1xx_hal_tim.o(i.TIM_TI2_ConfigInputStage)
    TIM_TI2_ConfigInputStage                 0x08002a87   Thumb Code    36  stm32l1xx_hal_tim.o(i.TIM_TI2_ConfigInputStage)
    i.UsageFault_Handler                     0x08002aaa   Section        0  stm32l1xx_it.o(i.UsageFault_Handler)
    i.__NVIC_SetPriority                     0x08002aac   Section        0  stm32l1xx_hal_cortex.o(i.__NVIC_SetPriority)
    __NVIC_SetPriority                       0x08002aad   Thumb Code    32  stm32l1xx_hal_cortex.o(i.__NVIC_SetPriority)
    i.__scatterload_copy                     0x08002acc   Section       14  handlers.o(i.__scatterload_copy)
    i.__scatterload_null                     0x08002ada   Section        2  handlers.o(i.__scatterload_null)
    i.__scatterload_zeroinit                 0x08002adc   Section       14  handlers.o(i.__scatterload_zeroinit)
    i.main                                   0x08002aec   Section        0  main.o(i.main)
    i.mypow                                  0x08002e3c   Section        0  gui.o(i.mypow)
    .constdata                               0x08002e4c   Section       25  system_stm32l1xx.o(.constdata)
    .constdata                               0x08002e65   Section     5806  gui.o(.constdata)
    .data                                    0x20000000   Section       44  main.o(.data)
    .data                                    0x2000002c   Section       12  stm32l1xx_hal.o(.data)
    .data                                    0x20000038   Section        4  system_stm32l1xx.o(.data)
    .data                                    0x2000003c   Section        2  lcd.o(.data)
    .data                                    0x2000003e   Section        2  lcd.o(.data)
    .data                                    0x20000040   Section       20  sx127x_driver.o(.data)
    .bss                                     0x20000054   Section      148  main.o(.bss)
    .bss                                     0x200000e8   Section       16  lcd.o(.bss)
    .bss                                     0x200000f8   Section       16  sx127x_driver.o(.bss)
    STACK                                    0x20000108   Section     1024  startup_stm32l151xba.o(STACK)

    Global Symbols

    Symbol Name                              Value     Ov Type        Size  Object(Section)

    BuildAttributes$$THM_ISAv4$P$D$K$B$S$PE$A:L22UL41UL21$X:L11$S22US41US21$IEEE1$IW$USESV6$~STKCKD$USESV7$~SHL$OTIME$ROPI$EBA8$MICROLIB$REQ8$PRES8$EABIv2 0x00000000   Number         0  anon$$obj.o ABSOLUTE
    __ARM_use_no_argv                        0x00000000   Number         0  main.o ABSOLUTE
    __cpp_initialize__aeabi_                  - Undefined Weak Reference
    __cxa_finalize                            - Undefined Weak Reference
    __decompress                              - Undefined Weak Reference
    _clock_init                               - Undefined Weak Reference
    _microlib_exit                            - Undefined Weak Reference
    __Vectors_Size                           0x000000f4   Number         0  startup_stm32l151xba.o ABSOLUTE
    __Vectors                                0x08000000   Data           4  startup_stm32l151xba.o(RESET)
    __Vectors_End                            0x080000f4   Data           0  startup_stm32l151xba.o(RESET)
    __main                                   0x080000f5   Thumb Code     0  entry.o(.ARM.Collect$$$$00000000)
    _main_stk                                0x080000f5   Thumb Code     0  entry2.o(.ARM.Collect$$$$00000001)
    _main_scatterload                        0x080000f9   Thumb Code     0  entry5.o(.ARM.Collect$$$$00000004)
    __main_after_scatterload                 0x080000fd   Thumb Code     0  entry5.o(.ARM.Collect$$$$00000004)
    _main_clock                              0x080000fd   Thumb Code     0  entry7b.o(.ARM.Collect$$$$00000008)
    _main_cpp_init                           0x080000fd   Thumb Code     0  entry8b.o(.ARM.Collect$$$$0000000A)
    _main_init                               0x080000fd   Thumb Code     0  entry9a.o(.ARM.Collect$$$$0000000B)
    __rt_final_cpp                           0x08000105   Thumb Code     0  entry10a.o(.ARM.Collect$$$$0000000D)
    __rt_final_exit                          0x08000105   Thumb Code     0  entry11a.o(.ARM.Collect$$$$0000000F)
    Reset_Handler                            0x08000109   Thumb Code     8  startup_stm32l151xba.o(.text)
    ADC1_IRQHandler                          0x08000123   Thumb Code     0  startup_stm32l151xba.o(.text)
    COMP_IRQHandler                          0x08000123   Thumb Code     0  startup_stm32l151xba.o(.text)
    DAC_IRQHandler                           0x08000123   Thumb Code     0  startup_stm32l151xba.o(.text)
    DMA1_Channel1_IRQHandler                 0x08000123   Thumb Code     0  startup_stm32l151xba.o(.text)
    DMA1_Channel2_IRQHandler                 0x08000123   Thumb Code     0  startup_stm32l151xba.o(.text)
    DMA1_Channel3_IRQHandler                 0x08000123   Thumb Code     0  startup_stm32l151xba.o(.text)
    DMA1_Channel4_IRQHandler                 0x08000123   Thumb Code     0  startup_stm32l151xba.o(.text)
    DMA1_Channel5_IRQHandler                 0x08000123   Thumb Code     0  startup_stm32l151xba.o(.text)
    DMA1_Channel6_IRQHandler                 0x08000123   Thumb Code     0  startup_stm32l151xba.o(.text)
    DMA1_Channel7_IRQHandler                 0x08000123   Thumb Code     0  startup_stm32l151xba.o(.text)
    EXTI0_IRQHandler                         0x08000123   Thumb Code     0  startup_stm32l151xba.o(.text)
    EXTI1_IRQHandler                         0x08000123   Thumb Code     0  startup_stm32l151xba.o(.text)
    EXTI2_IRQHandler                         0x08000123   Thumb Code     0  startup_stm32l151xba.o(.text)
    EXTI3_IRQHandler                         0x08000123   Thumb Code     0  startup_stm32l151xba.o(.text)
    EXTI4_IRQHandler                         0x08000123   Thumb Code     0  startup_stm32l151xba.o(.text)
    FLASH_IRQHandler                         0x08000123   Thumb Code     0  startup_stm32l151xba.o(.text)
    I2C1_ER_IRQHandler                       0x08000123   Thumb Code     0  startup_stm32l151xba.o(.text)
    I2C1_EV_IRQHandler                       0x08000123   Thumb Code     0  startup_stm32l151xba.o(.text)
    I2C2_ER_IRQHandler                       0x08000123   Thumb Code     0  startup_stm32l151xba.o(.text)
    I2C2_EV_IRQHandler                       0x08000123   Thumb Code     0  startup_stm32l151xba.o(.text)
    PVD_IRQHandler                           0x08000123   Thumb Code     0  startup_stm32l151xba.o(.text)
    RCC_IRQHandler                           0x08000123   Thumb Code     0  startup_stm32l151xba.o(.text)
    RTC_Alarm_IRQHandler                     0x08000123   Thumb Code     0  startup_stm32l151xba.o(.text)
    RTC_WKUP_IRQHandler                      0x08000123   Thumb Code     0  startup_stm32l151xba.o(.text)
    SPI1_IRQHandler                          0x08000123   Thumb Code     0  startup_stm32l151xba.o(.text)
    SPI2_IRQHandler                          0x08000123   Thumb Code     0  startup_stm32l151xba.o(.text)
    TAMPER_STAMP_IRQHandler                  0x08000123   Thumb Code     0  startup_stm32l151xba.o(.text)
    TIM10_IRQHandler                         0x08000123   Thumb Code     0  startup_stm32l151xba.o(.text)
    TIM2_IRQHandler                          0x08000123   Thumb Code     0  startup_stm32l151xba.o(.text)
    TIM3_IRQHandler                          0x08000123   Thumb Code     0  startup_stm32l151xba.o(.text)
    TIM4_IRQHandler                          0x08000123   Thumb Code     0  startup_stm32l151xba.o(.text)
    TIM6_IRQHandler                          0x08000123   Thumb Code     0  startup_stm32l151xba.o(.text)
    TIM7_IRQHandler                          0x08000123   Thumb Code     0  startup_stm32l151xba.o(.text)
    TIM9_IRQHandler                          0x08000123   Thumb Code     0  startup_stm32l151xba.o(.text)
    USART1_IRQHandler                        0x08000123   Thumb Code     0  startup_stm32l151xba.o(.text)
    USART2_IRQHandler                        0x08000123   Thumb Code     0  startup_stm32l151xba.o(.text)
    USART3_IRQHandler                        0x08000123   Thumb Code     0  startup_stm32l151xba.o(.text)
    USB_FS_WKUP_IRQHandler                   0x08000123   Thumb Code     0  startup_stm32l151xba.o(.text)
    USB_HP_IRQHandler                        0x08000123   Thumb Code     0  startup_stm32l151xba.o(.text)
    USB_LP_IRQHandler                        0x08000123   Thumb Code     0  startup_stm32l151xba.o(.text)
    WWDG_IRQHandler                          0x08000123   Thumb Code     0  startup_stm32l151xba.o(.text)
    __aeabi_memset                           0x0800012d   Thumb Code    14  memseta.o(.text)
    __aeabi_memset4                          0x0800012d   Thumb Code     0  memseta.o(.text)
    __aeabi_memset8                          0x0800012d   Thumb Code     0  memseta.o(.text)
    __aeabi_memclr                           0x0800013b   Thumb Code     4  memseta.o(.text)
    __aeabi_memclr4                          0x0800013b   Thumb Code     0  memseta.o(.text)
    __aeabi_memclr8                          0x0800013b   Thumb Code     0  memseta.o(.text)
    _memset$wrapper                          0x0800013f   Thumb Code    18  memseta.o(.text)
    __aeabi_fdiv                             0x08000151   Thumb Code   124  fdiv.o(.text)
    __aeabi_ddiv                             0x080001cd   Thumb Code   222  ddiv.o(.text)
    __aeabi_i2f                              0x080002ab   Thumb Code    18  fflti.o(.text)
    __aeabi_ui2d                             0x080002bd   Thumb Code    26  dfltui.o(.text)
    __aeabi_d2uiz                            0x080002d7   Thumb Code    50  dfixui.o(.text)
    __aeabi_llsr                             0x08000309   Thumb Code    32  llushr.o(.text)
    _ll_ushift_r                             0x08000309   Thumb Code     0  llushr.o(.text)
    __I$use$fp                               0x08000329   Thumb Code     0  iusefp.o(.text)
    _float_round                             0x08000329   Thumb Code    18  fepilogue.o(.text)
    _float_epilogue                          0x0800033b   Thumb Code    92  fepilogue.o(.text)
    _double_round                            0x08000397   Thumb Code    30  depilogue.o(.text)
    _double_epilogue                         0x080003b5   Thumb Code   156  depilogue.o(.text)
    __scatterload                            0x08000451   Thumb Code    28  init.o(.text)
    __scatterload_rt2                        0x08000451   Thumb Code     0  init.o(.text)
    __aeabi_llsl                             0x08000475   Thumb Code    30  llshl.o(.text)
    _ll_shift_l                              0x08000475   Thumb Code     0  llshl.o(.text)
    BusFault_Handler                         0x08000493   Thumb Code     2  stm32l1xx_it.o(i.BusFault_Handler)
    DIO0_DisableInterrupt                    0x08000495   Thumb Code     4  sx127x_driver.o(i.DIO0_DisableInterrupt)
    DIO0_EnableInterrupt                     0x08000499   Thumb Code     4  sx127x_driver.o(i.DIO0_EnableInterrupt)
    DIO0_GetState                            0x0800049d   Thumb Code     4  sx127x_driver.o(i.DIO0_GetState)
    DebugMon_Handler                         0x080004a1   Thumb Code     2  stm32l1xx_it.o(i.DebugMon_Handler)
    EXTI15_10_IRQHandler                     0x080004a3   Thumb Code    54  stm32l1xx_it.o(i.EXTI15_10_IRQHandler)
    EXTI9_5_IRQHandler                       0x080004d9   Thumb Code    22  stm32l1xx_it.o(i.EXTI9_5_IRQHandler)
    Error_Handler                            0x080004ef   Thumb Code     2  main.o(i.Error_Handler)
    GUI_DrawFont16                           0x080004f1   Thumb Code   222  gui.o(i.GUI_DrawFont16)
    GUI_DrawFont24                           0x080005dd   Thumb Code   226  gui.o(i.GUI_DrawFont24)
    GUI_DrawFont32                           0x080006cd   Thumb Code   222  gui.o(i.GUI_DrawFont32)
    HAL_Delay                                0x080007b9   Thumb Code    32  stm32l1xx_hal.o(i.HAL_Delay)
    HAL_GPIO_EXTI_Callback                   0x080007dd   Thumb Code   330  main.o(i.HAL_GPIO_EXTI_Callback)
    HAL_GPIO_EXTI_IRQHandler                 0x08000931   Thumb Code    18  stm32l1xx_hal_gpio.o(i.HAL_GPIO_EXTI_IRQHandler)
    HAL_GPIO_Init                            0x08000949   Thumb Code   364  stm32l1xx_hal_gpio.o(i.HAL_GPIO_Init)
    HAL_GPIO_ReadPin                         0x08000ad5   Thumb Code    10  stm32l1xx_hal_gpio.o(i.HAL_GPIO_ReadPin)
    HAL_GPIO_WritePin                        0x08000adf   Thumb Code    10  stm32l1xx_hal_gpio.o(i.HAL_GPIO_WritePin)
    HAL_GetTick                              0x08000ae9   Thumb Code     6  stm32l1xx_hal.o(i.HAL_GetTick)
    HAL_IncTick                              0x08000af5   Thumb Code    12  stm32l1xx_hal.o(i.HAL_IncTick)
    HAL_Init                                 0x08000b05   Thumb Code    30  stm32l1xx_hal.o(i.HAL_Init)
    HAL_InitTick                             0x08000b25   Thumb Code    58  stm32l1xx_hal.o(i.HAL_InitTick)
    HAL_MspInit                              0x08000b69   Thumb Code    56  stm32l1xx_hal_msp.o(i.HAL_MspInit)
    HAL_NVIC_DisableIRQ                      0x08000ba5   Thumb Code    34  stm32l1xx_hal_cortex.o(i.HAL_NVIC_DisableIRQ)
    HAL_NVIC_EnableIRQ                       0x08000bc7   Thumb Code    26  stm32l1xx_hal_cortex.o(i.HAL_NVIC_EnableIRQ)
    HAL_NVIC_SetPriority                     0x08000be1   Thumb Code    60  stm32l1xx_hal_cortex.o(i.HAL_NVIC_SetPriority)
    HAL_NVIC_SetPriorityGrouping             0x08000c21   Thumb Code    26  stm32l1xx_hal_cortex.o(i.HAL_NVIC_SetPriorityGrouping)
    HAL_RCC_ClockConfig                      0x08000c45   Thumb Code   400  stm32l1xx_hal_rcc.o(i.HAL_RCC_ClockConfig)
    HAL_RCC_GetSysClockFreq                  0x08000de9   Thumb Code    80  stm32l1xx_hal_rcc.o(i.HAL_RCC_GetSysClockFreq)
    HAL_RCC_OscConfig                        0x08000e49   Thumb Code  1064  stm32l1xx_hal_rcc.o(i.HAL_RCC_OscConfig)
    HAL_SPI_Init                             0x08001271   Thumb Code   114  stm32l1xx_hal_spi.o(i.HAL_SPI_Init)
    HAL_SPI_MspInit                          0x080012e5   Thumb Code    92  stm32l1xx_hal_msp.o(i.HAL_SPI_MspInit)
    HAL_SPI_TransmitReceive                  0x0800134d   Thumb Code   482  stm32l1xx_hal_spi.o(i.HAL_SPI_TransmitReceive)
    HAL_SYSTICK_Config                       0x0800152f   Thumb Code    40  stm32l1xx_hal_cortex.o(i.HAL_SYSTICK_Config)
    HAL_TIM_Base_Init                        0x08001557   Thumb Code    54  stm32l1xx_hal_tim.o(i.HAL_TIM_Base_Init)
    HAL_TIM_Base_MspInit                     0x0800158d   Thumb Code    50  stm32l1xx_hal_msp.o(i.HAL_TIM_Base_MspInit)
    HAL_TIM_ConfigClockSource                0x080015c9   Thumb Code   214  stm32l1xx_hal_tim.o(i.HAL_TIM_ConfigClockSource)
    HAL_TIM_IC_CaptureCallback               0x0800169f   Thumb Code     2  stm32l1xx_hal_tim.o(i.HAL_TIM_IC_CaptureCallback)
    HAL_TIM_IRQHandler                       0x080016a1   Thumb Code   294  stm32l1xx_hal_tim.o(i.HAL_TIM_IRQHandler)
    HAL_TIM_OC_DelayElapsedCallback          0x080017c7   Thumb Code     2  stm32l1xx_hal_tim.o(i.HAL_TIM_OC_DelayElapsedCallback)
    HAL_TIM_PWM_PulseFinishedCallback        0x080017c9   Thumb Code     2  stm32l1xx_hal_tim.o(i.HAL_TIM_PWM_PulseFinishedCallback)
    HAL_TIM_PeriodElapsedCallback            0x080017cb   Thumb Code     2  stm32l1xx_hal_tim.o(i.HAL_TIM_PeriodElapsedCallback)
    HAL_TIM_TriggerCallback                  0x080017cd   Thumb Code     2  stm32l1xx_hal_tim.o(i.HAL_TIM_TriggerCallback)
    HardFault_Handler                        0x080017cf   Thumb Code     2  stm32l1xx_it.o(i.HardFault_Handler)
    LCD_Clear                                0x080017d1   Thumb Code   108  lcd.o(i.LCD_Clear)
    LCD_DrawPoint                            0x08001845   Thumb Code    18  lcd.o(i.LCD_DrawPoint)
    LCD_GPIOInit                             0x0800185d   Thumb Code   120  lcd.o(i.LCD_GPIOInit)
    LCD_Init                                 0x080018dd   Thumb Code   398  lcd.o(i.LCD_Init)
    LCD_RESET                                0x08001a71   Thumb Code    40  lcd.o(i.LCD_RESET)
    LCD_SetCursor                            0x08001a9d   Thumb Code     8  lcd.o(i.LCD_SetCursor)
    LCD_SetWindows                           0x08001aa5   Thumb Code   126  lcd.o(i.LCD_SetWindows)
    LCD_ShowChar                             0x08001b29   Thumb Code   246  gui.o(i.LCD_ShowChar)
    LCD_ShowNum                              0x08001c31   Thumb Code   124  gui.o(i.LCD_ShowNum)
    LCD_WR_DATA                              0x08001cb5   Thumb Code    46  lcd.o(i.LCD_WR_DATA)
    LCD_WR_REG                               0x08001ce9   Thumb Code    46  lcd.o(i.LCD_WR_REG)
    LCD_WriteRAM_Prepare                     0x08001d1d   Thumb Code     8  lcd.o(i.LCD_WriteRAM_Prepare)
    LCD_WriteReg                             0x08001d29   Thumb Code    18  lcd.o(i.LCD_WriteReg)
    LCD_direction                            0x08001d3d   Thumb Code    94  lcd.o(i.LCD_direction)
    Lcd_WriteData_16Bit                      0x08001da1   Thumb Code    52  lcd.o(i.Lcd_WriteData_16Bit)
    LoRaConfig_Check                         0x08001dd9   Thumb Code   172  sx127x_driver.o(i.LoRaConfig_Check)
    MemManage_Handler                        0x08001ff9   Thumb Code     2  stm32l1xx_it.o(i.MemManage_Handler)
    NMI_Handler                              0x08001ffb   Thumb Code     2  stm32l1xx_it.o(i.NMI_Handler)
    PendSV_Handler                           0x08001ffd   Thumb Code     2  stm32l1xx_it.o(i.PendSV_Handler)
    SPIv_WriteData                           0x08002155   Thumb Code    66  spi.o(i.SPIv_WriteData)
    SVC_Handler                              0x0800219d   Thumb Code     2  stm32l1xx_it.o(i.SVC_Handler)
    SX127XWriteRxTx                          0x0800219f   Thumb Code    30  sx127x_driver.o(i.SX127XWriteRxTx)
    SX127X_DIO0_GetState                     0x080021bd   Thumb Code    10  sx127x_hal.o(i.SX127X_DIO0_GetState)
    SX127X_DIO0_INPUT                        0x080021cd   Thumb Code    60  sx127x_hal.o(i.SX127X_DIO0_INPUT)
    SX127X_DIO0_INTDISABLE                   0x08002215   Thumb Code     6  sx127x_hal.o(i.SX127X_DIO0_INTDISABLE)
    SX127X_DIO0_INTENABLE                    0x0800221b   Thumb Code     6  sx127x_hal.o(i.SX127X_DIO0_INTENABLE)
    SX127X_DIO1_INPUT                        0x08002221   Thumb Code    50  sx127x_hal.o(i.SX127X_DIO1_INPUT)
    SX127X_DIO2_INPUT                        0x08002261   Thumb Code    50  sx127x_hal.o(i.SX127X_DIO2_INPUT)
    SX127X_FreqSet                           0x080022a1   Thumb Code   146  sx127x_driver.o(i.SX127X_FreqSet)
    SX127X_InitIo                            0x08002345   Thumb Code    40  sx127x_driver.o(i.SX127X_InitIo)
    SX127X_Lora_init                         0x0800236d   Thumb Code   256  sx127x_driver.o(i.SX127X_Lora_init)
    SX127X_NSS_OUTPUT                        0x08002471   Thumb Code    10  sx127x_hal.o(i.SX127X_NSS_OUTPUT)
    SX127X_PoutSet                           0x08002481   Thumb Code    88  sx127x_driver.o(i.SX127X_PoutSet)
    SX127X_RESET_OUTPUT                      0x080024dd   Thumb Code    62  sx127x_hal.o(i.SX127X_RESET_OUTPUT)
    SX127X_RXE_OUTPUT                        0x08002525   Thumb Code    64  sx127x_hal.o(i.SX127X_RXE_OUTPUT)
    SX127X_Read                              0x0800256d   Thumb Code     6  sx127x_driver.o(i.SX127X_Read)
    SX127X_ReadBuffer                        0x08002573   Thumb Code    52  sx127x_hal.o(i.SX127X_ReadBuffer)
    SX127X_ReadFifo                          0x080025a7   Thumb Code    10  sx127x_driver.o(i.SX127X_ReadFifo)
    SX127X_ReadWriteByte                     0x080025b1   Thumb Code    28  sx127x_hal.o(i.SX127X_ReadWriteByte)
    SX127X_Reset                             0x080025d1   Thumb Code    30  sx127x_driver.o(i.SX127X_Reset)
    SX127X_RxPacket                          0x080025f1   Thumb Code   130  sx127x_driver.o(i.SX127X_RxPacket)
    SX127X_SPIGPIO_Init                      0x0800267d   Thumb Code    32  sx127x_hal.o(i.SX127X_SPIGPIO_Init)
    SX127X_SPI_Init                          0x080026a1   Thumb Code    66  sx127x_hal.o(i.SX127X_SPI_Init)
    SX127X_StandbyMode                       0x080026ed   Thumb Code     8  sx127x_driver.o(i.SX127X_StandbyMode)
    SX127X_StartRx                           0x080026f5   Thumb Code    86  sx127x_driver.o(i.SX127X_StartRx)
    SX127X_TXE_OUTPUT                        0x08002751   Thumb Code    62  sx127x_hal.o(i.SX127X_TXE_OUTPUT)
    SX127X_TxPacket                          0x08002799   Thumb Code    98  sx127x_driver.o(i.SX127X_TxPacket)
    SX127X_Write                             0x08002801   Thumb Code    12  sx127x_driver.o(i.SX127X_Write)
    SX127X_WriteBuffer                       0x0800280d   Thumb Code    50  sx127x_hal.o(i.SX127X_WriteBuffer)
    Show_Str                                 0x08002841   Thumb Code   200  gui.o(i.Show_Str)
    SysTick_Handler                          0x0800290d   Thumb Code     4  stm32l1xx_it.o(i.SysTick_Handler)
    SystemClock_Config                       0x08002911   Thumb Code    90  main.o(i.SystemClock_Config)
    SystemInit                               0x08002971   Thumb Code    62  system_stm32l1xx.o(i.SystemInit)
    TIM11_IRQHandler                         0x080029c1   Thumb Code     6  stm32l1xx_it.o(i.TIM11_IRQHandler)
    UsageFault_Handler                       0x08002aab   Thumb Code     2  stm32l1xx_it.o(i.UsageFault_Handler)
    __scatterload_copy                       0x08002acd   Thumb Code    14  handlers.o(i.__scatterload_copy)
    __scatterload_null                       0x08002adb   Thumb Code     2  handlers.o(i.__scatterload_null)
    __scatterload_zeroinit                   0x08002add   Thumb Code    14  handlers.o(i.__scatterload_zeroinit)
    main                                     0x08002aed   Thumb Code   700  main.o(i.main)
    mypow                                    0x08002e3d   Thumb Code    16  gui.o(i.mypow)
    PLLMulTable                              0x08002e4c   Data           9  system_stm32l1xx.o(.constdata)
    AHBPrescTable                            0x08002e55   Data          16  system_stm32l1xx.o(.constdata)
    asc2_1206                                0x08002e65   Data        1140  gui.o(.constdata)
    asc2_1608                                0x080032d9   Data        1520  gui.o(.constdata)
    tfont16                                  0x080038c9   Data        2108  gui.o(.constdata)
    tfont24                                  0x08004105   Data         518  gui.o(.constdata)
    tfont32                                  0x0800430b   Data         520  gui.o(.constdata)
    Region$$Table$$Base                      0x08004514   Number         0  anon$$obj.o(Region$$Table)
    Region$$Table$$Limit                     0x08004534   Number         0  anon$$obj.o(Region$$Table)
    colorcnt                                 0x20000000   Data           1  main.o(.data)
    communication_states                     0x20000001   Data           1  main.o(.data)
    SNR                                      0x20000002   Data           2  main.o(.data)
    RSSI                                     0x20000004   Data           2  main.o(.data)
    ENV_RSSI                                 0x20000006   Data           2  main.o(.data)
    TXbuffer                                 0x20000008   Data           8  main.o(.data)
    RXbuffer                                 0x20000010   Data           8  main.o(.data)
    Fre                                      0x20000018   Data          20  main.o(.data)
    uwTickPrio                               0x2000002c   Data           4  stm32l1xx_hal.o(.data)
    uwTickFreq                               0x20000030   Data           4  stm32l1xx_hal.o(.data)
    uwTick                                   0x20000034   Data           4  stm32l1xx_hal.o(.data)
    SystemCoreClock                          0x20000038   Data           4  system_stm32l1xx.o(.data)
    POINT_COLOR                              0x2000003c   Data           2  lcd.o(.data)
    BACK_COLOR                               0x2000003e   Data           2  lcd.o(.data)
    G_BandWidthKHz                           0x20000040   Data           4  sx127x_driver.o(.data)
    G_TsXms                                  0x20000044   Data           4  sx127x_driver.o(.data)
    G_LoRaConfig                             0x20000048   Data          12  sx127x_driver.o(.data)
    hspi1                                    0x20000054   Data          88  main.o(.bss)
    htim11                                   0x200000ac   Data          60  main.o(.bss)
    lcddev                                   0x200000e8   Data          16  lcd.o(.bss)
    G_LoRaPara                               0x200000f8   Data          16  sx127x_driver.o(.bss)
    __initial_sp                             0x20000508   Data           0  startup_stm32l151xba.o(STACK)



==============================================================================

Memory Map of the image

  Image Entry point : 0x080000f5

  Load Region LR_IROM1 (Base: 0x08000000, Size: 0x00004588, Max: 0x00010000, ABSOLUTE)

    Execution Region ER_IROM1 (Exec base: 0x08000000, Load base: 0x08000000, Size: 0x00004534, Max: 0x00010000, ABSOLUTE)

    Exec Addr    Load Addr    Size         Type   Attr      Idx    E Section Name        Object

    0x08000000   0x08000000   0x000000f4   Data   RO            3    RESET               startup_stm32l151xba.o
    0x080000f4   0x080000f4   0x00000000   Code   RO         3107  * .ARM.Collect$$$$00000000  mc_w.l(entry.o)
    0x080000f4   0x080000f4   0x00000004   Code   RO         3124    .ARM.Collect$$$$00000001  mc_w.l(entry2.o)
    0x080000f8   0x080000f8   0x00000004   Code   RO         3127    .ARM.Collect$$$$00000004  mc_w.l(entry5.o)
    0x080000fc   0x080000fc   0x00000000   Code   RO         3129    .ARM.Collect$$$$00000008  mc_w.l(entry7b.o)
    0x080000fc   0x080000fc   0x00000000   Code   RO         3131    .ARM.Collect$$$$0000000A  mc_w.l(entry8b.o)
    0x080000fc   0x080000fc   0x00000008   Code   RO         3132    .ARM.Collect$$$$0000000B  mc_w.l(entry9a.o)
    0x08000104   0x08000104   0x00000000   Code   RO         3134    .ARM.Collect$$$$0000000D  mc_w.l(entry10a.o)
    0x08000104   0x08000104   0x00000000   Code   RO         3136    .ARM.Collect$$$$0000000F  mc_w.l(entry11a.o)
    0x08000104   0x08000104   0x00000004   Code   RO         3125    .ARM.Collect$$$$00002712  mc_w.l(entry2.o)
    0x08000108   0x08000108   0x00000024   Code   RO            4    .text               startup_stm32l151xba.o
    0x0800012c   0x0800012c   0x00000024   Code   RO         3110    .text               mc_w.l(memseta.o)
    0x08000150   0x08000150   0x0000007c   Code   RO         3114    .text               mf_w.l(fdiv.o)
    0x080001cc   0x080001cc   0x000000de   Code   RO         3116    .text               mf_w.l(ddiv.o)
    0x080002aa   0x080002aa   0x00000012   Code   RO         3118    .text               mf_w.l(fflti.o)
    0x080002bc   0x080002bc   0x0000001a   Code   RO         3120    .text               mf_w.l(dfltui.o)
    0x080002d6   0x080002d6   0x00000032   Code   RO         3122    .text               mf_w.l(dfixui.o)
    0x08000308   0x08000308   0x00000020   Code   RO         3138    .text               mc_w.l(llushr.o)
    0x08000328   0x08000328   0x00000000   Code   RO         3140    .text               mc_w.l(iusefp.o)
    0x08000328   0x08000328   0x0000006e   Code   RO         3141    .text               mf_w.l(fepilogue.o)
    0x08000396   0x08000396   0x000000ba   Code   RO         3143    .text               mf_w.l(depilogue.o)
    0x08000450   0x08000450   0x00000024   Code   RO         3145    .text               mc_w.l(init.o)
    0x08000474   0x08000474   0x0000001e   Code   RO         3147    .text               mc_w.l(llshl.o)
    0x08000492   0x08000492   0x00000002   Code   RO          193    i.BusFault_Handler  stm32l1xx_it.o
    0x08000494   0x08000494   0x00000004   Code   RO         2781    i.DIO0_DisableInterrupt  sx127x_driver.o
    0x08000498   0x08000498   0x00000004   Code   RO         2782    i.DIO0_EnableInterrupt  sx127x_driver.o
    0x0800049c   0x0800049c   0x00000004   Code   RO         2783    i.DIO0_GetState     sx127x_driver.o
    0x080004a0   0x080004a0   0x00000002   Code   RO          194    i.DebugMon_Handler  stm32l1xx_it.o
    0x080004a2   0x080004a2   0x00000036   Code   RO          195    i.EXTI15_10_IRQHandler  stm32l1xx_it.o
    0x080004d8   0x080004d8   0x00000016   Code   RO          196    i.EXTI9_5_IRQHandler  stm32l1xx_it.o
    0x080004ee   0x080004ee   0x00000002   Code   RO           13    i.Error_Handler     main.o
    0x080004f0   0x080004f0   0x000000ec   Code   RO         2512    i.GUI_DrawFont16    gui.o
    0x080005dc   0x080005dc   0x000000f0   Code   RO         2513    i.GUI_DrawFont24    gui.o
    0x080006cc   0x080006cc   0x000000ec   Code   RO         2514    i.GUI_DrawFont32    gui.o
    0x080007b8   0x080007b8   0x00000024   Code   RO          664    i.HAL_Delay         stm32l1xx_hal.o
    0x080007dc   0x080007dc   0x00000154   Code   RO           14    i.HAL_GPIO_EXTI_Callback  main.o
    0x08000930   0x08000930   0x00000018   Code   RO         1295    i.HAL_GPIO_EXTI_IRQHandler  stm32l1xx_hal_gpio.o
    0x08000948   0x08000948   0x0000018c   Code   RO         1296    i.HAL_GPIO_Init     stm32l1xx_hal_gpio.o
    0x08000ad4   0x08000ad4   0x0000000a   Code   RO         1298    i.HAL_GPIO_ReadPin  stm32l1xx_hal_gpio.o
    0x08000ade   0x08000ade   0x0000000a   Code   RO         1300    i.HAL_GPIO_WritePin  stm32l1xx_hal_gpio.o
    0x08000ae8   0x08000ae8   0x0000000c   Code   RO          668    i.HAL_GetTick       stm32l1xx_hal.o
    0x08000af4   0x08000af4   0x00000010   Code   RO          674    i.HAL_IncTick       stm32l1xx_hal.o
    0x08000b04   0x08000b04   0x0000001e   Code   RO          675    i.HAL_Init          stm32l1xx_hal.o
    0x08000b22   0x08000b22   0x00000002   PAD
    0x08000b24   0x08000b24   0x00000044   Code   RO          676    i.HAL_InitTick      stm32l1xx_hal.o
    0x08000b68   0x08000b68   0x0000003c   Code   RO          287    i.HAL_MspInit       stm32l1xx_hal_msp.o
    0x08000ba4   0x08000ba4   0x00000022   Code   RO         1638    i.HAL_NVIC_DisableIRQ  stm32l1xx_hal_cortex.o
    0x08000bc6   0x08000bc6   0x0000001a   Code   RO         1639    i.HAL_NVIC_EnableIRQ  stm32l1xx_hal_cortex.o
    0x08000be0   0x08000be0   0x00000040   Code   RO         1645    i.HAL_NVIC_SetPriority  stm32l1xx_hal_cortex.o
    0x08000c20   0x08000c20   0x00000024   Code   RO         1646    i.HAL_NVIC_SetPriorityGrouping  stm32l1xx_hal_cortex.o
    0x08000c44   0x08000c44   0x000001a4   Code   RO          832    i.HAL_RCC_ClockConfig  stm32l1xx_hal_rcc.o
    0x08000de8   0x08000de8   0x00000060   Code   RO          841    i.HAL_RCC_GetSysClockFreq  stm32l1xx_hal_rcc.o
    0x08000e48   0x08000e48   0x00000428   Code   RO          844    i.HAL_RCC_OscConfig  stm32l1xx_hal_rcc.o
    0x08001270   0x08001270   0x00000072   Code   RO          346    i.HAL_SPI_Init      stm32l1xx_hal_spi.o
    0x080012e2   0x080012e2   0x00000002   PAD
    0x080012e4   0x080012e4   0x00000068   Code   RO          289    i.HAL_SPI_MspInit   stm32l1xx_hal_msp.o
    0x0800134c   0x0800134c   0x000001e2   Code   RO          355    i.HAL_SPI_TransmitReceive  stm32l1xx_hal_spi.o
    0x0800152e   0x0800152e   0x00000028   Code   RO         1650    i.HAL_SYSTICK_Config  stm32l1xx_hal_cortex.o
    0x08001556   0x08001556   0x00000036   Code   RO         1771    i.HAL_TIM_Base_Init  stm32l1xx_hal_tim.o
    0x0800158c   0x0800158c   0x0000003c   Code   RO          291    i.HAL_TIM_Base_MspInit  stm32l1xx_hal_msp.o
    0x080015c8   0x080015c8   0x000000d6   Code   RO         1780    i.HAL_TIM_ConfigClockSource  stm32l1xx_hal_tim.o
    0x0800169e   0x0800169e   0x00000002   Code   RO         1800    i.HAL_TIM_IC_CaptureCallback  stm32l1xx_hal_tim.o
    0x080016a0   0x080016a0   0x00000126   Code   RO         1814    i.HAL_TIM_IRQHandler  stm32l1xx_hal_tim.o
    0x080017c6   0x080017c6   0x00000002   Code   RO         1817    i.HAL_TIM_OC_DelayElapsedCallback  stm32l1xx_hal_tim.o
    0x080017c8   0x080017c8   0x00000002   Code   RO         1844    i.HAL_TIM_PWM_PulseFinishedCallback  stm32l1xx_hal_tim.o
    0x080017ca   0x080017ca   0x00000002   Code   RO         1852    i.HAL_TIM_PeriodElapsedCallback  stm32l1xx_hal_tim.o
    0x080017cc   0x080017cc   0x00000002   Code   RO         1857    i.HAL_TIM_TriggerCallback  stm32l1xx_hal_tim.o
    0x080017ce   0x080017ce   0x00000002   Code   RO          197    i.HardFault_Handler  stm32l1xx_it.o
    0x080017d0   0x080017d0   0x00000074   Code   RO         2654    i.LCD_Clear         lcd.o
    0x08001844   0x08001844   0x00000018   Code   RO         2655    i.LCD_DrawPoint     lcd.o
    0x0800185c   0x0800185c   0x00000080   Code   RO         2656    i.LCD_GPIOInit      lcd.o
    0x080018dc   0x080018dc   0x00000194   Code   RO         2657    i.LCD_Init          lcd.o
    0x08001a70   0x08001a70   0x0000002c   Code   RO         2658    i.LCD_RESET         lcd.o
    0x08001a9c   0x08001a9c   0x00000008   Code   RO         2659    i.LCD_SetCursor     lcd.o
    0x08001aa4   0x08001aa4   0x00000084   Code   RO         2660    i.LCD_SetWindows    lcd.o
    0x08001b28   0x08001b28   0x00000108   Code   RO         2522    i.LCD_ShowChar      gui.o
    0x08001c30   0x08001c30   0x00000084   Code   RO         2523    i.LCD_ShowNum       gui.o
    0x08001cb4   0x08001cb4   0x00000034   Code   RO         2661    i.LCD_WR_DATA       lcd.o
    0x08001ce8   0x08001ce8   0x00000034   Code   RO         2662    i.LCD_WR_REG        lcd.o
    0x08001d1c   0x08001d1c   0x0000000c   Code   RO         2663    i.LCD_WriteRAM_Prepare  lcd.o
    0x08001d28   0x08001d28   0x00000012   Code   RO         2664    i.LCD_WriteReg      lcd.o
    0x08001d3a   0x08001d3a   0x00000002   PAD
    0x08001d3c   0x08001d3c   0x00000064   Code   RO         2665    i.LCD_direction     lcd.o
    0x08001da0   0x08001da0   0x00000038   Code   RO         2666    i.Lcd_WriteData_16Bit  lcd.o
    0x08001dd8   0x08001dd8   0x000000e0   Code   RO         2791    i.LoRaConfig_Check  sx127x_driver.o
    0x08001eb8   0x08001eb8   0x0000010c   Code   RO           15    i.MX_GPIO_Init      main.o
    0x08001fc4   0x08001fc4   0x00000034   Code   RO           16    i.MX_SPI1_Init      main.o
    0x08001ff8   0x08001ff8   0x00000002   Code   RO          198    i.MemManage_Handler  stm32l1xx_it.o
    0x08001ffa   0x08001ffa   0x00000002   Code   RO          199    i.NMI_Handler       stm32l1xx_it.o
    0x08001ffc   0x08001ffc   0x00000002   Code   RO          200    i.PendSV_Handler    stm32l1xx_it.o
    0x08001ffe   0x08001ffe   0x00000002   PAD
    0x08002000   0x08002000   0x00000080   Code   RO          845    i.RCC_SetFlashLatencyFromMSIRange  stm32l1xx_hal_rcc.o
    0x08002080   0x08002080   0x00000040   Code   RO          384    i.SPI_EndRxTxTransaction  stm32l1xx_hal_spi.o
    0x080020c0   0x080020c0   0x00000094   Code   RO          389    i.SPI_WaitFlagStateUntilTimeout  stm32l1xx_hal_spi.o
    0x08002154   0x08002154   0x00000048   Code   RO         2757    i.SPIv_WriteData    spi.o
    0x0800219c   0x0800219c   0x00000002   Code   RO          201    i.SVC_Handler       stm32l1xx_it.o
    0x0800219e   0x0800219e   0x0000001e   Code   RO         2792    i.SX127XWriteRxTx   sx127x_driver.o
    0x080021bc   0x080021bc   0x00000010   Code   RO         3003    i.SX127X_DIO0_GetState  sx127x_hal.o
    0x080021cc   0x080021cc   0x00000048   Code   RO         3004    i.SX127X_DIO0_INPUT  sx127x_hal.o
    0x08002214   0x08002214   0x00000006   Code   RO         3005    i.SX127X_DIO0_INTDISABLE  sx127x_hal.o
    0x0800221a   0x0800221a   0x00000006   Code   RO         3006    i.SX127X_DIO0_INTENABLE  sx127x_hal.o
    0x08002220   0x08002220   0x00000040   Code   RO         3007    i.SX127X_DIO1_INPUT  sx127x_hal.o
    0x08002260   0x08002260   0x00000040   Code   RO         3008    i.SX127X_DIO2_INPUT  sx127x_hal.o
    0x080022a0   0x080022a0   0x000000a4   Code   RO         2797    i.SX127X_FreqSet    sx127x_driver.o
    0x08002344   0x08002344   0x00000028   Code   RO         2798    i.SX127X_InitIo     sx127x_driver.o
    0x0800236c   0x0800236c   0x00000104   Code   RO         2799    i.SX127X_Lora_init  sx127x_driver.o
    0x08002470   0x08002470   0x00000010   Code   RO         3009    i.SX127X_NSS_OUTPUT  sx127x_hal.o
    0x08002480   0x08002480   0x0000005c   Code   RO         2800    i.SX127X_PoutSet    sx127x_driver.o
    0x080024dc   0x080024dc   0x00000048   Code   RO         3010    i.SX127X_RESET_OUTPUT  sx127x_hal.o
    0x08002524   0x08002524   0x00000048   Code   RO         3011    i.SX127X_RXE_OUTPUT  sx127x_hal.o
    0x0800256c   0x0800256c   0x00000006   Code   RO         2801    i.SX127X_Read       sx127x_driver.o
    0x08002572   0x08002572   0x00000034   Code   RO         3012    i.SX127X_ReadBuffer  sx127x_hal.o
    0x080025a6   0x080025a6   0x0000000a   Code   RO         2802    i.SX127X_ReadFifo   sx127x_driver.o
    0x080025b0   0x080025b0   0x00000020   Code   RO         3013    i.SX127X_ReadWriteByte  sx127x_hal.o
    0x080025d0   0x080025d0   0x0000001e   Code   RO         2803    i.SX127X_Reset      sx127x_driver.o
    0x080025ee   0x080025ee   0x00000002   PAD
    0x080025f0   0x080025f0   0x0000008c   Code   RO         2804    i.SX127X_RxPacket   sx127x_driver.o
    0x0800267c   0x0800267c   0x00000024   Code   RO         3014    i.SX127X_SPIGPIO_Init  sx127x_hal.o
    0x080026a0   0x080026a0   0x0000004c   Code   RO         3015    i.SX127X_SPI_Init   sx127x_hal.o
    0x080026ec   0x080026ec   0x00000008   Code   RO         2806    i.SX127X_StandbyMode  sx127x_driver.o
    0x080026f4   0x080026f4   0x0000005c   Code   RO         2807    i.SX127X_StartRx    sx127x_driver.o
    0x08002750   0x08002750   0x00000048   Code   RO         3016    i.SX127X_TXE_OUTPUT  sx127x_hal.o
    0x08002798   0x08002798   0x00000068   Code   RO         2808    i.SX127X_TxPacket   sx127x_driver.o
    0x08002800   0x08002800   0x0000000c   Code   RO         2812    i.SX127X_Write      sx127x_driver.o
    0x0800280c   0x0800280c   0x00000032   Code   RO         3017    i.SX127X_WriteBuffer  sx127x_hal.o
    0x0800283e   0x0800283e   0x00000002   PAD
    0x08002840   0x08002840   0x000000cc   Code   RO         2525    i.Show_Str          gui.o
    0x0800290c   0x0800290c   0x00000004   Code   RO          202    i.SysTick_Handler   stm32l1xx_it.o
    0x08002910   0x08002910   0x00000060   Code   RO           18    i.SystemClock_Config  main.o
    0x08002970   0x08002970   0x00000050   Code   RO         2473    i.SystemInit        system_stm32l1xx.o
    0x080029c0   0x080029c0   0x0000000c   Code   RO          203    i.TIM11_IRQHandler  stm32l1xx_it.o
    0x080029cc   0x080029cc   0x00000074   Code   RO         1859    i.TIM_Base_SetConfig  stm32l1xx_hal_tim.o
    0x08002a40   0x08002a40   0x00000014   Code   RO         1870    i.TIM_ETR_SetConfig  stm32l1xx_hal_tim.o
    0x08002a54   0x08002a54   0x00000010   Code   RO         1871    i.TIM_ITRx_SetConfig  stm32l1xx_hal_tim.o
    0x08002a64   0x08002a64   0x00000022   Code   RO         1877    i.TIM_TI1_ConfigInputStage  stm32l1xx_hal_tim.o
    0x08002a86   0x08002a86   0x00000024   Code   RO         1879    i.TIM_TI2_ConfigInputStage  stm32l1xx_hal_tim.o
    0x08002aaa   0x08002aaa   0x00000002   Code   RO          204    i.UsageFault_Handler  stm32l1xx_it.o
    0x08002aac   0x08002aac   0x00000020   Code   RO         1652    i.__NVIC_SetPriority  stm32l1xx_hal_cortex.o
    0x08002acc   0x08002acc   0x0000000e   Code   RO         3151    i.__scatterload_copy  mc_w.l(handlers.o)
    0x08002ada   0x08002ada   0x00000002   Code   RO         3152    i.__scatterload_null  mc_w.l(handlers.o)
    0x08002adc   0x08002adc   0x0000000e   Code   RO         3153    i.__scatterload_zeroinit  mc_w.l(handlers.o)
    0x08002aea   0x08002aea   0x00000002   PAD
    0x08002aec   0x08002aec   0x00000350   Code   RO           19    i.main              main.o
    0x08002e3c   0x08002e3c   0x00000010   Code   RO         2528    i.mypow             gui.o
    0x08002e4c   0x08002e4c   0x00000019   Data   RO         2474    .constdata          system_stm32l1xx.o
    0x08002e65   0x08002e65   0x000016ae   Data   RO         2529    .constdata          gui.o
    0x08004513   0x08004513   0x00000001   PAD
    0x08004514   0x08004514   0x00000020   Data   RO         3149    Region$$Table       anon$$obj.o


    Execution Region RW_IRAM1 (Exec base: 0x20000000, Load base: 0x08004534, Size: 0x00000508, Max: 0x00008000, ABSOLUTE)

    Exec Addr    Load Addr    Size         Type   Attr      Idx    E Section Name        Object

    0x20000000   0x08004534   0x0000002c   Data   RW           21    .data               main.o
    0x2000002c   0x08004560   0x0000000c   Data   RW          682    .data               stm32l1xx_hal.o
    0x20000038   0x0800456c   0x00000004   Data   RW         2476    .data               system_stm32l1xx.o
    0x2000003c   0x08004570   0x00000002   Data   RW         2668    .data               lcd.o
    0x2000003e   0x08004572   0x00000002   Data   RW         2669    .data               lcd.o
    0x20000040   0x08004574   0x00000014   Data   RW         2817    .data               sx127x_driver.o
    0x20000054        -       0x00000094   Zero   RW           20    .bss                main.o
    0x200000e8        -       0x00000010   Zero   RW         2667    .bss                lcd.o
    0x200000f8        -       0x00000010   Zero   RW         2815    .bss                sx127x_driver.o
    0x20000108        -       0x00000400   Zero   RW            1    STACK               startup_stm32l151xba.o


==============================================================================

Image component sizes


      Code (inc. data)   RO Data    RW Data    ZI Data      Debug   Object Name

      1328         72       5806          0          0       8227   gui.o
      1146         64          0          4         16       9711   lcd.o
      1606        194          0         44        148     363462   main.o
        72          6          0          0          0        601   spi.o
        36          8        244          0       1024        800   startup_stm32l151xba.o
       162         24          0         12          0       3801   stm32l1xx_hal.o
       232         14          0          0          0      31253   stm32l1xx_hal_cortex.o
       440         38          0          0          0       3510   stm32l1xx_hal_gpio.o
       224         26          0          0          0       2151   stm32l1xx_hal_msp.o
      1708         90          0          0          0       5018   stm32l1xx_hal_rcc.o
       808          0          0          0          0       4529   stm32l1xx_hal_spi.o
       794         22          0          0          0       9534   stm32l1xx_hal_tim.o
       108          6          0          0          0       5201   stm32l1xx_it.o
      1224        110          0         20         16      26487   sx127x_driver.o
       706         98          0          0          0       9098   sx127x_hal.o
        80         18         25          4          0       1203   system_stm32l1xx.o

    ----------------------------------------------------------------------
     10686        790       6108         84       1204     484586   Object Totals
         0          0         32          0          0          0   (incl. Generated)
        12          0          1          0          0          0   (incl. Padding)

    ----------------------------------------------------------------------

      Code (inc. data)   RO Data    RW Data    ZI Data      Debug   Library Member Name

         0          0          0          0          0          0   entry.o
         0          0          0          0          0          0   entry10a.o
         0          0          0          0          0          0   entry11a.o
         8          4          0          0          0          0   entry2.o
         4          0          0          0          0          0   entry5.o
         0          0          0          0          0          0   entry7b.o
         0          0          0          0          0          0   entry8b.o
         8          4          0          0          0          0   entry9a.o
        30          0          0          0          0          0   handlers.o
        36          8          0          0          0         68   init.o
         0          0          0          0          0          0   iusefp.o
        30          0          0          0          0         68   llshl.o
        32          0          0          0          0         68   llushr.o
        36          0          0          0          0        108   memseta.o
       222          0          0          0          0        100   ddiv.o
       186          0          0          0          0        176   depilogue.o
        50          0          0          0          0         76   dfixui.o
        26          0          0          0          0         76   dfltui.o
       124          0          0          0          0         88   fdiv.o
       110          0          0          0          0        168   fepilogue.o
        18          0          0          0          0         68   fflti.o

    ----------------------------------------------------------------------
       922         16          0          0          0       1064   Library Totals
         2          0          0          0          0          0   (incl. Padding)

    ----------------------------------------------------------------------

      Code (inc. data)   RO Data    RW Data    ZI Data      Debug   Library Name

       184         16          0          0          0        312   mc_w.l
       736          0          0          0          0        752   mf_w.l

    ----------------------------------------------------------------------
       922         16          0          0          0       1064   Library Totals

    ----------------------------------------------------------------------

==============================================================================


      Code (inc. data)   RO Data    RW Data    ZI Data      Debug   

     11608        806       6108         84       1204     479666   Grand Totals
     11608        806       6108         84       1204     479666   ELF Image Totals
     11608        806       6108         84          0          0   ROM Totals

==============================================================================

    Total RO  Size (Code + RO Data)                17716 (  17.30kB)
    Total RW  Size (RW Data + ZI Data)              1288 (   1.26kB)
    Total ROM Size (Code + RO Data + RW Data)      17800 (  17.38kB)

==============================================================================

