Component: ARM Compiler 5.06 update 6 (build 750) Tool: armlink [4d35ed]

==============================================================================

Section Cross References

    startup_stm32l151xba.o(RESET) refers to startup_stm32l151xba.o(STACK) for __initial_sp
    startup_stm32l151xba.o(RESET) refers to startup_stm32l151xba.o(.text) for Reset_Handler
    startup_stm32l151xba.o(RESET) refers to stm32l1xx_it.o(i.NMI_Handler) for NMI_Handler
    startup_stm32l151xba.o(RESET) refers to stm32l1xx_it.o(i.HardFault_Handler) for HardFault_Handler
    startup_stm32l151xba.o(RESET) refers to stm32l1xx_it.o(i.MemManage_Handler) for MemManage_Handler
    startup_stm32l151xba.o(RESET) refers to stm32l1xx_it.o(i.BusFault_Handler) for BusFault_Handler
    startup_stm32l151xba.o(RESET) refers to stm32l1xx_it.o(i.UsageFault_Handler) for UsageFault_Handler
    startup_stm32l151xba.o(RESET) refers to stm32l1xx_it.o(i.SVC_Handler) for SVC_Handler
    startup_stm32l151xba.o(RESET) refers to stm32l1xx_it.o(i.DebugMon_Handler) for DebugMon_Handler
    startup_stm32l151xba.o(RESET) refers to stm32l1xx_it.o(i.PendSV_Handler) for PendSV_Handler
    startup_stm32l151xba.o(RESET) refers to stm32l1xx_it.o(i.SysTick_Handler) for SysTick_Handler
    startup_stm32l151xba.o(RESET) refers to stm32l1xx_it.o(i.DMA1_Channel5_IRQHandler) for DMA1_Channel5_IRQHandler
    startup_stm32l151xba.o(RESET) refers to stm32l1xx_it.o(i.USB_LP_IRQHandler) for USB_LP_IRQHandler
    startup_stm32l151xba.o(RESET) refers to stm32l1xx_it.o(i.TIM11_IRQHandler) for TIM11_IRQHandler
    startup_stm32l151xba.o(RESET) refers to stm32l1xx_it.o(i.EXTI15_10_IRQHandler) for EXTI15_10_IRQHandler
    startup_stm32l151xba.o(.text) refers to system_stm32l1xx.o(i.SystemInit) for SystemInit
    startup_stm32l151xba.o(.text) refers to entry.o(.ARM.Collect$$$$00000000) for __main
    main.o(i.HAL_GPIO_EXTI_Callback) refers to sx127x_driver.o(i.DIO0_GetState) for DIO0_GetState
    main.o(i.HAL_GPIO_EXTI_Callback) refers to sx127x_driver.o(i.SX127X_Read) for SX127X_Read
    main.o(i.HAL_GPIO_EXTI_Callback) refers to sx127x_driver.o(i.SX127X_Write) for SX127X_Write
    main.o(i.HAL_GPIO_EXTI_Callback) refers to sx127x_driver.o(i.DIO0_EnableInterrupt) for DIO0_EnableInterrupt
    main.o(i.HAL_GPIO_EXTI_Callback) refers to sx127x_driver.o(i.SX127X_StartRx) for SX127X_StartRx
    main.o(i.HAL_GPIO_EXTI_Callback) refers to main.o(.data) for .data
    main.o(i.HAL_TIM_PWM_PulseFinishedCallback) refers to stm32l1xx_hal_tim.o(i.HAL_TIM_PWM_Stop) for HAL_TIM_PWM_Stop
    main.o(i.HAL_TIM_PWM_PulseFinishedCallback) refers to stm32l1xx_hal_gpio.o(i.HAL_GPIO_TogglePin) for HAL_GPIO_TogglePin
    main.o(i.HAL_TIM_PWM_PulseFinishedCallback) refers to main.o(.bss) for .bss
    main.o(i.MX_GPIO_Init) refers to memseta.o(.text) for __aeabi_memclr4
    main.o(i.MX_GPIO_Init) refers to stm32l1xx_hal_gpio.o(i.HAL_GPIO_WritePin) for HAL_GPIO_WritePin
    main.o(i.MX_GPIO_Init) refers to stm32l1xx_hal_gpio.o(i.HAL_GPIO_Init) for HAL_GPIO_Init
    main.o(i.MX_GPIO_Init) refers to stm32l1xx_hal_cortex.o(i.HAL_NVIC_SetPriority) for HAL_NVIC_SetPriority
    main.o(i.MX_GPIO_Init) refers to stm32l1xx_hal_cortex.o(i.HAL_NVIC_EnableIRQ) for HAL_NVIC_EnableIRQ
    main.o(i.MX_SPI1_Init) refers to stm32l1xx_hal_spi.o(i.HAL_SPI_Init) for HAL_SPI_Init
    main.o(i.MX_SPI1_Init) refers to main.o(.bss) for .bss
    main.o(i.MX_TIM11_Init_Ms) refers to stm32l1xx_hal_tim.o(i.HAL_TIM_Base_Init) for HAL_TIM_Base_Init
    main.o(i.MX_TIM11_Init_Ms) refers to stm32l1xx_hal_tim.o(i.HAL_TIM_ConfigClockSource) for HAL_TIM_ConfigClockSource
    main.o(i.MX_TIM11_Init_Ms) refers to stm32l1xx_hal_tim_ex.o(i.HAL_TIMEx_MasterConfigSynchronization) for HAL_TIMEx_MasterConfigSynchronization
    main.o(i.MX_TIM11_Init_Ms) refers to main.o(.bss) for .bss
    main.o(i.MX_TIM2_Init) refers to stm32l1xx_hal_tim.o(i.HAL_TIM_PWM_Init) for HAL_TIM_PWM_Init
    main.o(i.MX_TIM2_Init) refers to stm32l1xx_hal_tim_ex.o(i.HAL_TIMEx_MasterConfigSynchronization) for HAL_TIMEx_MasterConfigSynchronization
    main.o(i.MX_TIM2_Init) refers to stm32l1xx_hal_tim.o(i.HAL_TIM_PWM_ConfigChannel) for HAL_TIM_PWM_ConfigChannel
    main.o(i.MX_TIM2_Init) refers to stm32l1xx_hal_msp.o(i.HAL_TIM_MspPostInit) for HAL_TIM_MspPostInit
    main.o(i.MX_TIM2_Init) refers to main.o(.bss) for .bss
    main.o(i.SystemClock_Config) refers to memseta.o(.text) for __aeabi_memclr4
    main.o(i.SystemClock_Config) refers to stm32l1xx_hal_rcc.o(i.HAL_RCC_OscConfig) for HAL_RCC_OscConfig
    main.o(i.SystemClock_Config) refers to stm32l1xx_hal_rcc.o(i.HAL_RCC_ClockConfig) for HAL_RCC_ClockConfig
    main.o(i.main) refers to stm32l1xx_hal.o(i.HAL_Init) for HAL_Init
    main.o(i.main) refers to main.o(i.SystemClock_Config) for SystemClock_Config
    main.o(i.main) refers to main.o(i.MX_GPIO_Init) for MX_GPIO_Init
    main.o(i.main) refers to stm32l1xx_hal_cortex.o(i.HAL_NVIC_SetPriority) for HAL_NVIC_SetPriority
[...]
    i.HAL_TIM_ErrorCallback                  0x08001a32   Section        0  stm32l1xx_hal_tim.o(i.HAL_TIM_ErrorCallback)
    i.HAL_TIM_IC_CaptureCallback             0x08001a34   Section        0  stm32l1xx_hal_tim.o(i.HAL_TIM_IC_CaptureCallback)
    i.HAL_TIM_IRQHandler                     0x08001a36   Section        0  stm32l1xx_hal_tim.o(i.HAL_TIM_IRQHandler)
    i.HAL_TIM_MspPostInit                    0x08001b5c   Section        0  stm32l1xx_hal_msp.o(i.HAL_TIM_MspPostInit)
    i.HAL_TIM_OC_DelayElapsedCallback        0x08001ba8   Section        0  stm32l1xx_hal_tim.o(i.HAL_TIM_OC_DelayElapsedCallback)
    i.HAL_TIM_PWM_ConfigChannel              0x08001baa   Section        0  stm32l1xx_hal_tim.o(i.HAL_TIM_PWM_ConfigChannel)
    i.HAL_TIM_PWM_Init                       0x08001c7a   Section        0  stm32l1xx_hal_tim.o(i.HAL_TIM_PWM_Init)
    i.HAL_TIM_PWM_MspInit                    0x08001cb0   Section        0  stm32l1xx_hal_msp.o(i.HAL_TIM_PWM_MspInit)
    i.HAL_TIM_PWM_PulseFinishedCallback      0x08001d0c   Section        0  main.o(i.HAL_TIM_PWM_PulseFinishedCallback)
    i.HAL_TIM_PWM_PulseFinishedHalfCpltCallback 0x08001d34   Section        0  stm32l1xx_hal_tim.o(i.HAL_TIM_PWM_PulseFinishedHalfCpltCallback)
    i.HAL_TIM_PWM_Start                      0x08001d36   Section        0  stm32l1xx_hal_tim.o(i.HAL_TIM_PWM_Start)
    i.HAL_TIM_PWM_Start_DMA                  0x08001d5c   Section        0  stm32l1xx_hal_tim.o(i.HAL_TIM_PWM_Start_DMA)
    i.HAL_TIM_PWM_Stop                       0x08001e60   Section        0  stm32l1xx_hal_tim.o(i.HAL_TIM_PWM_Stop)
    i.HAL_TIM_PeriodElapsedCallback          0x08001e8a   Section        0  stm32l1xx_hal_tim.o(i.HAL_TIM_PeriodElapsedCallback)
    i.HAL_TIM_TriggerCallback                0x08001e8c   Section        0  stm32l1xx_hal_tim.o(i.HAL_TIM_TriggerCallback)
    i.HardFault_Handler                      0x08001e8e   Section        0  stm32l1xx_it.o(i.HardFault_Handler)
    i.IntToUnicode                           0x08001e90   Section        0  usbd_desc.o(i.IntToUnicode)
    IntToUnicode                             0x08001e91   Thumb Code    56  usbd_desc.o(i.IntToUnicode)
    i.LoRaConfig_Check                       0x08001ec8   Section        0  sx127x_driver.o(i.LoRaConfig_Check)
    i.MX_GPIO_Init                           0x08001fa8   Section        0  main.o(i.MX_GPIO_Init)
    MX_GPIO_Init                             0x08001fa9   Thumb Code   224  main.o(i.MX_GPIO_Init)
    i.MX_SPI1_Init                           0x08002098   Section        0  main.o(i.MX_SPI1_Init)
    MX_SPI1_Init                             0x08002099   Thumb Code    44  main.o(i.MX_SPI1_Init)
    i.MX_TIM2_Init                           0x080020cc   Section        0  main.o(i.MX_TIM2_Init)
    MX_TIM2_Init                             0x080020cd   Thumb Code    84  main.o(i.MX_TIM2_Init)
    i.MX_USB_DEVICE_Init                     0x08002124   Section        0  usb_device.o(i.MX_USB_DEVICE_Init)
    i.MemManage_Handler                      0x08002178   Section        0  stm32l1xx_it.o(i.MemManage_Handler)
    i.NMI_Handler                            0x0800217a   Section        0  stm32l1xx_it.o(i.NMI_Handler)
    i.PCD_EP_ISR_Handler                     0x0800217c   Section        0  stm32l1xx_hal_pcd.o(i.PCD_EP_ISR_Handler)
    PCD_EP_ISR_Handler                       0x0800217d   Thumb Code   708  stm32l1xx_hal_pcd.o(i.PCD_EP_ISR_Handler)
    i.PendSV_Handler                         0x08002440   Section        0  stm32l1xx_it.o(i.PendSV_Handler)
    i.RCC_SetFlashLatencyFromMSIRange        0x08002444   Section        0  stm32l1xx_hal_rcc.o(i.RCC_SetFlashLatencyFromMSIRange)
    RCC_SetFlashLatencyFromMSIRange          0x08002445   Thumb Code   116  stm32l1xx_hal_rcc.o(i.RCC_SetFlashLatencyFromMSIRange)
    i.SPI_EndRxTxTransaction                 0x080024c4   Section        0  stm32l1xx_hal_spi.o(i.SPI_EndRxTxTransaction)
    SPI_EndRxTxTransaction                   0x080024c5   Thumb Code    64  stm32l1xx_hal_spi.o(i.SPI_EndRxTxTransaction)
    i.SPI_WaitFlagStateUntilTimeout          0x08002504   Section        0  stm32l1xx_hal_spi.o(i.SPI_WaitFlagStateUntilTimeout)
    SPI_WaitFlagStateUntilTimeout            0x08002505   Thumb Code   148  stm32l1xx_hal_spi.o(i.SPI_WaitFlagStateUntilTimeout)
    i.SVC_Handler                            0x08002598   Section        0  stm32l1xx_it.o(i.SVC_Handler)
    i.SX127XWriteRxTx                        0x0800259a   Section        0  sx127x_driver.o(i.SX127XWriteRxTx)
    i.SX127X_DIO0_GetState                   0x080025b8   Section        0  sx127x_hal.o(i.SX127X_DIO0_GetState)
    i.SX127X_DIO0_INPUT                      0x080025c8   Section        0  sx127x_hal.o(i.SX127X_DIO0_INPUT)
    i.SX127X_DIO0_INTDISABLE                 0x08002610   Section        0  sx127x_hal.o(i.SX127X_DIO0_INTDISABLE)
    i.SX127X_DIO0_INTENABLE                  0x08002616   Section        0  sx127x_hal.o(i.SX127X_DIO0_INTENABLE)
    i.SX127X_DIO1_INPUT                      0x0800261c   Section        0  sx127x_hal.o(i.SX127X_DIO1_INPUT)
    i.SX127X_DIO2_INPUT                      0x0800265c   Section        0  sx127x_hal.o(i.SX127X_DIO2_INPUT)
    i.SX127X_FreqSet                         0x0800269c   Section        0  sx127x_driver.o(i.SX127X_FreqSet)
    i.SX127X_InitIo                          0x08002740   Section        0  sx127x_driver.o(i.SX127X_InitIo)
    i.SX127X_Lora_init                       0x08002768   Section        0  sx127x_driver.o(i.SX127X_Lora_init)
    i.SX127X_NSS_OUTPUT                      0x0800286c   Section        0  sx127x_hal.o(i.SX127X_NSS_OUTPUT)
    i.SX127X_PoutSet                         0x0800287c   Section        0  sx127x_driver.o(i.SX127X_PoutSet)
    i.SX127X_RESET_OUTPUT                    0x080028d8   Section        0  sx127x_hal.o(i.SX127X_RESET_OUTPUT)
    i.SX127X_RXE_OUTPUT                      0x08002920   Section        0  sx127x_hal.o(i.SX127X_RXE_OUTPUT)
    i.SX127X_Read                            0x08002968   Section        0  sx127x_driver.o(i.SX127X_Read)
    i.SX127X_ReadBuffer                      0x0800296e   Section        0  sx127x_hal.o(i.SX127X_ReadBuffer)
    i.SX127X_ReadFifo                        0x080029a2   Section        0  sx127x_driver.o(i.SX127X_ReadFifo)
    i.SX127X_ReadWriteByte                   0x080029ac   Section        0  sx127x_hal.o(i.SX127X_ReadWriteByte)
    i.SX127X_Reset                           0x080029cc   Section        0  sx127x_driver.o(i.SX127X_Reset)
    i.SX127X_RxPacket                        0x080029ec   Section        0  sx127x_driver.o(i.SX127X_RxPacket)
    i.SX127X_SPIGPIO_Init                    0x08002a78   Section        0  sx127x_hal.o(i.SX127X_SPIGPIO_Init)
    i.SX127X_SPI_Init                        0x08002a9c   Section        0  sx127x_hal.o(i.SX127X_SPI_Init)
    i.SX127X_StandbyMode                     0x08002ae8   Section        0  sx127x_driver.o(i.SX127X_StandbyMode)
    i.SX127X_StartRx                         0x08002af0   Section        0  sx127x_driver.o(i.SX127X_StartRx)
    i.SX127X_TXE_OUTPUT                      0x08002b4c   Section        0  sx127x_hal.o(i.SX127X_TXE_OUTPUT)
    i.SX127X_Write                           0x08002b94   Section        0  sx127x_driver.o(i.SX127X_Write)
    i.SX127X_WriteBuffer                     0x08002ba0   Section        0  sx127x_hal.o(i.SX127X_WriteBuffer)
    i.SysTick_Handler                        0x08002bd2   Section        0  stm32l1xx_it.o(i.SysTick_Handler)
    i.SystemClock_Config                     0x08002bd8   Section        0  main.o(i.SystemClock_Config)
    i.SystemInit                             0x08002c38   Section        0  system_stm32l1xx.o(i.SystemInit)
    i.TIM11_IRQHandler                       0x08002c88   Section        0  stm32l1xx_it.o(i.TIM11_IRQHandler)
    i.TIM_Base_SetConfig                     0x08002c94   Section        0  stm32l1xx_hal_tim.o(i.TIM_Base_SetConfig)
    TIM_Base_SetConfig                       0x08002c95   Thumb Code    94  stm32l1xx_hal_tim.o(i.TIM_Base_SetConfig)
    i.TIM_CCxChannelCmd                      0x08002d08   Section        0  stm32l1xx_hal_tim.o(i.TIM_CCxChannelCmd)
    TIM_CCxChannelCmd                        0x08002d09   Thumb Code    26  stm32l1xx_hal_tim.o(i.TIM_CCxChannelCmd)
    i.TIM_DMADelayPulseCplt                  0x08002d22   Section        0  stm32l1xx_hal_tim.o(i.TIM_DMADelayPulseCplt)
    i.TIM_DMADelayPulseHalfCplt              0x08002d60   Section        0  stm32l1xx_hal_tim.o(i.TIM_DMADelayPulseHalfCplt)
    i.TIM_DMAError                           0x08002d9e   Section        0  stm32l1xx_hal_tim.o(i.TIM_DMAError)
    i.TIM_ETR_SetConfig                      0x08002dae   Section        0  stm32l1xx_hal_tim.o(i.TIM_ETR_SetConfig)
    TIM_ETR_SetConfig                        0x08002daf   Thumb Code    20  stm32l1xx_hal_tim.o(i.TIM_ETR_SetConfig)
    i.TIM_ITRx_SetConfig                     0x08002dc2   Section        0  stm32l1xx_hal_tim.o(i.TIM_ITRx_SetConfig)
    TIM_ITRx_SetConfig                       0x08002dc3   Thumb Code    16  stm32l1xx_hal_tim.o(i.TIM_ITRx_SetConfig)
    i.TIM_OC1_SetConfig                      0x08002dd2   Section        0  stm32l1xx_hal_tim.o(i.TIM_OC1_SetConfig)
    TIM_OC1_SetConfig                        0x08002dd3   Thumb Code    44  stm32l1xx_hal_tim.o(i.TIM_OC1_SetConfig)
    i.TIM_OC2_SetConfig                      0x08002dfe   Section        0  stm32l1xx_hal_tim.o(i.TIM_OC2_SetConfig)
    TIM_OC2_SetConfig                        0x08002dff   Thumb Code    48  stm32l1xx_hal_tim.o(i.TIM_OC2_SetConfig)
    i.TIM_OC3_SetConfig                      0x08002e2e   Section        0  stm32l1xx_hal_tim.o(i.TIM_OC3_SetConfig)
    TIM_OC3_SetConfig                        0x08002e2f   Thumb Code    46  stm32l1xx_hal_tim.o(i.TIM_OC3_SetConfig)
    i.TIM_OC4_SetConfig                      0x08002e5c   Section        0  stm32l1xx_hal_tim.o(i.TIM_OC4_SetConfig)
    TIM_OC4_SetConfig                        0x08002e5d   Thumb Code    48  stm32l1xx_hal_tim.o(i.TIM_OC4_SetConfig)
    i.TIM_TI1_ConfigInputStage               0x08002e8c   Section        0  stm32l1xx_hal_tim.o(i.TIM_TI1_ConfigInputStage)
    TIM_TI1_ConfigInputStage                 0x08002e8d   Thumb Code    34  stm32l1xx_hal_tim.o(i.TIM_TI1_ConfigInputStage)
    i.TIM_TI2_ConfigInputStage               0x08002eae   Section        0  stm32l1xx_hal_tim.o(i.TIM_TI2_ConfigInputStage)
    TIM_TI2_ConfigInputStage                 0x08002eaf   Thumb Code    36  stm32l1xx_hal_tim.o(i.TIM_TI2_ConfigInputStage)
    i.USBD_CDC_DataIn                        0x08002ed2   Section        0  usbd_cdc.o(i.USBD_CDC_DataIn)
    USBD_CDC_DataIn                          0x08002ed3   Thumb Code    70  usbd_cdc.o(i.USBD_CDC_DataIn)
    i.USBD_CDC_DataOut                       0x08002f18   Section        0  usbd_cdc.o(i.USBD_CDC_DataOut)
    USBD_CDC_DataOut                         0x08002f19   Thumb Code    46  usbd_cdc.o(i.USBD_CDC_DataOut)
    i.USBD_CDC_DeInit                        0x08002f46   Section        0  usbd_cdc.o(i.USBD_CDC_DeInit)
    USBD_CDC_DeInit                          0x08002f47   Thumb Code    68  usbd_cdc.o(i.USBD_CDC_DeInit)
    i.USBD_CDC_EP0_RxReady                   0x08002f8a   Section        0  usbd_cdc.o(i.USBD_CDC_EP0_RxReady)
    USBD_CDC_EP0_RxReady                     0x08002f8b   Thumb Code    36  usbd_cdc.o(i.USBD_CDC_EP0_RxReady)
    i.USBD_CDC_GetDeviceQualifierDescriptor  0x08002fb0   Section        0  usbd_cdc.o(i.USBD_CDC_GetDeviceQualifierDescriptor)
    i.USBD_CDC_GetFSCfgDesc                  0x08002fbc   Section        0  usbd_cdc.o(i.USBD_CDC_GetFSCfgDesc)
    USBD_CDC_GetFSCfgDesc                    0x08002fbd   Thumb Code     8  usbd_cdc.o(i.USBD_CDC_GetFSCfgDesc)
    i.USBD_CDC_GetHSCfgDesc                  0x08002fc8   Section        0  usbd_cdc.o(i.USBD_CDC_GetHSCfgDesc)
    USBD_CDC_GetHSCfgDesc                    0x08002fc9   Thumb Code     8  usbd_cdc.o(i.USBD_CDC_GetHSCfgDesc)
    i.USBD_CDC_GetOtherSpeedCfgDesc          0x08002fd4   Section        0  usbd_cdc.o(i.USBD_CDC_GetOtherSpeedCfgDesc)
    USBD_CDC_GetOtherSpeedCfgDesc            0x08002fd5   Thumb Code     8  usbd_cdc.o(i.USBD_CDC_GetOtherSpeedCfgDesc)
    i.USBD_CDC_Init                          0x08002fe0   Section        0  usbd_cdc.o(i.USBD_CDC_Init)
    USBD_CDC_Init                            0x08002fe1   Thumb Code   148  usbd_cdc.o(i.USBD_CDC_Init)
    i.USBD_CDC_ReceivePacket                 0x08003074   Section        0  usbd_cdc.o(i.USBD_CDC_ReceivePacket)
    i.USBD_CDC_RegisterInterface             0x0800309c   Section        0  usbd_cdc.o(i.USBD_CDC_RegisterInterface)
    i.USBD_CDC_SetRxBuffer                   0x080030ac   Section        0  usbd_cdc.o(i.USBD_CDC_SetRxBuffer)
    i.USBD_CDC_SetTxBuffer                   0x080030b8   Section        0  usbd_cdc.o(i.USBD_CDC_SetTxBuffer)
    i.USBD_CDC_Setup                         0x080030c8   Section        0  usbd_cdc.o(i.USBD_CDC_Setup)
    USBD_CDC_Setup                           0x080030c9   Thumb Code   172  usbd_cdc.o(i.USBD_CDC_Setup)
    i.USBD_ClrClassConfig                    0x08003174   Section        0  usbd_core.o(i.USBD_ClrClassConfig)
    i.USBD_CtlContinueRx                     0x08003182   Section        0  usbd_ioreq.o(i.USBD_CtlContinueRx)
    i.USBD_CtlContinueSendData               0x08003192   Section        0  usbd_ioreq.o(i.USBD_CtlContinueSendData)
    i.USBD_CtlError                          0x080031a2   Section        0  usbd_ctlreq.o(i.USBD_CtlError)
    i.USBD_CtlPrepareRx                      0x080031b8   Section        0  usbd_ioreq.o(i.USBD_CtlPrepareRx)
    i.USBD_CtlReceiveStatus                  0x080031d6   Section        0  usbd_ioreq.o(i.USBD_CtlReceiveStatus)
    i.USBD_CtlSendData                       0x080031ec   Section        0  usbd_ioreq.o(i.USBD_CtlSendData)
    i.USBD_CtlSendStatus                     0x08003206   Section        0  usbd_ioreq.o(i.USBD_CtlSendStatus)
    i.USBD_FS_ConfigStrDescriptor            0x0800321c   Section        0  usbd_desc.o(i.USBD_FS_ConfigStrDescriptor)
    i.USBD_FS_DeviceDescriptor               0x0800323c   Section        0  usbd_desc.o(i.USBD_FS_DeviceDescriptor)
    i.USBD_FS_InterfaceStrDescriptor         0x08003248   Section        0  usbd_desc.o(i.USBD_FS_InterfaceStrDescriptor)
    i.USBD_FS_LangIDStrDescriptor            0x0800326c   Section        0  usbd_desc.o(i.USBD_FS_LangIDStrDescriptor)
    i.USBD_FS_ManufacturerStrDescriptor      0x08003278   Section        0  usbd_desc.o(i.USBD_FS_ManufacturerStrDescriptor)
    i.USBD_FS_ProductStrDescriptor           0x080032a0   Section        0  usbd_desc.o(i.USBD_FS_ProductStrDescriptor)
    i.USBD_FS_SerialStrDescriptor            0x080032cc   Section        0  usbd_desc.o(i.USBD_FS_SerialStrDescriptor)
    i.USBD_GetDescriptor                     0x08003300   Section        0  usbd_ctlreq.o(i.USBD_GetDescriptor)
    USBD_GetDescriptor                       0x08003301   Thumb Code   232  usbd_ctlreq.o(i.USBD_GetDescriptor)
    i.USBD_GetString                         0x080033e8   Section        0  usbd_ctlreq.o(i.USBD_GetString)
    i.USBD_Get_USB_Status                    0x08003430   Section        0  usbd_conf.o(i.USBD_Get_USB_Status)
    USBD_Get_USB_Status                      0x08003431   Thumb Code    24  usbd_conf.o(i.USBD_Get_USB_Status)
    i.USBD_Init                              0x08003448   Section        0  usbd_core.o(i.USBD_Init)
    i.USBD_LL_ClearStallEP                   0x08003472   Section        0  usbd_conf.o(i.USBD_LL_ClearStallEP)
    i.USBD_LL_CloseEP                        0x08003484   Section        0  usbd_conf.o(i.USBD_LL_CloseEP)
    i.USBD_LL_DataInStage                    0x08003496   Section        0  usbd_core.o(i.USBD_LL_DataInStage)
    i.USBD_LL_DataOutStage                   0x0800355c   Section        0  usbd_core.o(i.USBD_LL_DataOutStage)
    i.USBD_LL_GetRxDataSize                  0x080035de   Section        0  usbd_conf.o(i.USBD_LL_GetRxDataSize)
    i.USBD_LL_Init                           0x080035e8   Section        0  usbd_conf.o(i.USBD_LL_Init)
    i.USBD_LL_IsStallEP                      0x08003668   Section        0  usbd_conf.o(i.USBD_LL_IsStallEP)
    i.USBD_LL_OpenEP                         0x08003684   Section        0  usbd_conf.o(i.USBD_LL_OpenEP)
    i.USBD_LL_PrepareReceive                 0x0800369c   Section        0  usbd_conf.o(i.USBD_LL_PrepareReceive)
    i.USBD_LL_Reset                          0x080036ae   Section        0  usbd_core.o(i.USBD_LL_Reset)
    i.USBD_LL_Resume                         0x080036fe   Section        0  usbd_core.o(i.USBD_LL_Resume)
    i.USBD_LL_SOF                            0x0800370a   Section        0  usbd_core.o(i.USBD_LL_SOF)
    i.USBD_LL_SetSpeed                       0x08003722   Section        0  usbd_core.o(i.USBD_LL_SetSpeed)
    i.USBD_LL_SetUSBAddress                  0x08003728   Section        0  usbd_conf.o(i.USBD_LL_SetUSBAddress)
    i.USBD_LL_SetupStage                     0x0800373a   Section        0  usbd_core.o(i.USBD_LL_SetupStage)
    i.USBD_LL_StallEP                        0x08003794   Section        0  usbd_conf.o(i.USBD_LL_StallEP)
    i.USBD_LL_Start                          0x080037a6   Section        0  usbd_conf.o(i.USBD_LL_Start)
    i.USBD_LL_Suspend                        0x080037b8   Section        0  usbd_core.o(i.USBD_LL_Suspend)
    i.USBD_LL_Transmit                       0x080037ca   Section        0  usbd_conf.o(i.USBD_LL_Transmit)
    i.USBD_ParseSetupRequest                 0x080037dc   Section        0  usbd_ctlreq.o(i.USBD_ParseSetupRequest)
    i.USBD_RegisterClass                     0x08003804   Section        0  usbd_core.o(i.USBD_RegisterClass)
    i.USBD_SetClassConfig                    0x08003814   Section        0  usbd_core.o(i.USBD_SetClassConfig)
    i.USBD_SetConfig                         0x0800382c   Section        0  usbd_ctlreq.o(i.USBD_SetConfig)
    USBD_SetConfig                           0x0800382d   Thumb Code   128  usbd_ctlreq.o(i.USBD_SetConfig)
    i.USBD_Start                             0x080038b0   Section        0  usbd_core.o(i.USBD_Start)
    i.USBD_StdDevReq                         0x080038ba   Section        0  usbd_ctlreq.o(i.USBD_StdDevReq)
    i.USBD_StdEPReq                          0x080039cc   Section        0  usbd_ctlreq.o(i.USBD_StdEPReq)
    i.USBD_StdItfReq                         0x08003b1c   Section        0  usbd_ctlreq.o(i.USBD_StdItfReq)
    i.USBD_static_free                       0x08003b6a   Section        0  usbd_conf.o(i.USBD_static_free)
    i.USBD_static_malloc                     0x08003b6c   Section        0  usbd_conf.o(i.USBD_static_malloc)
    i.USB_ActivateEndpoint                   0x08003b74   Section        0  stm32l1xx_ll_usb.o(i.USB_ActivateEndpoint)
    i.USB_DeactivateEndpoint                 0x08003dd4   Section        0  stm32l1xx_ll_usb.o(i.USB_DeactivateEndpoint)
    i.USB_DevConnect                         0x08003ee2   Section        0  stm32l1xx_ll_usb.o(i.USB_DevConnect)
    i.USB_DevInit                            0x08003ee6   Section        0  stm32l1xx_ll_usb.o(i.USB_DevInit)
    i.USB_DisableGlobalInt                   0x08003f04   Section        0  stm32l1xx_ll_usb.o(i.USB_DisableGlobalInt)
    i.USB_EP0_OutStart                       0x08003f12   Section        0  stm32l1xx_ll_usb.o(i.USB_EP0_OutStart)
    i.USB_EPClearStall                       0x08003f16   Section        0  stm32l1xx_ll_usb.o(i.USB_EPClearStall)
    i.USB_EPSetStall                         0x08003f8e   Section        0  stm32l1xx_ll_usb.o(i.USB_EPSetStall)
    i.USB_EPStartXfer                        0x08003fc0   Section        0  stm32l1xx_ll_usb.o(i.USB_EPStartXfer)
    i.USB_EnableGlobalInt                    0x08004142   Section        0  stm32l1xx_ll_usb.o(i.USB_EnableGlobalInt)
    i.USB_LP_IRQHandler                      0x08004150   Section        0  stm32l1xx_it.o(i.USB_LP_IRQHandler)
    i.USB_ReadInterrupts                     0x0800415c   Section        0  stm32l1xx_ll_usb.o(i.USB_ReadInterrupts)
    i.USB_ReadPMA                            0x08004164   Section        0  stm32l1xx_ll_usb.o(i.USB_ReadPMA)
    i.USB_SetDevAddress                      0x08004190   Section        0  stm32l1xx_ll_usb.o(i.USB_SetDevAddress)
    i.USB_WritePMA                           0x0800419c   Section        0  stm32l1xx_ll_usb.o(i.USB_WritePMA)
    i.UsageFault_Handler                     0x080041c2   Section        0  stm32l1xx_it.o(i.UsageFault_Handler)
    i.WS2812B_Init                           0x080041c4   Section        0  ws2812b.o(i.WS2812B_Init)
    i.WS2812B_Show                           0x080041e0   Section        0  ws2812b.o(i.WS2812B_Show)
    i.__NVIC_SetPriority                     0x08004274   Section        0  stm32l1xx_hal_cortex.o(i.__NVIC_SetPriority)
    __NVIC_SetPriority                       0x08004275   Thumb Code    32  stm32l1xx_hal_cortex.o(i.__NVIC_SetPriority)
    i.__scatterload_copy                     0x08004294   Section       14  handlers.o(i.__scatterload_copy)
    i.__scatterload_null                     0x080042a2   Section        2  handlers.o(i.__scatterload_null)
    i.__scatterload_zeroinit                 0x080042a4   Section       14  handlers.o(i.__scatterload_zeroinit)
    i.main                                   0x080042b4   Section        0  main.o(i.main)
    i.setAllPixelColor                       0x080043c8   Section        0  colorset.o(i.setAllPixelColor)
    .constdata                               0x08004410   Section       25  system_stm32l1xx.o(.constdata)
    .data                                    0x20000000   Section       32  main.o(.data)
    .data                                    0x20000020   Section       28  usbd_desc.o(.data)
    .data                                    0x2000003c   Section       50  usbd_desc.o(.data)
    .data                                    0x20000070   Section       16  usbd_cdc_if.o(.data)
    .data                                    0x20000080   Section       12  stm32l1xx_hal.o(.data)
    .data                                    0x2000008c   Section        4  system_stm32l1xx.o(.data)
    .data                                    0x20000090   Section        1  usbd_ctlreq.o(.data)
    cfgidx                                   0x20000090   Data           1  usbd_ctlreq.o(.data)
    .data                                    0x20000094   Section      215  usbd_cdc.o(.data)
    USBD_CDC_DeviceQualifierDesc             0x20000094   Data          10  usbd_cdc.o(.data)
    .data                                    0x2000016c   Section       56  usbd_cdc.o(.data)
    .data                                    0x200001a4   Section       20  sx127x_driver.o(.data)
    .bss                                     0x200001b8   Section      208  main.o(.bss)
    .bss                                     0x20000288   Section       68  main.o(.bss)
    .bss                                     0x200002cc   Section      668  usb_device.o(.bss)
    .bss                                     0x20000568   Section      512  usbd_desc.o(.bss)
    .bss                                     0x20000768   Section     2000  usbd_cdc_if.o(.bss)
    .bss                                     0x20000f38   Section     1164  usbd_conf.o(.bss)
    mem                                      0x20000f38   Data         544  usbd_conf.o(.bss)
    .bss                                     0x200013c4   Section       16  sx127x_driver.o(.bss)
    .bss                                     0x200013d4   Section     1538  ws2812b.o(.bss)
    STACK                                    0x200019d8   Section     1024  startup_stm32l151xba.o(STACK)

    Global Symbols

    Symbol Name                              Value     Ov Type        Size  Object(Section)

    BuildAttributes$$THM_ISAv4$P$D$K$B$S$PE$A:L22UL41UL21$X:L11$S22US41US21$IEEE1$IW$USESV6$~STKCKD$USESV7$~SHL$OTIME$ROPI$EBA8$MICROLIB$REQ8$PRES8$EABIv2 0x00000000   Number         0  anon$$obj.o ABSOLUTE
    __ARM_use_no_argv                        0x00000000   Number         0  main.o ABSOLUTE
    __cpp_initialize__aeabi_                  - Undefined Weak Reference
    __cxa_finalize                            - Undefined Weak Reference
    _clock_init                               - Undefined Weak Reference
    _microlib_exit                            - Undefined Weak Reference
    __Vectors_Size                           0x000000f4   Number         0  startup_stm32l151xba.o ABSOLUTE
    __Vectors                                0x08000000   Data           4  startup_stm32l151xba.o(RESET)
    __Vectors_End                            0x080000f4   Data           0  startup_stm32l151xba.o(RESET)
    __main                                   0x080000f5   Thumb Code     0  entry.o(.ARM.Collect$$$$00000000)
    _main_stk                                0x080000f5   Thumb Code     0  entry2.o(.ARM.Collect$$$$00000001)
    _main_scatterload                        0x080000f9   Thumb Code     0  entry5.o(.ARM.Collect$$$$00000004)
    __main_after_scatterload                 0x080000fd   Thumb Code     0  entry5.o(.ARM.Collect$$$$00000004)
    _main_clock                              0x080000fd   Thumb Code     0  entry7b.o(.ARM.Collect$$$$00000008)
    _main_cpp_init                           0x080000fd   Thumb Code     0  entry8b.o(.ARM.Collect$$$$0000000A)
    _main_init                               0x080000fd   Thumb Code     0  entry9a.o(.ARM.Collect$$$$0000000B)
    __rt_final_cpp                           0x08000105   Thumb Code     0  entry10a.o(.ARM.Collect$$$$0000000D)
    __rt_final_exit                          0x08000105   Thumb Code     0  entry11a.o(.ARM.Collect$$$$0000000F)
    Reset_Handler                            0x08000109   Thumb Code     8  startup_stm32l151xba.o(.text)
    ADC1_IRQHandler                          0x08000123   Thumb Code     0  startup_stm32l151xba.o(.text)
    COMP_IRQHandler                          0x08000123   Thumb Code     0  startup_stm32l151xba.o(.text)
    DAC_IRQHandler                           0x08000123   Thumb Code     0  startup_stm32l151xba.o(.text)
    DMA1_Channel1_IRQHandler                 0x08000123   Thumb Code     0  startup_stm32l151xba.o(.text)
    DMA1_Channel2_IRQHandler                 0x08000123   Thumb Code     0  startup_stm32l151xba.o(.text)
    DMA1_Channel3_IRQHandler                 0x08000123   Thumb Code     0  startup_stm32l151xba.o(.text)
    DMA1_Channel4_IRQHandler                 0x08000123   Thumb Code     0  startup_stm32l151xba.o(.text)
    DMA1_Channel6_IRQHandler                 0x08000123   Thumb Code     0  startup_stm32l151xba.o(.text)
    DMA1_Channel7_IRQHandler                 0x08000123   Thumb Code     0  startup_stm32l151xba.o(.text)
    EXTI0_IRQHandler                         0x08000123   Thumb Code     0  startup_stm32l151xba.o(.text)
    EXTI1_IRQHandler                         0x08000123   Thumb Code     0  startup_stm32l151xba.o(.text)
    EXTI2_IRQHandler                         0x08000123   Thumb Code     0  startup_stm32l151xba.o(.text)
    EXTI3_IRQHandler                         0x08000123   Thumb Code     0  startup_stm32l151xba.o(.text)
    EXTI4_IRQHandler                         0x08000123   Thumb Code     0  startup_stm32l151xba.o(.text)
    EXTI9_5_IRQHandler                       0x08000123   Thumb Code     0  startup_stm32l151xba.o(.text)
    FLASH_IRQHandler                         0x08000123   Thumb Code     0  startup_stm32l151xba.o(.text)
    I2C1_ER_IRQHandler                       0x08000123   Thumb Code     0  startup_stm32l151xba.o(.text)
    I2C1_EV_IRQHandler                       0x08000123   Thumb Code     0  startup_stm32l151xba.o(.text)
    I2C2_ER_IRQHandler                       0x08000123   Thumb Code     0  startup_stm32l151xba.o(.text)
    I2C2_EV_IRQHandler                       0x08000123   Thumb Code     0  startup_stm32l151xba.o(.text)
    PVD_IRQHandler                           0x08000123   Thumb Code     0  startup_stm32l151xba.o(.text)
    RCC_IRQHandler                           0x08000123   Thumb Code     0  startup_stm32l151xba.o(.text)
    RTC_Alarm_IRQHandler                     0x08000123   Thumb Code     0  startup_stm32l151xba.o(.text)
    RTC_WKUP_IRQHandler                      0x08000123   Thumb Code     0  startup_stm32l151xba.o(.text)
    SPI1_IRQHandler                          0x08000123   Thumb Code     0  startup_stm32l151xba.o(.text)
    SPI2_IRQHandler                          0x08000123   Thumb Code     0  startup_stm32l151xba.o(.text)
    TAMPER_STAMP_IRQHandler                  0x08000123   Thumb Code     0  startup_stm32l151xba.o(.text)
    TIM10_IRQHandler                         0x08000123   Thumb Code     0  startup_stm32l151xba.o(.text)
    TIM2_IRQHandler                          0x08000123   Thumb Code     0  startup_stm32l151xba.o(.text)
    TIM3_IRQHandler                          0x08000123   Thumb Code     0  startup_stm32l151xba.o(.text)
    TIM4_IRQHandler                          0x08000123   Thumb Code     0  startup_stm32l151xba.o(.text)
    TIM6_IRQHandler                          0x08000123   Thumb Code     0  startup_stm32l151xba.o(.text)
    TIM7_IRQHandler                          0x08000123   Thumb Code     0  startup_stm32l151xba.o(.text)
    TIM9_IRQHandler                          0x08000123   Thumb Code     0  startup_stm32l151xba.o(.text)
    USART1_IRQHandler                        0x08000123   Thumb Code     0  startup_stm32l151xba.o(.text)
    USART2_IRQHandler                        0x08000123   Thumb Code     0  startup_stm32l151xba.o(.text)
    USART3_IRQHandler                        0x08000123   Thumb Code     0  startup_stm32l151xba.o(.text)
    USB_FS_WKUP_IRQHandler                   0x08000123   Thumb Code     0  startup_stm32l151xba.o(.text)
    USB_HP_IRQHandler                        0x08000123   Thumb Code     0  startup_stm32l151xba.o(.text)
    WWDG_IRQHandler                          0x08000123   Thumb Code     0  startup_stm32l151xba.o(.text)
    __aeabi_memcpy                           0x0800012d   Thumb Code    36  memcpya.o(.text)
    __aeabi_memcpy4                          0x0800012d   Thumb Code     0  memcpya.o(.text)
    __aeabi_memcpy8                          0x0800012d   Thumb Code     0  memcpya.o(.text)
    __aeabi_memset                           0x08000151   Thumb Code    14  memseta.o(.text)
    __aeabi_memset4                          0x08000151   Thumb Code     0  memseta.o(.text)
    __aeabi_memset8                          0x08000151   Thumb Code     0  memseta.o(.text)
    __aeabi_memclr                           0x0800015f   Thumb Code     4  memseta.o(.text)
    __aeabi_memclr4                          0x0800015f   Thumb Code     0  memseta.o(.text)
    __aeabi_memclr8                          0x0800015f   Thumb Code     0  memseta.o(.text)
    _memset$wrapper                          0x08000163   Thumb Code    18  memseta.o(.text)
    __aeabi_fdiv                             0x08000175   Thumb Code   124  fdiv.o(.text)
    __aeabi_ddiv                             0x080001f1   Thumb Code   222  ddiv.o(.text)
    __aeabi_i2f                              0x080002cf   Thumb Code    18  fflti.o(.text)
    __aeabi_ui2d                             0x080002e1   Thumb Code    26  dfltui.o(.text)
    __aeabi_d2uiz                            0x080002fb   Thumb Code    50  dfixui.o(.text)
    __aeabi_llsr                             0x0800032d   Thumb Code    32  llushr.o(.text)
    _ll_ushift_r                             0x0800032d   Thumb Code     0  llushr.o(.text)
    __I$use$fp                               0x0800034d   Thumb Code     0  iusefp.o(.text)
    _float_round                             0x0800034d   Thumb Code    18  fepilogue.o(.text)
    _float_epilogue                          0x0800035f   Thumb Code    92  fepilogue.o(.text)
    _double_round                            0x080003bb   Thumb Code    30  depilogue.o(.text)
    _double_epilogue                         0x080003d9   Thumb Code   156  depilogue.o(.text)
    __scatterload                            0x08000475   Thumb Code    28  init.o(.text)
    __scatterload_rt2                        0x08000475   Thumb Code     0  init.o(.text)
    __aeabi_llsl                             0x08000499   Thumb Code    30  llshl.o(.text)
    _ll_shift_l                              0x08000499   Thumb Code     0  llshl.o(.text)
    __decompress                             0x080004b7   Thumb Code     0  __dczerorl2.o(.text)
    __decompress1                            0x080004b7   Thumb Code    86  __dczerorl2.o(.text)
    BusFault_Handler                         0x0800050d   Thumb Code     2  stm32l1xx_it.o(i.BusFault_Handler)
    DIO0_DisableInterrupt                    0x08000555   Thumb Code     4  sx127x_driver.o(i.DIO0_DisableInterrupt)
    DIO0_EnableInterrupt                     0x08000559   Thumb Code     4  sx127x_driver.o(i.DIO0_EnableInterrupt)
    DIO0_GetState                            0x0800055d   Thumb Code     4  sx127x_driver.o(i.DIO0_GetState)
    DMA1_Channel5_IRQHandler                 0x08000561   Thumb Code     6  stm32l1xx_it.o(i.DMA1_Channel5_IRQHandler)
    DebugMon_Handler                         0x0800059b   Thumb Code     2  stm32l1xx_it.o(i.DebugMon_Handler)
    EXTI15_10_IRQHandler                     0x0800059d   Thumb Code    30  stm32l1xx_it.o(i.EXTI15_10_IRQHandler)
    Error_Handler                            0x080005bb   Thumb Code     2  main.o(i.Error_Handler)
    HAL_DMA_IRQHandler                       0x080005bd   Thumb Code   186  stm32l1xx_hal_dma.o(i.HAL_DMA_IRQHandler)
    HAL_DMA_Init                             0x08000679   Thumb Code    84  stm32l1xx_hal_dma.o(i.HAL_DMA_Init)
    HAL_DMA_Start_IT                         0x080006d5   Thumb Code   112  stm32l1xx_hal_dma.o(i.HAL_DMA_Start_IT)
    HAL_Delay                                0x08000745   Thumb Code    32  stm32l1xx_hal.o(i.HAL_Delay)
    HAL_GPIO_EXTI_Callback                   0x08000769   Thumb Code    60  main.o(i.HAL_GPIO_EXTI_Callback)
    HAL_GPIO_EXTI_IRQHandler                 0x080007a9   Thumb Code    18  stm32l1xx_hal_gpio.o(i.HAL_GPIO_EXTI_IRQHandler)
    HAL_GPIO_Init                            0x080007c1   Thumb Code   364  stm32l1xx_hal_gpio.o(i.HAL_GPIO_Init)
    HAL_GPIO_ReadPin                         0x0800094d   Thumb Code    10  stm32l1xx_hal_gpio.o(i.HAL_GPIO_ReadPin)
    HAL_GPIO_TogglePin                       0x08000957   Thumb Code    12  stm32l1xx_hal_gpio.o(i.HAL_GPIO_TogglePin)
    HAL_GPIO_WritePin                        0x08000963   Thumb Code    10  stm32l1xx_hal_gpio.o(i.HAL_GPIO_WritePin)
    HAL_GetTick                              0x0800096d   Thumb Code     6  stm32l1xx_hal.o(i.HAL_GetTick)
    HAL_IncTick                              0x08000979   Thumb Code    12  stm32l1xx_hal.o(i.HAL_IncTick)
    HAL_Init                                 0x08000989   Thumb Code    30  stm32l1xx_hal.o(i.HAL_Init)
    HAL_InitTick                             0x080009a9   Thumb Code    58  stm32l1xx_hal.o(i.HAL_InitTick)
    HAL_MspInit                              0x080009ed   Thumb Code    56  stm32l1xx_hal_msp.o(i.HAL_MspInit)
    HAL_NVIC_DisableIRQ                      0x08000a29   Thumb Code    34  stm32l1xx_hal_cortex.o(i.HAL_NVIC_DisableIRQ)
    HAL_NVIC_EnableIRQ                       0x08000a4b   Thumb Code    26  stm32l1xx_hal_cortex.o(i.HAL_NVIC_EnableIRQ)
    HAL_NVIC_SetPriority                     0x08000a65   Thumb Code    60  stm32l1xx_hal_cortex.o(i.HAL_NVIC_SetPriority)
    HAL_NVIC_SetPriorityGrouping             0x08000aa5   Thumb Code    26  stm32l1xx_hal_cortex.o(i.HAL_NVIC_SetPriorityGrouping)
    HAL_PCDEx_PMAConfig                      0x08000ac9   Thumb Code    52  stm32l1xx_hal_pcd_ex.o(i.HAL_PCDEx_PMAConfig)
    HAL_PCDEx_SetConnectionState             0x08000afd   Thumb Code     2  stm32l1xx_hal_pcd_ex.o(i.HAL_PCDEx_SetConnectionState)
    HAL_PCD_DataInStageCallback              0x08000aff   Thumb Code    14  usbd_conf.o(i.HAL_PCD_DataInStageCallback)
    HAL_PCD_DataOutStageCallback             0x08000b0d   Thumb Code    16  usbd_conf.o(i.HAL_PCD_DataOutStageCallback)
    HAL_PCD_EP_Close                         0x08000b1d   Thumb Code    72  stm32l1xx_hal_pcd.o(i.HAL_PCD_EP_Close)
    HAL_PCD_EP_ClrStall                      0x08000b65   Thumb Code    88  stm32l1xx_hal_pcd.o(i.HAL_PCD_EP_ClrStall)
    HAL_PCD_EP_GetRxCount                    0x08000bbd   Thumb Code    14  stm32l1xx_hal_pcd.o(i.HAL_PCD_EP_GetRxCount)
    HAL_PCD_EP_Open                          0x08000bcb   Thumb Code    92  stm32l1xx_hal_pcd.o(i.HAL_PCD_EP_Open)
    HAL_PCD_EP_Receive                       0x08000c27   Thumb Code    46  stm32l1xx_hal_pcd.o(i.HAL_PCD_EP_Receive)
    HAL_PCD_EP_SetStall                      0x08000c55   Thumb Code   106  stm32l1xx_hal_pcd.o(i.HAL_PCD_EP_SetStall)
    HAL_PCD_EP_Transmit                      0x08000cbf   Thumb Code    42  stm32l1xx_hal_pcd.o(i.HAL_PCD_EP_Transmit)
    HAL_PCD_IRQHandler                       0x08000ce9   Thumb Code   268  stm32l1xx_hal_pcd.o(i.HAL_PCD_IRQHandler)
    HAL_PCD_Init                             0x08000df5   Thumb Code   158  stm32l1xx_hal_pcd.o(i.HAL_PCD_Init)
    HAL_PCD_MspInit                          0x08000e95   Thumb Code    50  usbd_conf.o(i.HAL_PCD_MspInit)
    HAL_PCD_ResetCallback                    0x08000ed1   Thumb Code    38  usbd_conf.o(i.HAL_PCD_ResetCallback)
    HAL_PCD_ResumeCallback                   0x08000ef7   Thumb Code     8  usbd_conf.o(i.HAL_PCD_ResumeCallback)
    HAL_PCD_SOFCallback                      0x08000eff   Thumb Code     8  usbd_conf.o(i.HAL_PCD_SOFCallback)
    HAL_PCD_SetAddress                       0x08000f07   Thumb Code    40  stm32l1xx_hal_pcd.o(i.HAL_PCD_SetAddress)
    HAL_PCD_SetupStageCallback               0x08000f2f   Thumb Code    14  usbd_conf.o(i.HAL_PCD_SetupStageCallback)
    HAL_PCD_Start                            0x08000f3d   Thumb Code    50  stm32l1xx_hal_pcd.o(i.HAL_PCD_Start)
    HAL_PCD_SuspendCallback                  0x08000f71   Thumb Code    30  usbd_conf.o(i.HAL_PCD_SuspendCallback)
    HAL_RCC_ClockConfig                      0x08000f95   Thumb Code   400  stm32l1xx_hal_rcc.o(i.HAL_RCC_ClockConfig)
    HAL_RCC_GetSysClockFreq                  0x08001139   Thumb Code    80  stm32l1xx_hal_rcc.o(i.HAL_RCC_GetSysClockFreq)
    HAL_RCC_OscConfig                        0x08001199   Thumb Code  1064  stm32l1xx_hal_rcc.o(i.HAL_RCC_OscConfig)
    HAL_SPI_Init                             0x080015c1   Thumb Code   114  stm32l1xx_hal_spi.o(i.HAL_SPI_Init)
    HAL_SPI_MspInit                          0x08001635   Thumb Code    92  stm32l1xx_hal_msp.o(i.HAL_SPI_MspInit)
    HAL_SPI_TransmitReceive                  0x0800169d   Thumb Code   482  stm32l1xx_hal_spi.o(i.HAL_SPI_TransmitReceive)
    HAL_SYSTICK_Config                       0x0800187f   Thumb Code    40  stm32l1xx_hal_cortex.o(i.HAL_SYSTICK_Config)
    HAL_TIMEx_MasterConfigSynchronization    0x080018a7   Thumb Code    66  stm32l1xx_hal_tim_ex.o(i.HAL_TIMEx_MasterConfigSynchronization)
    HAL_TIM_Base_Init                        0x080018e9   Thumb Code    54  stm32l1xx_hal_tim.o(i.HAL_TIM_Base_Init)
    HAL_TIM_Base_MspInit                     0x08001921   Thumb Code    50  stm32l1xx_hal_msp.o(i.HAL_TIM_Base_MspInit)
    HAL_TIM_ConfigClockSource                0x0800195d   Thumb Code   214  stm32l1xx_hal_tim.o(i.HAL_TIM_ConfigClockSource)
    HAL_TIM_ErrorCallback                    0x08001a33   Thumb Code     2  stm32l1xx_hal_tim.o(i.HAL_TIM_ErrorCallback)
    HAL_TIM_IC_CaptureCallback               0x08001a35   Thumb Code     2  stm32l1xx_hal_tim.o(i.HAL_TIM_IC_CaptureCallback)
    HAL_TIM_IRQHandler                       0x08001a37   Thumb Code   294  stm32l1xx_hal_tim.o(i.HAL_TIM_IRQHandler)
    HAL_TIM_MspPostInit                      0x08001b5d   Thumb Code    68  stm32l1xx_hal_msp.o(i.HAL_TIM_MspPostInit)
    HAL_TIM_OC_DelayElapsedCallback          0x08001ba9   Thumb Code     2  stm32l1xx_hal_tim.o(i.HAL_TIM_OC_DelayElapsedCallback)
    HAL_TIM_PWM_ConfigChannel                0x08001bab   Thumb Code   208  stm32l1xx_hal_tim.o(i.HAL_TIM_PWM_ConfigChannel)
    HAL_TIM_PWM_Init                         0x08001c7b   Thumb Code    54  stm32l1xx_hal_tim.o(i.HAL_TIM_PWM_Init)
    HAL_TIM_PWM_MspInit                      0x08001cb1   Thumb Code    78  stm32l1xx_hal_msp.o(i.HAL_TIM_PWM_MspInit)
    HAL_TIM_PWM_PulseFinishedCallback        0x08001d0d   Thumb Code    30  main.o(i.HAL_TIM_PWM_PulseFinishedCallback)
    HAL_TIM_PWM_PulseFinishedHalfCpltCallback 0x08001d35   Thumb Code     2  stm32l1xx_hal_tim.o(i.HAL_TIM_PWM_PulseFinishedHalfCpltCallback)
    HAL_TIM_PWM_Start                        0x08001d37   Thumb Code    36  stm32l1xx_hal_tim.o(i.HAL_TIM_PWM_Start)
    HAL_TIM_PWM_Start_DMA                    0x08001d5d   Thumb Code   246  stm32l1xx_hal_tim.o(i.HAL_TIM_PWM_Start_DMA)
    HAL_TIM_PWM_Stop                         0x08001e61   Thumb Code    42  stm32l1xx_hal_tim.o(i.HAL_TIM_PWM_Stop)
    HAL_TIM_PeriodElapsedCallback            0x08001e8b   Thumb Code     2  stm32l1xx_hal_tim.o(i.HAL_TIM_PeriodElapsedCallback)
    HAL_TIM_TriggerCallback                  0x08001e8d   Thumb Code     2  stm32l1xx_hal_tim.o(i.HAL_TIM_TriggerCallback)
    HardFault_Handler                        0x08001e8f   Thumb Code     2  stm32l1xx_it.o(i.HardFault_Handler)
    LoRaConfig_Check                         0x08001ec9   Thumb Code   172  sx127x_driver.o(i.LoRaConfig_Check)
    MX_USB_DEVICE_Init                       0x08002125   Thumb Code    66  usb_device.o(i.MX_USB_DEVICE_Init)
    MemManage_Handler                        0x08002179   Thumb Code     2  stm32l1xx_it.o(i.MemManage_Handler)
    NMI_Handler                              0x0800217b   Thumb Code     2  stm32l1xx_it.o(i.NMI_Handler)
    PendSV_Handler                           0x08002441   Thumb Code     2  stm32l1xx_it.o(i.PendSV_Handler)
    SVC_Handler                              0x08002599   Thumb Code     2  stm32l1xx_it.o(i.SVC_Handler)
    SX127XWriteRxTx                          0x0800259b   Thumb Code    30  sx127x_driver.o(i.SX127XWriteRxTx)
    SX127X_DIO0_GetState                     0x080025b9   Thumb Code    10  sx127x_hal.o(i.SX127X_DIO0_GetState)
    SX127X_DIO0_INPUT                        0x080025c9   Thumb Code    60  sx127x_hal.o(i.SX127X_DIO0_INPUT)
    SX127X_DIO0_INTDISABLE                   0x08002611   Thumb Code     6  sx127x_hal.o(i.SX127X_DIO0_INTDISABLE)
    SX127X_DIO0_INTENABLE                    0x08002617   Thumb Code     6  sx127x_hal.o(i.SX127X_DIO0_INTENABLE)
    SX127X_DIO1_INPUT                        0x0800261d   Thumb Code    50  sx127x_hal.o(i.SX127X_DIO1_INPUT)
    SX127X_DIO2_INPUT                        0x0800265d   Thumb Code    50  sx127x_hal.o(i.SX127X_DIO2_INPUT)
    SX127X_FreqSet                           0x0800269d   Thumb Code   146  sx127x_driver.o(i.SX127X_FreqSet)
    SX127X_InitIo                            0x08002741   Thumb Code    40  sx127x_driver.o(i.SX127X_InitIo)
    SX127X_Lora_init                         0x08002769   Thumb Code   256  sx127x_driver.o(i.SX127X_Lora_init)
    SX127X_NSS_OUTPUT                        0x0800286d   Thumb Code    10  sx127x_hal.o(i.SX127X_NSS_OUTPUT)
    SX127X_PoutSet                           0x0800287d   Thumb Code    88  sx127x_driver.o(i.SX127X_PoutSet)
    SX127X_RESET_OUTPUT                      0x080028d9   Thumb Code    62  sx127x_hal.o(i.SX127X_RESET_OUTPUT)
    SX127X_RXE_OUTPUT                        0x08002921   Thumb Code    64  sx127x_hal.o(i.SX127X_RXE_OUTPUT)
    SX127X_Read                              0x08002969   Thumb Code     6  sx127x_driver.o(i.SX127X_Read)
    SX127X_ReadBuffer                        0x0800296f   Thumb Code    52  sx127x_hal.o(i.SX127X_ReadBuffer)
    SX127X_ReadFifo                          0x080029a3   Thumb Code    10  sx127x_driver.o(i.SX127X_ReadFifo)
    SX127X_ReadWriteByte                     0x080029ad   Thumb Code    28  sx127x_hal.o(i.SX127X_ReadWriteByte)
    SX127X_Reset                             0x080029cd   Thumb Code    30  sx127x_driver.o(i.SX127X_Reset)
    SX127X_RxPacket                          0x080029ed   Thumb Code   130  sx127x_driver.o(i.SX127X_RxPacket)
    SX127X_SPIGPIO_Init                      0x08002a79   Thumb Code    32  sx127x_hal.o(i.SX127X_SPIGPIO_Init)
    SX127X_SPI_Init                          0x08002a9d   Thumb Code    66  sx127x_hal.o(i.SX127X_SPI_Init)
    SX127X_StandbyMode                       0x08002ae9   Thumb Code     8  sx127x_driver.o(i.SX127X_StandbyMode)
    SX127X_StartRx                           0x08002af1   Thumb Code    86  sx127x_driver.o(i.SX127X_StartRx)
    SX127X_TXE_OUTPUT                        0x08002b4d   Thumb Code    62  sx127x_hal.o(i.SX127X_TXE_OUTPUT)
    SX127X_Write                             0x08002b95   Thumb Code    12  sx127x_driver.o(i.SX127X_Write)
    SX127X_WriteBuffer                       0x08002ba1   Thumb Code    50  sx127x_hal.o(i.SX127X_WriteBuffer)
    SysTick_Handler                          0x08002bd3   Thumb Code     4  stm32l1xx_it.o(i.SysTick_Handler)
    SystemClock_Config                       0x08002bd9   Thumb Code    90  main.o(i.SystemClock_Config)
    SystemInit                               0x08002c39   Thumb Code    62  system_stm32l1xx.o(i.SystemInit)
    TIM11_IRQHandler                         0x08002c89   Thumb Code     6  stm32l1xx_it.o(i.TIM11_IRQHandler)
    TIM_DMADelayPulseCplt                    0x08002d23   Thumb Code    62  stm32l1xx_hal_tim.o(i.TIM_DMADelayPulseCplt)
    TIM_DMADelayPulseHalfCplt                0x08002d61   Thumb Code    62  stm32l1xx_hal_tim.o(i.TIM_DMADelayPulseHalfCplt)
    TIM_DMAError                             0x08002d9f   Thumb Code    16  stm32l1xx_hal_tim.o(i.TIM_DMAError)
    USBD_CDC_GetDeviceQualifierDescriptor    0x08002fb1   Thumb Code     8  usbd_cdc.o(i.USBD_CDC_GetDeviceQualifierDescriptor)
    USBD_CDC_ReceivePacket                   0x08003075   Thumb Code    40  usbd_cdc.o(i.USBD_CDC_ReceivePacket)
    USBD_CDC_RegisterInterface               0x0800309d   Thumb Code    16  usbd_cdc.o(i.USBD_CDC_RegisterInterface)
    USBD_CDC_SetRxBuffer                     0x080030ad   Thumb Code    12  usbd_cdc.o(i.USBD_CDC_SetRxBuffer)
    USBD_CDC_SetTxBuffer                     0x080030b9   Thumb Code    16  usbd_cdc.o(i.USBD_CDC_SetTxBuffer)
    USBD_ClrClassConfig                      0x08003175   Thumb Code    14  usbd_core.o(i.USBD_ClrClassConfig)
    USBD_CtlContinueRx                       0x08003183   Thumb Code    16  usbd_ioreq.o(i.USBD_CtlContinueRx)
    USBD_CtlContinueSendData                 0x08003193   Thumb Code    16  usbd_ioreq.o(i.USBD_CtlContinueSendData)
    USBD_CtlError                            0x080031a3   Thumb Code    22  usbd_ctlreq.o(i.USBD_CtlError)
    USBD_CtlPrepareRx                        0x080031b9   Thumb Code    30  usbd_ioreq.o(i.USBD_CtlPrepareRx)
    USBD_CtlReceiveStatus                    0x080031d7   Thumb Code    22  usbd_ioreq.o(i.USBD_CtlReceiveStatus)
    USBD_CtlSendData                         0x080031ed   Thumb Code    26  usbd_ioreq.o(i.USBD_CtlSendData)
    USBD_CtlSendStatus                       0x08003207   Thumb Code    22  usbd_ioreq.o(i.USBD_CtlSendStatus)
    USBD_FS_ConfigStrDescriptor              0x0800321d   Thumb Code    16  usbd_desc.o(i.USBD_FS_ConfigStrDescriptor)
    USBD_FS_DeviceDescriptor                 0x0800323d   Thumb Code     8  usbd_desc.o(i.USBD_FS_DeviceDescriptor)
    USBD_FS_InterfaceStrDescriptor           0x08003249   Thumb Code    16  usbd_desc.o(i.USBD_FS_InterfaceStrDescriptor)
    USBD_FS_LangIDStrDescriptor              0x0800326d   Thumb Code     8  usbd_desc.o(i.USBD_FS_LangIDStrDescriptor)
    USBD_FS_ManufacturerStrDescriptor        0x08003279   Thumb Code    16  usbd_desc.o(i.USBD_FS_ManufacturerStrDescriptor)
    USBD_FS_ProductStrDescriptor             0x080032a1   Thumb Code    16  usbd_desc.o(i.USBD_FS_ProductStrDescriptor)
    USBD_FS_SerialStrDescriptor              0x080032cd   Thumb Code    44  usbd_desc.o(i.USBD_FS_SerialStrDescriptor)
    USBD_GetString                           0x080033e9   Thumb Code    72  usbd_ctlreq.o(i.USBD_GetString)
    USBD_Init                                0x08003449   Thumb Code    42  usbd_core.o(i.USBD_Init)
    USBD_LL_ClearStallEP                     0x08003473   Thumb Code    18  usbd_conf.o(i.USBD_LL_ClearStallEP)
    USBD_LL_CloseEP                          0x08003485   Thumb Code    18  usbd_conf.o(i.USBD_LL_CloseEP)
    USBD_LL_DataInStage                      0x08003497   Thumb Code   198  usbd_core.o(i.USBD_LL_DataInStage)
    USBD_LL_DataOutStage                     0x0800355d   Thumb Code   130  usbd_core.o(i.USBD_LL_DataOutStage)
    USBD_LL_GetRxDataSize                    0x080035df   Thumb Code     8  usbd_conf.o(i.USBD_LL_GetRxDataSize)
    USBD_LL_Init                             0x080035e9   Thumb Code   118  usbd_conf.o(i.USBD_LL_Init)
    USBD_LL_IsStallEP                        0x08003669   Thumb Code    28  usbd_conf.o(i.USBD_LL_IsStallEP)
    USBD_LL_OpenEP                           0x08003685   Thumb Code    24  usbd_conf.o(i.USBD_LL_OpenEP)
    USBD_LL_PrepareReceive                   0x0800369d   Thumb Code    18  usbd_conf.o(i.USBD_LL_PrepareReceive)
    USBD_LL_Reset                            0x080036af   Thumb Code    80  usbd_core.o(i.USBD_LL_Reset)
    USBD_LL_Resume                           0x080036ff   Thumb Code    12  usbd_core.o(i.USBD_LL_Resume)
    USBD_LL_SOF                              0x0800370b   Thumb Code    24  usbd_core.o(i.USBD_LL_SOF)
    USBD_LL_SetSpeed                         0x08003723   Thumb Code     6  usbd_core.o(i.USBD_LL_SetSpeed)
    USBD_LL_SetUSBAddress                    0x08003729   Thumb Code    18  usbd_conf.o(i.USBD_LL_SetUSBAddress)
    USBD_LL_SetupStage                       0x0800373b   Thumb Code    90  usbd_core.o(i.USBD_LL_SetupStage)
    USBD_LL_StallEP                          0x08003795   Thumb Code    18  usbd_conf.o(i.USBD_LL_StallEP)
    USBD_LL_Start                            0x080037a7   Thumb Code    18  usbd_conf.o(i.USBD_LL_Start)
    USBD_LL_Suspend                          0x080037b9   Thumb Code    18  usbd_core.o(i.USBD_LL_Suspend)
    USBD_LL_Transmit                         0x080037cb   Thumb Code    18  usbd_conf.o(i.USBD_LL_Transmit)
    USBD_ParseSetupRequest                   0x080037dd   Thumb Code    40  usbd_ctlreq.o(i.USBD_ParseSetupRequest)
    USBD_RegisterClass                       0x08003805   Thumb Code    16  usbd_core.o(i.USBD_RegisterClass)
    USBD_SetClassConfig                      0x08003815   Thumb Code    22  usbd_core.o(i.USBD_SetClassConfig)
    USBD_Start                               0x080038b1   Thumb Code    10  usbd_core.o(i.USBD_Start)
    USBD_StdDevReq                           0x080038bb   Thumb Code   274  usbd_ctlreq.o(i.USBD_StdDevReq)
    USBD_StdEPReq                            0x080039cd   Thumb Code   336  usbd_ctlreq.o(i.USBD_StdEPReq)
    USBD_StdItfReq                           0x08003b1d   Thumb Code    78  usbd_ctlreq.o(i.USBD_StdItfReq)
    USBD_static_free                         0x08003b6b   Thumb Code     2  usbd_conf.o(i.USBD_static_free)
    USBD_static_malloc                       0x08003b6d   Thumb Code     4  usbd_conf.o(i.USBD_static_malloc)
    USB_ActivateEndpoint                     0x08003b75   Thumb Code   608  stm32l1xx_ll_usb.o(i.USB_ActivateEndpoint)
    USB_DeactivateEndpoint                   0x08003dd5   Thumb Code   270  stm32l1xx_ll_usb.o(i.USB_DeactivateEndpoint)
    USB_DevConnect                           0x08003ee3   Thumb Code     4  stm32l1xx_ll_usb.o(i.USB_DevConnect)
    USB_DevInit                              0x08003ee7   Thumb Code    30  stm32l1xx_ll_usb.o(i.USB_DevInit)
    USB_DisableGlobalInt                     0x08003f05   Thumb Code    14  stm32l1xx_ll_usb.o(i.USB_DisableGlobalInt)
    USB_EP0_OutStart                         0x08003f13   Thumb Code     4  stm32l1xx_ll_usb.o(i.USB_EP0_OutStart)
    USB_EPClearStall                         0x08003f17   Thumb Code   120  stm32l1xx_ll_usb.o(i.USB_EPClearStall)
    USB_EPSetStall                           0x08003f8f   Thumb Code    50  stm32l1xx_ll_usb.o(i.USB_EPSetStall)
    USB_EPStartXfer                          0x08003fc1   Thumb Code   386  stm32l1xx_ll_usb.o(i.USB_EPStartXfer)
    USB_EnableGlobalInt                      0x08004143   Thumb Code    14  stm32l1xx_ll_usb.o(i.USB_EnableGlobalInt)
    USB_LP_IRQHandler                        0x08004151   Thumb Code     6  stm32l1xx_it.o(i.USB_LP_IRQHandler)
    USB_ReadInterrupts                       0x0800415d   Thumb Code     6  stm32l1xx_ll_usb.o(i.USB_ReadInterrupts)
    USB_ReadPMA                              0x08004165   Thumb Code    44  stm32l1xx_ll_usb.o(i.USB_ReadPMA)
    USB_SetDevAddress                        0x08004191   Thumb Code    12  stm32l1xx_ll_usb.o(i.USB_SetDevAddress)
    USB_WritePMA                             0x0800419d   Thumb Code    38  stm32l1xx_ll_usb.o(i.USB_WritePMA)
    UsageFault_Handler                       0x080041c3   Thumb Code     2  stm32l1xx_it.o(i.UsageFault_Handler)
    WS2812B_Init                             0x080041c5   Thumb Code    26  ws2812b.o(i.WS2812B_Init)
    WS2812B_Show                             0x080041e1   Thumb Code   140  ws2812b.o(i.WS2812B_Show)
    __scatterload_copy                       0x08004295   Thumb Code    14  handlers.o(i.__scatterload_copy)
    __scatterload_null                       0x080042a3   Thumb Code     2  handlers.o(i.__scatterload_null)
    __scatterload_zeroinit                   0x080042a5   Thumb Code    14  handlers.o(i.__scatterload_zeroinit)
    main                                     0x080042b5   Thumb Code   254  main.o(i.main)
    setAllPixelColor                         0x080043c9   Thumb Code    60  colorset.o(i.setAllPixelColor)
    PLLMulTable                              0x08004410   Data           9  system_stm32l1xx.o(.constdata)
    AHBPrescTable                            0x08004419   Data          16  system_stm32l1xx.o(.constdata)
    Region$$Table$$Base                      0x0800442c   Number         0  anon$$obj.o(Region$$Table)
    Region$$Table$$Limit                     0x0800444c   Number         0  anon$$obj.o(Region$$Table)
    communication_states                     0x20000000   Data           1  main.o(.data)
    RXbuffer                                 0x20000001   Data           8  main.o(.data)
    Fre                                      0x2000000c   Data          20  main.o(.data)
    FS_Desc                                  0x20000020   Data          28  usbd_desc.o(.data)
    USBD_LangIDDesc                          0x2000003c   Data           4  usbd_desc.o(.data)
    USBD_FS_DeviceDesc                       0x20000040   Data          18  usbd_desc.o(.data)
    USBD_StringSerial                        0x20000054   Data          26  usbd_desc.o(.data)
    USBD_Interface_fops_FS                   0x20000070   Data          16  usbd_cdc_if.o(.data)
    uwTickPrio                               0x20000080   Data           4  stm32l1xx_hal.o(.data)
    uwTickFreq                               0x20000084   Data           4  stm32l1xx_hal.o(.data)
    uwTick                                   0x20000088   Data           4  stm32l1xx_hal.o(.data)
    SystemCoreClock                          0x2000008c   Data           4  system_stm32l1xx.o(.data)
    USBD_CDC_CfgHSDesc                       0x200000a0   Data          67  usbd_cdc.o(.data)
    USBD_CDC_CfgFSDesc                       0x200000e4   Data          67  usbd_cdc.o(.data)
    USBD_CDC_OtherSpeedCfgDesc               0x20000128   Data          67  usbd_cdc.o(.data)
    USBD_CDC                                 0x2000016c   Data          56  usbd_cdc.o(.data)
    G_BandWidthKHz                           0x200001a4   Data           4  sx127x_driver.o(.data)
    G_TsXms                                  0x200001a8   Data           4  sx127x_driver.o(.data)
    G_LoRaConfig                             0x200001ac   Data          12  sx127x_driver.o(.data)
    hspi1                                    0x200001b8   Data          88  main.o(.bss)
    htim2                                    0x20000210   Data          60  main.o(.bss)
    htim11                                   0x2000024c   Data          60  main.o(.bss)
    hdma_tim2_ch1                            0x20000288   Data          68  main.o(.bss)
    hUsbDeviceFS                             0x200002cc   Data         668  usb_device.o(.bss)
    USBD_StrDesc                             0x20000568   Data         512  usbd_desc.o(.bss)
    UserRxBufferFS                           0x20000768   Data        1000  usbd_cdc_if.o(.bss)
    UserTxBufferFS                           0x20000b50   Data        1000  usbd_cdc_if.o(.bss)
    hpcd_USB_FS                              0x20001158   Data         620  usbd_conf.o(.bss)
    G_LoRaPara                               0x200013c4   Data          16  sx127x_driver.o(.bss)
    rBuffer                                  0x200013d4   Data          30  ws2812b.o(.bss)
    gBuffer                                  0x200013f2   Data          30  ws2812b.o(.bss)
    bBuffer                                  0x20001410   Data          30  ws2812b.o(.bss)
    frame                                    0x2000142e   Data        1448  ws2812b.o(.bss)
    __initial_sp                             0x20001dd8   Data           0  startup_stm32l151xba.o(STACK)



==============================================================================

Memory Map of the image

  Image Entry point : 0x080000f5

  Load Region LR_IROM1 (Base: 0x08000000, Size: 0x00004604, Max: 0x00010000, ABSOLUTE, COMPRESSED[0x00004538])

    Execution Region ER_IROM1 (Exec base: 0x08000000, Load base: 0x08000000, Size: 0x0000444c, Max: 0x00010000, ABSOLUTE)

    Exec Addr    Load Addr    Size         Type   Attr      Idx    E Section Name        Object

    0x08000000   0x08000000   0x000000f4   Data   RO            3    RESET               startup_stm32l151xba.o
    0x080000f4   0x080000f4   0x00000000   Code   RO         4373  * .ARM.Collect$$$$00000000  mc_w.l(entry.o)
    0x080000f4   0x080000f4   0x00000004   Code   RO         4392    .ARM.Collect$$$$00000001  mc_w.l(entry2.o)
    0x080000f8   0x080000f8   0x00000004   Code   RO         4395    .ARM.Collect$$$$00000004  mc_w.l(entry5.o)
    0x080000fc   0x080000fc   0x00000000   Code   RO         4397    .ARM.Collect$$$$00000008  mc_w.l(entry7b.o)
    0x080000fc   0x080000fc   0x00000000   Code   RO         4399    .ARM.Collect$$$$0000000A  mc_w.l(entry8b.o)
    0x080000fc   0x080000fc   0x00000008   Code   RO         4400    .ARM.Collect$$$$0000000B  mc_w.l(entry9a.o)
    0x08000104   0x08000104   0x00000000   Code   RO         4402    .ARM.Collect$$$$0000000D  mc_w.l(entry10a.o)
    0x08000104   0x08000104   0x00000000   Code   RO         4404    .ARM.Collect$$$$0000000F  mc_w.l(entry11a.o)
    0x08000104   0x08000104   0x00000004   Code   RO         4393    .ARM.Collect$$$$00002712  mc_w.l(entry2.o)
    0x08000108   0x08000108   0x00000024   Code   RO            4    .text               startup_stm32l151xba.o
    0x0800012c   0x0800012c   0x00000024   Code   RO         4376    .text               mc_w.l(memcpya.o)
    0x08000150   0x08000150   0x00000024   Code   RO         4378    .text               mc_w.l(memseta.o)
    0x08000174   0x08000174   0x0000007c   Code   RO         4382    .text               mf_w.l(fdiv.o)
    0x080001f0   0x080001f0   0x000000de   Code   RO         4384    .text               mf_w.l(ddiv.o)
    0x080002ce   0x080002ce   0x00000012   Code   RO         4386    .text               mf_w.l(fflti.o)
    0x080002e0   0x080002e0   0x0000001a   Code   RO         4388    .text               mf_w.l(dfltui.o)
    0x080002fa   0x080002fa   0x00000032   Code   RO         4390    .text               mf_w.l(dfixui.o)
    0x0800032c   0x0800032c   0x00000020   Code   RO         4406    .text               mc_w.l(llushr.o)
    0x0800034c   0x0800034c   0x00000000   Code   RO         4408    .text               mc_w.l(iusefp.o)
    0x0800034c   0x0800034c   0x0000006e   Code   RO         4409    .text               mf_w.l(fepilogue.o)
    0x080003ba   0x080003ba   0x000000ba   Code   RO         4411    .text               mf_w.l(depilogue.o)
    0x08000474   0x08000474   0x00000024   Code   RO         4413    .text               mc_w.l(init.o)
    0x08000498   0x08000498   0x0000001e   Code   RO         4415    .text               mc_w.l(llshl.o)
    0x080004b6   0x080004b6   0x00000056   Code   RO         4425    .text               mc_w.l(__dczerorl2.o)
    0x0800050c   0x0800050c   0x00000002   Code   RO          223    i.BusFault_Handler  stm32l1xx_it.o
    0x0800050e   0x0800050e   0x00000004   Code   RO          626    i.CDC_Control_FS    usbd_cdc_if.o
    0x08000512   0x08000512   0x00000004   Code   RO          627    i.CDC_DeInit_FS     usbd_cdc_if.o
    0x08000516   0x08000516   0x00000002   PAD
    0x08000518   0x08000518   0x00000024   Code   RO          628    i.CDC_Init_FS       usbd_cdc_if.o
    0x0800053c   0x0800053c   0x00000018   Code   RO          629    i.CDC_Receive_FS    usbd_cdc_if.o
    0x08000554   0x08000554   0x00000004   Code   RO         3881    i.DIO0_DisableInterrupt  sx127x_driver.o
    0x08000558   0x08000558   0x00000004   Code   RO         3882    i.DIO0_EnableInterrupt  sx127x_driver.o
    0x0800055c   0x0800055c   0x00000004   Code   RO         3883    i.DIO0_GetState     sx127x_driver.o
    0x08000560   0x08000560   0x0000000c   Code   RO          224    i.DMA1_Channel5_IRQHandler  stm32l1xx_it.o
    0x0800056c   0x0800056c   0x0000002e   Code   RO         2039    i.DMA_SetConfig     stm32l1xx_hal_dma.o
    0x0800059a   0x0800059a   0x00000002   Code   RO          225    i.DebugMon_Handler  stm32l1xx_it.o
    0x0800059c   0x0800059c   0x0000001e   Code   RO          226    i.EXTI15_10_IRQHandler  stm32l1xx_it.o
    0x080005ba   0x080005ba   0x00000002   Code   RO           13    i.Error_Handler     main.o
    0x080005bc   0x080005bc   0x000000ba   Code   RO         2045    i.HAL_DMA_IRQHandler  stm32l1xx_hal_dma.o
    0x08000676   0x08000676   0x00000002   PAD
    0x08000678   0x08000678   0x0000005c   Code   RO         2046    i.HAL_DMA_Init      stm32l1xx_hal_dma.o
    0x080006d4   0x080006d4   0x00000070   Code   RO         2050    i.HAL_DMA_Start_IT  stm32l1xx_hal_dma.o
    0x08000744   0x08000744   0x00000024   Code   RO         1344    i.HAL_Delay         stm32l1xx_hal.o
    0x08000768   0x08000768   0x00000040   Code   RO           14    i.HAL_GPIO_EXTI_Callback  main.o
    0x080007a8   0x080007a8   0x00000018   Code   RO         1975    i.HAL_GPIO_EXTI_IRQHandler  stm32l1xx_hal_gpio.o
    0x080007c0   0x080007c0   0x0000018c   Code   RO         1976    i.HAL_GPIO_Init     stm32l1xx_hal_gpio.o
    0x0800094c   0x0800094c   0x0000000a   Code   RO         1978    i.HAL_GPIO_ReadPin  stm32l1xx_hal_gpio.o
    0x08000956   0x08000956   0x0000000c   Code   RO         1979    i.HAL_GPIO_TogglePin  stm32l1xx_hal_gpio.o
    0x08000962   0x08000962   0x0000000a   Code   RO         1980    i.HAL_GPIO_WritePin  stm32l1xx_hal_gpio.o
    0x0800096c   0x0800096c   0x0000000c   Code   RO         1348    i.HAL_GetTick       stm32l1xx_hal.o
    0x08000978   0x08000978   0x00000010   Code   RO         1354    i.HAL_IncTick       stm32l1xx_hal.o
    0x08000988   0x08000988   0x0000001e   Code   RO         1355    i.HAL_Init          stm32l1xx_hal.o
    0x080009a6   0x080009a6   0x00000002   PAD
    0x080009a8   0x080009a8   0x00000044   Code   RO         1356    i.HAL_InitTick      stm32l1xx_hal.o
    0x080009ec   0x080009ec   0x0000003c   Code   RO          416    i.HAL_MspInit       stm32l1xx_hal_msp.o
    0x08000a28   0x08000a28   0x00000022   Code   RO         2318    i.HAL_NVIC_DisableIRQ  stm32l1xx_hal_cortex.o
    0x08000a4a   0x08000a4a   0x0000001a   Code   RO         2319    i.HAL_NVIC_EnableIRQ  stm32l1xx_hal_cortex.o
    0x08000a64   0x08000a64   0x00000040   Code   RO         2325    i.HAL_NVIC_SetPriority  stm32l1xx_hal_cortex.o
    0x08000aa4   0x08000aa4   0x00000024   Code   RO         2326    i.HAL_NVIC_SetPriorityGrouping  stm32l1xx_hal_cortex.o
    0x08000ac8   0x08000ac8   0x00000034   Code   RO         1100    i.HAL_PCDEx_PMAConfig  stm32l1xx_hal_pcd_ex.o
    0x08000afc   0x08000afc   0x00000002   Code   RO         1101    i.HAL_PCDEx_SetConnectionState  stm32l1xx_hal_pcd_ex.o
    0x08000afe   0x08000afe   0x0000000e   Code   RO          679    i.HAL_PCD_DataInStageCallback  usbd_conf.o
    0x08000b0c   0x08000b0c   0x00000010   Code   RO          680    i.HAL_PCD_DataOutStageCallback  usbd_conf.o
    0x08000b1c   0x08000b1c   0x00000048   Code   RO          893    i.HAL_PCD_EP_Close  stm32l1xx_hal_pcd.o
    0x08000b64   0x08000b64   0x00000058   Code   RO          894    i.HAL_PCD_EP_ClrStall  stm32l1xx_hal_pcd.o
    0x08000bbc   0x08000bbc   0x0000000e   Code   RO          896    i.HAL_PCD_EP_GetRxCount  stm32l1xx_hal_pcd.o
    0x08000bca   0x08000bca   0x0000005c   Code   RO          897    i.HAL_PCD_EP_Open   stm32l1xx_hal_pcd.o
    0x08000c26   0x08000c26   0x0000002e   Code   RO          898    i.HAL_PCD_EP_Receive  stm32l1xx_hal_pcd.o
    0x08000c54   0x08000c54   0x0000006a   Code   RO          899    i.HAL_PCD_EP_SetStall  stm32l1xx_hal_pcd.o
    0x08000cbe   0x08000cbe   0x0000002a   Code   RO          900    i.HAL_PCD_EP_Transmit  stm32l1xx_hal_pcd.o
    0x08000ce8   0x08000ce8   0x0000010c   Code   RO          902    i.HAL_PCD_IRQHandler  stm32l1xx_hal_pcd.o
    0x08000df4   0x08000df4   0x0000009e   Code   RO          905    i.HAL_PCD_Init      stm32l1xx_hal_pcd.o
    0x08000e92   0x08000e92   0x00000002   PAD
    0x08000e94   0x08000e94   0x0000003c   Code   RO          685    i.HAL_PCD_MspInit   usbd_conf.o
    0x08000ed0   0x08000ed0   0x00000026   Code   RO          686    i.HAL_PCD_ResetCallback  usbd_conf.o
    0x08000ef6   0x08000ef6   0x00000008   Code   RO          687    i.HAL_PCD_ResumeCallback  usbd_conf.o
    0x08000efe   0x08000efe   0x00000008   Code   RO          688    i.HAL_PCD_SOFCallback  usbd_conf.o
    0x08000f06   0x08000f06   0x00000028   Code   RO          911    i.HAL_PCD_SetAddress  stm32l1xx_hal_pcd.o
    0x08000f2e   0x08000f2e   0x0000000e   Code   RO          689    i.HAL_PCD_SetupStageCallback  usbd_conf.o
    0x08000f3c   0x08000f3c   0x00000032   Code   RO          913    i.HAL_PCD_Start     stm32l1xx_hal_pcd.o
    0x08000f6e   0x08000f6e   0x00000002   PAD
    0x08000f70   0x08000f70   0x00000024   Code   RO          690    i.HAL_PCD_SuspendCallback  usbd_conf.o
    0x08000f94   0x08000f94   0x000001a4   Code   RO         1512    i.HAL_RCC_ClockConfig  stm32l1xx_hal_rcc.o
    0x08001138   0x08001138   0x00000060   Code   RO         1521    i.HAL_RCC_GetSysClockFreq  stm32l1xx_hal_rcc.o
    0x08001198   0x08001198   0x00000428   Code   RO         1524    i.HAL_RCC_OscConfig  stm32l1xx_hal_rcc.o
    0x080015c0   0x080015c0   0x00000072   Code   RO         2460    i.HAL_SPI_Init      stm32l1xx_hal_spi.o
    0x08001632   0x08001632   0x00000002   PAD
    0x08001634   0x08001634   0x00000068   Code   RO          418    i.HAL_SPI_MspInit   stm32l1xx_hal_msp.o
    0x0800169c   0x0800169c   0x000001e2   Code   RO         2469    i.HAL_SPI_TransmitReceive  stm32l1xx_hal_spi.o
    0x0800187e   0x0800187e   0x00000028   Code   RO         2330    i.HAL_SYSTICK_Config  stm32l1xx_hal_cortex.o
    0x080018a6   0x080018a6   0x00000042   Code   RO         3444    i.HAL_TIMEx_MasterConfigSynchronization  stm32l1xx_hal_tim_ex.o
    0x080018e8   0x080018e8   0x00000036   Code   RO         2773    i.HAL_TIM_Base_Init  stm32l1xx_hal_tim.o
    0x0800191e   0x0800191e   0x00000002   PAD
    0x08001920   0x08001920   0x0000003c   Code   RO          420    i.HAL_TIM_Base_MspInit  stm32l1xx_hal_msp.o
    0x0800195c   0x0800195c   0x000000d6   Code   RO         2782    i.HAL_TIM_ConfigClockSource  stm32l1xx_hal_tim.o
    0x08001a32   0x08001a32   0x00000002   Code   RO         2800    i.HAL_TIM_ErrorCallback  stm32l1xx_hal_tim.o
    0x08001a34   0x08001a34   0x00000002   Code   RO         2802    i.HAL_TIM_IC_CaptureCallback  stm32l1xx_hal_tim.o
    0x08001a36   0x08001a36   0x00000126   Code   RO         2816    i.HAL_TIM_IRQHandler  stm32l1xx_hal_tim.o
    0x08001b5c   0x08001b5c   0x0000004c   Code   RO          421    i.HAL_TIM_MspPostInit  stm32l1xx_hal_msp.o
    0x08001ba8   0x08001ba8   0x00000002   Code   RO         2819    i.HAL_TIM_OC_DelayElapsedCallback  stm32l1xx_hal_tim.o
    0x08001baa   0x08001baa   0x000000d0   Code   RO         2840    i.HAL_TIM_PWM_ConfigChannel  stm32l1xx_hal_tim.o
    0x08001c7a   0x08001c7a   0x00000036   Code   RO         2843    i.HAL_TIM_PWM_Init  stm32l1xx_hal_tim.o
    0x08001cb0   0x08001cb0   0x0000005c   Code   RO          423    i.HAL_TIM_PWM_MspInit  stm32l1xx_hal_msp.o
    0x08001d0c   0x08001d0c   0x00000028   Code   RO           15    i.HAL_TIM_PWM_PulseFinishedCallback  main.o
    0x08001d34   0x08001d34   0x00000002   Code   RO         2847    i.HAL_TIM_PWM_PulseFinishedHalfCpltCallback  stm32l1xx_hal_tim.o
    0x08001d36   0x08001d36   0x00000024   Code   RO         2848    i.HAL_TIM_PWM_Start  stm32l1xx_hal_tim.o
    0x08001d5a   0x08001d5a   0x00000002   PAD
    0x08001d5c   0x08001d5c   0x00000104   Code   RO         2849    i.HAL_TIM_PWM_Start_DMA  stm32l1xx_hal_tim.o
    0x08001e60   0x08001e60   0x0000002a   Code   RO         2851    i.HAL_TIM_PWM_Stop  stm32l1xx_hal_tim.o
    0x08001e8a   0x08001e8a   0x00000002   Code   RO         2854    i.HAL_TIM_PeriodElapsedCallback  stm32l1xx_hal_tim.o
    0x08001e8c   0x08001e8c   0x00000002   Code   RO         2859    i.HAL_TIM_TriggerCallback  stm32l1xx_hal_tim.o
    0x08001e8e   0x08001e8e   0x00000002   Code   RO          227    i.HardFault_Handler  stm32l1xx_it.o
    0x08001e90   0x08001e90   0x00000038   Code   RO          540    i.IntToUnicode      usbd_desc.o
    0x08001ec8   0x08001ec8   0x000000e0   Code   RO         3891    i.LoRaConfig_Check  sx127x_driver.o
    0x08001fa8   0x08001fa8   0x000000f0   Code   RO           16    i.MX_GPIO_Init      main.o
    0x08002098   0x08002098   0x00000034   Code   RO           17    i.MX_SPI1_Init      main.o
    0x080020cc   0x080020cc   0x00000058   Code   RO           19    i.MX_TIM2_Init      main.o
    0x08002124   0x08002124   0x00000054   Code   RO          483    i.MX_USB_DEVICE_Init  usb_device.o
    0x08002178   0x08002178   0x00000002   Code   RO          228    i.MemManage_Handler  stm32l1xx_it.o
    0x0800217a   0x0800217a   0x00000002   Code   RO          229    i.NMI_Handler       stm32l1xx_it.o
    0x0800217c   0x0800217c   0x000002c4   Code   RO          916    i.PCD_EP_ISR_Handler  stm32l1xx_hal_pcd.o
    0x08002440   0x08002440   0x00000002   Code   RO          230    i.PendSV_Handler    stm32l1xx_it.o
    0x08002442   0x08002442   0x00000002   PAD
    0x08002444   0x08002444   0x00000080   Code   RO         1525    i.RCC_SetFlashLatencyFromMSIRange  stm32l1xx_hal_rcc.o
    0x080024c4   0x080024c4   0x00000040   Code   RO         2498    i.SPI_EndRxTxTransaction  stm32l1xx_hal_spi.o
    0x08002504   0x08002504   0x00000094   Code   RO         2503    i.SPI_WaitFlagStateUntilTimeout  stm32l1xx_hal_spi.o
    0x08002598   0x08002598   0x00000002   Code   RO          231    i.SVC_Handler       stm32l1xx_it.o
    0x0800259a   0x0800259a   0x0000001e   Code   RO         3892    i.SX127XWriteRxTx   sx127x_driver.o
    0x080025b8   0x080025b8   0x00000010   Code   RO         4103    i.SX127X_DIO0_GetState  sx127x_hal.o
    0x080025c8   0x080025c8   0x00000048   Code   RO         4104    i.SX127X_DIO0_INPUT  sx127x_hal.o
    0x08002610   0x08002610   0x00000006   Code   RO         4105    i.SX127X_DIO0_INTDISABLE  sx127x_hal.o
    0x08002616   0x08002616   0x00000006   Code   RO         4106    i.SX127X_DIO0_INTENABLE  sx127x_hal.o
    0x0800261c   0x0800261c   0x00000040   Code   RO         4107    i.SX127X_DIO1_INPUT  sx127x_hal.o
    0x0800265c   0x0800265c   0x00000040   Code   RO         4108    i.SX127X_DIO2_INPUT  sx127x_hal.o
    0x0800269c   0x0800269c   0x000000a4   Code   RO         3897    i.SX127X_FreqSet    sx127x_driver.o
    0x08002740   0x08002740   0x00000028   Code   RO         3898    i.SX127X_InitIo     sx127x_driver.o
    0x08002768   0x08002768   0x00000104   Code   RO         3899    i.SX127X_Lora_init  sx127x_driver.o
    0x0800286c   0x0800286c   0x00000010   Code   RO         4109    i.SX127X_NSS_OUTPUT  sx127x_hal.o
    0x0800287c   0x0800287c   0x0000005c   Code   RO         3900    i.SX127X_PoutSet    sx127x_driver.o
    0x080028d8   0x080028d8   0x00000048   Code   RO         4110    i.SX127X_RESET_OUTPUT  sx127x_hal.o
    0x08002920   0x08002920   0x00000048   Code   RO         4111    i.SX127X_RXE_OUTPUT  sx127x_hal.o
    0x08002968   0x08002968   0x00000006   Code   RO         3901    i.SX127X_Read       sx127x_driver.o
    0x0800296e   0x0800296e   0x00000034   Code   RO         4112    i.SX127X_ReadBuffer  sx127x_hal.o
    0x080029a2   0x080029a2   0x0000000a   Code   RO         3902    i.SX127X_ReadFifo   sx127x_driver.o
    0x080029ac   0x080029ac   0x00000020   Code   RO         4113    i.SX127X_ReadWriteByte  sx127x_hal.o
    0x080029cc   0x080029cc   0x0000001e   Code   RO         3903    i.SX127X_Reset      sx127x_driver.o
    0x080029ea   0x080029ea   0x00000002   PAD
    0x080029ec   0x080029ec   0x0000008c   Code   RO         3904    i.SX127X_RxPacket   sx127x_driver.o
    0x08002a78   0x08002a78   0x00000024   Code   RO         4114    i.SX127X_SPIGPIO_Init  sx127x_hal.o
    0x08002a9c   0x08002a9c   0x0000004c   Code   RO         4115    i.SX127X_SPI_Init   sx127x_hal.o
    0x08002ae8   0x08002ae8   0x00000008   Code   RO         3906    i.SX127X_StandbyMode  sx127x_driver.o
    0x08002af0   0x08002af0   0x0000005c   Code   RO         3907    i.SX127X_StartRx    sx127x_driver.o
    0x08002b4c   0x08002b4c   0x00000048   Code   RO         4116    i.SX127X_TXE_OUTPUT  sx127x_hal.o
    0x08002b94   0x08002b94   0x0000000c   Code   RO         3912    i.SX127X_Write      sx127x_driver.o
    0x08002ba0   0x08002ba0   0x00000032   Code   RO         4117    i.SX127X_WriteBuffer  sx127x_hal.o
    0x08002bd2   0x08002bd2   0x00000004   Code   RO          232    i.SysTick_Handler   stm32l1xx_it.o
    0x08002bd6   0x08002bd6   0x00000002   PAD
    0x08002bd8   0x08002bd8   0x00000060   Code   RO           20    i.SystemClock_Config  main.o
    0x08002c38   0x08002c38   0x00000050   Code   RO         3475    i.SystemInit        system_stm32l1xx.o
    0x08002c88   0x08002c88   0x0000000c   Code   RO          233    i.TIM11_IRQHandler  stm32l1xx_it.o
    0x08002c94   0x08002c94   0x00000074   Code   RO         2861    i.TIM_Base_SetConfig  stm32l1xx_hal_tim.o
    0x08002d08   0x08002d08   0x0000001a   Code   RO         2862    i.TIM_CCxChannelCmd  stm32l1xx_hal_tim.o
    0x08002d22   0x08002d22   0x0000003e   Code   RO         2865    i.TIM_DMADelayPulseCplt  stm32l1xx_hal_tim.o
    0x08002d60   0x08002d60   0x0000003e   Code   RO         2866    i.TIM_DMADelayPulseHalfCplt  stm32l1xx_hal_tim.o
    0x08002d9e   0x08002d9e   0x00000010   Code   RO         2867    i.TIM_DMAError      stm32l1xx_hal_tim.o
    0x08002dae   0x08002dae   0x00000014   Code   RO         2872    i.TIM_ETR_SetConfig  stm32l1xx_hal_tim.o
    0x08002dc2   0x08002dc2   0x00000010   Code   RO         2873    i.TIM_ITRx_SetConfig  stm32l1xx_hal_tim.o
    0x08002dd2   0x08002dd2   0x0000002c   Code   RO         2874    i.TIM_OC1_SetConfig  stm32l1xx_hal_tim.o
    0x08002dfe   0x08002dfe   0x00000030   Code   RO         2875    i.TIM_OC2_SetConfig  stm32l1xx_hal_tim.o
    0x08002e2e   0x08002e2e   0x0000002e   Code   RO         2876    i.TIM_OC3_SetConfig  stm32l1xx_hal_tim.o
    0x08002e5c   0x08002e5c   0x00000030   Code   RO         2877    i.TIM_OC4_SetConfig  stm32l1xx_hal_tim.o
    0x08002e8c   0x08002e8c   0x00000022   Code   RO         2879    i.TIM_TI1_ConfigInputStage  stm32l1xx_hal_tim.o
    0x08002eae   0x08002eae   0x00000024   Code   RO         2881    i.TIM_TI2_ConfigInputStage  stm32l1xx_hal_tim.o
    0x08002ed2   0x08002ed2   0x00000046   Code   RO         3775    i.USBD_CDC_DataIn   usbd_cdc.o
    0x08002f18   0x08002f18   0x0000002e   Code   RO         3776    i.USBD_CDC_DataOut  usbd_cdc.o
    0x08002f46   0x08002f46   0x00000044   Code   RO         3777    i.USBD_CDC_DeInit   usbd_cdc.o
    0x08002f8a   0x08002f8a   0x00000024   Code   RO         3778    i.USBD_CDC_EP0_RxReady  usbd_cdc.o
    0x08002fae   0x08002fae   0x00000002   PAD
    0x08002fb0   0x08002fb0   0x0000000c   Code   RO         3779    i.USBD_CDC_GetDeviceQualifierDescriptor  usbd_cdc.o
    0x08002fbc   0x08002fbc   0x0000000c   Code   RO         3780    i.USBD_CDC_GetFSCfgDesc  usbd_cdc.o
    0x08002fc8   0x08002fc8   0x0000000c   Code   RO         3781    i.USBD_CDC_GetHSCfgDesc  usbd_cdc.o
    0x08002fd4   0x08002fd4   0x0000000c   Code   RO         3782    i.USBD_CDC_GetOtherSpeedCfgDesc  usbd_cdc.o
    0x08002fe0   0x08002fe0   0x00000094   Code   RO         3783    i.USBD_CDC_Init     usbd_cdc.o
    0x08003074   0x08003074   0x00000028   Code   RO         3784    i.USBD_CDC_ReceivePacket  usbd_cdc.o
    0x0800309c   0x0800309c   0x00000010   Code   RO         3785    i.USBD_CDC_RegisterInterface  usbd_cdc.o
    0x080030ac   0x080030ac   0x0000000c   Code   RO         3786    i.USBD_CDC_SetRxBuffer  usbd_cdc.o
    0x080030b8   0x080030b8   0x00000010   Code   RO         3787    i.USBD_CDC_SetTxBuffer  usbd_cdc.o
    0x080030c8   0x080030c8   0x000000ac   Code   RO         3788    i.USBD_CDC_Setup    usbd_cdc.o
    0x08003174   0x08003174   0x0000000e   Code   RO         3512    i.USBD_ClrClassConfig  usbd_core.o
    0x08003182   0x08003182   0x00000010   Code   RO         3715    i.USBD_CtlContinueRx  usbd_ioreq.o
    0x08003192   0x08003192   0x00000010   Code   RO         3716    i.USBD_CtlContinueSendData  usbd_ioreq.o
    0x080031a2   0x080031a2   0x00000016   Code   RO         3650    i.USBD_CtlError     usbd_ctlreq.o
    0x080031b8   0x080031b8   0x0000001e   Code   RO         3717    i.USBD_CtlPrepareRx  usbd_ioreq.o
    0x080031d6   0x080031d6   0x00000016   Code   RO         3718    i.USBD_CtlReceiveStatus  usbd_ioreq.o
    0x080031ec   0x080031ec   0x0000001a   Code   RO         3719    i.USBD_CtlSendData  usbd_ioreq.o
    0x08003206   0x08003206   0x00000016   Code   RO         3720    i.USBD_CtlSendStatus  usbd_ioreq.o
    0x0800321c   0x0800321c   0x00000020   Code   RO          541    i.USBD_FS_ConfigStrDescriptor  usbd_desc.o
    0x0800323c   0x0800323c   0x0000000c   Code   RO          542    i.USBD_FS_DeviceDescriptor  usbd_desc.o
    0x08003248   0x08003248   0x00000024   Code   RO          543    i.USBD_FS_InterfaceStrDescriptor  usbd_desc.o
    0x0800326c   0x0800326c   0x0000000c   Code   RO          544    i.USBD_FS_LangIDStrDescriptor  usbd_desc.o
    0x08003278   0x08003278   0x00000028   Code   RO          545    i.USBD_FS_ManufacturerStrDescriptor  usbd_desc.o
    0x080032a0   0x080032a0   0x0000002c   Code   RO          546    i.USBD_FS_ProductStrDescriptor  usbd_desc.o
    0x080032cc   0x080032cc   0x00000034   Code   RO          547    i.USBD_FS_SerialStrDescriptor  usbd_desc.o
    0x08003300   0x08003300   0x000000e8   Code   RO         3651    i.USBD_GetDescriptor  usbd_ctlreq.o
    0x080033e8   0x080033e8   0x00000048   Code   RO         3652    i.USBD_GetString    usbd_ctlreq.o
    0x08003430   0x08003430   0x00000018   Code   RO          691    i.USBD_Get_USB_Status  usbd_conf.o
    0x08003448   0x08003448   0x0000002a   Code   RO         3514    i.USBD_Init         usbd_core.o
    0x08003472   0x08003472   0x00000012   Code   RO          692    i.USBD_LL_ClearStallEP  usbd_conf.o
    0x08003484   0x08003484   0x00000012   Code   RO          693    i.USBD_LL_CloseEP   usbd_conf.o
    0x08003496   0x08003496   0x000000c6   Code   RO         3515    i.USBD_LL_DataInStage  usbd_core.o
    0x0800355c   0x0800355c   0x00000082   Code   RO         3516    i.USBD_LL_DataOutStage  usbd_core.o
    0x080035de   0x080035de   0x00000008   Code   RO          697    i.USBD_LL_GetRxDataSize  usbd_conf.o
    0x080035e6   0x080035e6   0x00000002   PAD
    0x080035e8   0x080035e8   0x00000080   Code   RO          698    i.USBD_LL_Init      usbd_conf.o
    0x08003668   0x08003668   0x0000001c   Code   RO          699    i.USBD_LL_IsStallEP  usbd_conf.o
    0x08003684   0x08003684   0x00000018   Code   RO          700    i.USBD_LL_OpenEP    usbd_conf.o
    0x0800369c   0x0800369c   0x00000012   Code   RO          701    i.USBD_LL_PrepareReceive  usbd_conf.o
    0x080036ae   0x080036ae   0x00000050   Code   RO         3521    i.USBD_LL_Reset     usbd_core.o
    0x080036fe   0x080036fe   0x0000000c   Code   RO         3522    i.USBD_LL_Resume    usbd_core.o
    0x0800370a   0x0800370a   0x00000018   Code   RO         3523    i.USBD_LL_SOF       usbd_core.o
    0x08003722   0x08003722   0x00000006   Code   RO         3524    i.USBD_LL_SetSpeed  usbd_core.o
    0x08003728   0x08003728   0x00000012   Code   RO          702    i.USBD_LL_SetUSBAddress  usbd_conf.o
    0x0800373a   0x0800373a   0x0000005a   Code   RO         3525    i.USBD_LL_SetupStage  usbd_core.o
    0x08003794   0x08003794   0x00000012   Code   RO          703    i.USBD_LL_StallEP   usbd_conf.o
    0x080037a6   0x080037a6   0x00000012   Code   RO          704    i.USBD_LL_Start     usbd_conf.o
    0x080037b8   0x080037b8   0x00000012   Code   RO         3526    i.USBD_LL_Suspend   usbd_core.o
    0x080037ca   0x080037ca   0x00000012   Code   RO          706    i.USBD_LL_Transmit  usbd_conf.o
    0x080037dc   0x080037dc   0x00000028   Code   RO         3653    i.USBD_ParseSetupRequest  usbd_ctlreq.o
    0x08003804   0x08003804   0x00000010   Code   RO         3527    i.USBD_RegisterClass  usbd_core.o
    0x08003814   0x08003814   0x00000016   Code   RO         3529    i.USBD_SetClassConfig  usbd_core.o
    0x0800382a   0x0800382a   0x00000002   PAD
    0x0800382c   0x0800382c   0x00000084   Code   RO         3654    i.USBD_SetConfig    usbd_ctlreq.o
    0x080038b0   0x080038b0   0x0000000a   Code   RO         3530    i.USBD_Start        usbd_core.o
    0x080038ba   0x080038ba   0x00000112   Code   RO         3655    i.USBD_StdDevReq    usbd_ctlreq.o
    0x080039cc   0x080039cc   0x00000150   Code   RO         3656    i.USBD_StdEPReq     usbd_ctlreq.o
    0x08003b1c   0x08003b1c   0x0000004e   Code   RO         3657    i.USBD_StdItfReq    usbd_ctlreq.o
    0x08003b6a   0x08003b6a   0x00000002   Code   RO          707    i.USBD_static_free  usbd_conf.o
    0x08003b6c   0x08003b6c   0x00000008   Code   RO          708    i.USBD_static_malloc  usbd_conf.o
    0x08003b74   0x08003b74   0x00000260   Code   RO         1140    i.USB_ActivateEndpoint  stm32l1xx_ll_usb.o
    0x08003dd4   0x08003dd4   0x0000010e   Code   RO         1145    i.USB_DeactivateEndpoint  stm32l1xx_ll_usb.o
    0x08003ee2   0x08003ee2   0x00000004   Code   RO         1146    i.USB_DevConnect    stm32l1xx_ll_usb.o
    0x08003ee6   0x08003ee6   0x0000001e   Code   RO         1148    i.USB_DevInit       stm32l1xx_ll_usb.o
    0x08003f04   0x08003f04   0x0000000e   Code   RO         1149    i.USB_DisableGlobalInt  stm32l1xx_ll_usb.o
    0x08003f12   0x08003f12   0x00000004   Code   RO         1150    i.USB_EP0_OutStart  stm32l1xx_ll_usb.o
    0x08003f16   0x08003f16   0x00000078   Code   RO         1151    i.USB_EPClearStall  stm32l1xx_ll_usb.o
    0x08003f8e   0x08003f8e   0x00000032   Code   RO         1152    i.USB_EPSetStall    stm32l1xx_ll_usb.o
    0x08003fc0   0x08003fc0   0x00000182   Code   RO         1153    i.USB_EPStartXfer   stm32l1xx_ll_usb.o
    0x08004142   0x08004142   0x0000000e   Code   RO         1154    i.USB_EnableGlobalInt  stm32l1xx_ll_usb.o
    0x08004150   0x08004150   0x0000000c   Code   RO          234    i.USB_LP_IRQHandler  stm32l1xx_it.o
    0x0800415c   0x0800415c   0x00000006   Code   RO         1161    i.USB_ReadInterrupts  stm32l1xx_ll_usb.o
    0x08004162   0x08004162   0x00000002   PAD
    0x08004164   0x08004164   0x0000002c   Code   RO         1162    i.USB_ReadPMA       stm32l1xx_ll_usb.o
    0x08004190   0x08004190   0x0000000c   Code   RO         1165    i.USB_SetDevAddress  stm32l1xx_ll_usb.o
    0x0800419c   0x0800419c   0x00000026   Code   RO         1168    i.USB_WritePMA      stm32l1xx_ll_usb.o
    0x080041c2   0x080041c2   0x00000002   Code   RO          235    i.UsageFault_Handler  stm32l1xx_it.o
    0x080041c4   0x080041c4   0x0000001a   Code   RO         4310    i.WS2812B_Init      ws2812b.o
    0x080041de   0x080041de   0x00000002   PAD
    0x080041e0   0x080041e0   0x00000094   Code   RO         4312    i.WS2812B_Show      ws2812b.o
    0x08004274   0x08004274   0x00000020   Code   RO         2332    i.__NVIC_SetPriority  stm32l1xx_hal_cortex.o
    0x08004294   0x08004294   0x0000000e   Code   RO         4419    i.__scatterload_copy  mc_w.l(handlers.o)
    0x080042a2   0x080042a2   0x00000002   Code   RO         4420    i.__scatterload_null  mc_w.l(handlers.o)
    0x080042a4   0x080042a4   0x0000000e   Code   RO         4421    i.__scatterload_zeroinit  mc_w.l(handlers.o)
    0x080042b2   0x080042b2   0x00000002   PAD
    0x080042b4   0x080042b4   0x00000114   Code   RO           21    i.main              main.o
    0x080043c8   0x080043c8   0x00000048   Code   RO         4217    i.setAllPixelColor  colorset.o
    0x08004410   0x08004410   0x00000019   Data   RO         3476    .constdata          system_stm32l1xx.o
    0x08004429   0x08004429   0x00000003   PAD
    0x0800442c   0x0800442c   0x00000020   Data   RO         4417    Region$$Table       anon$$obj.o


    Execution Region RW_IRAM1 (Exec base: 0x20000000, Load base: 0x0800444c, Size: 0x00001dd8, Max: 0x00008000, ABSOLUTE, COMPRESSED[0x000000ec])

    Exec Addr    Load Addr    Size         Type   Attr      Idx    E Section Name        Object

    0x20000000   COMPRESSED   0x00000020   Data   RW           24    .data               main.o
    0x20000020   COMPRESSED   0x0000001c   Data   RW          549    .data               usbd_desc.o
    0x2000003c   COMPRESSED   0x00000032   Data   RW          550    .data               usbd_desc.o
    0x2000006e   COMPRESSED   0x00000002   PAD
    0x20000070   COMPRESSED   0x00000010   Data   RW          632    .data               usbd_cdc_if.o
    0x20000080   COMPRESSED   0x0000000c   Data   RW         1362    .data               stm32l1xx_hal.o
    0x2000008c   COMPRESSED   0x00000004   Data   RW         3478    .data               system_stm32l1xx.o
    0x20000090   COMPRESSED   0x00000001   Data   RW         3658    .data               usbd_ctlreq.o
    0x20000091   COMPRESSED   0x00000003   PAD
    0x20000094   COMPRESSED   0x000000d7   Data   RW         3790    .data               usbd_cdc.o
    0x2000016b   COMPRESSED   0x00000001   PAD
    0x2000016c   COMPRESSED   0x00000038   Data   RW         3791    .data               usbd_cdc.o
    0x200001a4   COMPRESSED   0x00000014   Data   RW         3917    .data               sx127x_driver.o
    0x200001b8        -       0x000000d0   Zero   RW           22    .bss                main.o
    0x20000288        -       0x00000044   Zero   RW           23    .bss                main.o
    0x200002cc        -       0x0000029c   Zero   RW          484    .bss                usb_device.o
    0x20000568        -       0x00000200   Zero   RW          548    .bss                usbd_desc.o
    0x20000768        -       0x000007d0   Zero   RW          631    .bss                usbd_cdc_if.o
    0x20000f38        -       0x0000048c   Zero   RW          709    .bss                usbd_conf.o
    0x200013c4        -       0x00000010   Zero   RW         3915    .bss                sx127x_driver.o
    0x200013d4        -       0x00000602   Zero   RW         4313    .bss                ws2812b.o
    0x200019d6   COMPRESSED   0x00000002   PAD
    0x200019d8        -       0x00000400   Zero   RW            1    STACK               startup_stm32l151xba.o


==============================================================================

Image component sizes


      Code (inc. data)   RO Data    RW Data    ZI Data      Debug   Object Name

        72         12          0          0          0        659   colorset.o
       858         70          0         32        276     362910   main.o
        36          8        244          0       1024        812   startup_stm32l151xba.o
       162         24          0         12          0       3885   stm32l1xx_hal.o
       232         14          0          0          0      31337   stm32l1xx_hal_cortex.o
       436          8          0          0          0       3575   stm32l1xx_hal_dma.o
       452         38          0          0          0       4163   stm32l1xx_hal_gpio.o
       392         48          0          0          0       3539   stm32l1xx_hal_msp.o
      1684          0          0          0          0      10394   stm32l1xx_hal_pcd.o
        54          0          0          0          0       1729   stm32l1xx_hal_pcd_ex.o
      1708         90          0          0          0       5078   stm32l1xx_hal_rcc.o
       808          0          0          0          0       4589   stm32l1xx_hal_spi.o
      1748         36          0          0          0      18967   stm32l1xx_hal_tim.o
        66          0          0          0          0       1200   stm32l1xx_hal_tim_ex.o
        86         18          0          0          0     372783   stm32l1xx_it.o
      1600          0          0          0          0      12997   stm32l1xx_ll_usb.o
      1120        104          0         20         16      26137   sx127x_driver.o
       706         98          0          0          0       9290   sx127x_hal.o
        80         18         25          4          0       1239   system_stm32l1xx.o
        84         18          0          0        668       7183   usb_device.o
       672         16          0        271          0      12380   usbd_cdc.o
        68         16          0         16       2000       2686   usbd_cdc_if.o
       542         30          0          0       1164      13822   usbd_conf.o
       662          0          0          0          0       9519   usbd_core.o
      1186         28          0          1          0       7908   usbd_ctlreq.o
       284        104          0         78        512       5969   usbd_desc.o
       132          0          0          0          0       4360   usbd_ioreq.o
       174          8          0          0       1538       2313   ws2812b.o

    ----------------------------------------------------------------------
     16136        806        304        440       7200     941423   Object Totals
         0          0         32          0          0          0   (incl. Generated)
        32          0          3          6          2          0   (incl. Padding)

    ----------------------------------------------------------------------

      Code (inc. data)   RO Data    RW Data    ZI Data      Debug   Library Member Name

        86          0          0          0          0          0   __dczerorl2.o
         0          0          0          0          0          0   entry.o
         0          0          0          0          0          0   entry10a.o
         0          0          0          0          0          0   entry11a.o
         8          4          0          0          0          0   entry2.o
         4          0          0          0          0          0   entry5.o
         0          0          0          0          0          0   entry7b.o
         0          0          0          0          0          0   entry8b.o
         8          4          0          0          0          0   entry9a.o
        30          0          0          0          0          0   handlers.o
        36          8          0          0          0         68   init.o
         0          0          0          0          0          0   iusefp.o
        30          0          0          0          0         68   llshl.o
        32          0          0          0          0         68   llushr.o
        36          0          0          0          0         68   memcpya.o
        36          0          0          0          0        108   memseta.o
       222          0          0          0          0        100   ddiv.o
       186          0          0          0          0        176   depilogue.o
        50          0          0          0          0         76   dfixui.o
        26          0          0          0          0         76   dfltui.o
       124          0          0          0          0         88   fdiv.o
       110          0          0          0          0        168   fepilogue.o
        18          0          0          0          0         68   fflti.o

    ----------------------------------------------------------------------
      1044         16          0          0          0       1132   Library Totals
         2          0          0          0          0          0   (incl. Padding)

    ----------------------------------------------------------------------

      Code (inc. data)   RO Data    RW Data    ZI Data      Debug   Library Name

       306         16          0          0          0        380   mc_w.l
       736          0          0          0          0        752   mf_w.l

    ----------------------------------------------------------------------
      1044         16          0          0          0       1132   Library Totals

    ----------------------------------------------------------------------

==============================================================================


      Code (inc. data)   RO Data    RW Data    ZI Data      Debug   

     17180        822        304        440       7200     930931   Grand Totals
     17180        822        304        236       7200     930931   ELF Image Totals (compressed)
     17180        822        304        236          0          0   ROM Totals

==============================================================================

    Total RO  Size (Code + RO Data)                17484 (  17.07kB)
    Total RW  Size (RW Data + ZI Data)              7640 (   7.46kB)
    Total ROM Size (Code + RO Data + RW Data)      17720 (  17.30kB)

==============================================================================

